Archive member included to satisfy reference by file (symbol)

.\CortexM3\ARM_GCC_541\Debug\MuflaGLCD.a(CyLib.o)
                              .\CortexM3\ARM_GCC_541\Debug\Cm3Start.o (CyHalt)
.\CortexM3\ARM_GCC_541\Debug\MuflaGLCD.a(cyPm.o)
                              .\CortexM3\ARM_GCC_541\Debug\MuflaGLCD.a(CyLib.o) (CyPmReadStatus)
.\CortexM3\ARM_GCC_541\Debug\MuflaGLCD.a(ADC.o)
                              .\CortexM3\ARM_GCC_541\Debug\main.o (ADC_Start)
.\CortexM3\ARM_GCC_541\Debug\MuflaGLCD.a(ADC_INT.o)
                              .\CortexM3\ARM_GCC_541\Debug\MuflaGLCD.a(ADC.o) (ADC_ISR1)
.\CortexM3\ARM_GCC_541\Debug\MuflaGLCD.a(ADC_Ext_CP_Clk.o)
                              .\CortexM3\ARM_GCC_541\Debug\MuflaGLCD.a(ADC.o) (ADC_Ext_CP_Clk_SetModeRegister)
.\CortexM3\ARM_GCC_541\Debug\MuflaGLCD.a(ADC_theACLK.o)
                              .\CortexM3\ARM_GCC_541\Debug\MuflaGLCD.a(ADC.o) (ADC_theACLK_SetModeRegister)
.\CortexM3\ARM_GCC_541\Debug\MuflaGLCD.a(Reloj.o)
                              .\CortexM3\ARM_GCC_541\Debug\main.o (Reloj_StartEx)
.\CortexM3\ARM_GCC_541\Debug\MuflaGLCD.a(Thermocouple_1.o)
                              .\CortexM3\ARM_GCC_541\Debug\main.o (Thermocouple_1_GetTemperature)
.\CortexM3\ARM_GCC_541\Debug\MuflaGLCD.a(UART_1.o)
                              .\CortexM3\ARM_GCC_541\Debug\main.o (UART_1_Start)
.\CortexM3\ARM_GCC_541\Debug\MuflaGLCD.a(UART_1_IntClock.o)
                              .\CortexM3\ARM_GCC_541\Debug\MuflaGLCD.a(UART_1.o) (UART_1_IntClock_Start)
.\CortexM3\ARM_GCC_541\Debug\MuflaGLCD.a(Timer.o)
                              .\CortexM3\ARM_GCC_541\Debug\main.o (Timer_Start)
.\CortexM3\ARM_GCC_541\Debug\MuflaGLCD.a(EEPROM.o)
                              .\CortexM3\ARM_GCC_541\Debug\main.o (EEPROM_Start)
.\CortexM3\ARM_GCC_541\Debug\MuflaGLCD.a(RX1.o)
                              .\CortexM3\ARM_GCC_541\Debug\main.o (RX1_StartEx)
.\CortexM3\ARM_GCC_541\Debug\MuflaGLCD.a(SSR.o)
                              .\CortexM3\ARM_GCC_541\Debug\main.o (SSR_Write)
.\CortexM3\ARM_GCC_541\Debug\MuflaGLCD.a(DOOR.o)
                              .\CortexM3\ARM_GCC_541\Debug\main.o (DOOR_Read)
.\CortexM3\ARM_GCC_541\Debug\MuflaGLCD.a(LCD1.o)
                              .\CortexM3\ARM_GCC_541\Debug\main.o (LCD1_Write)
.\CortexM3\ARM_GCC_541\Debug\MuflaGLCD.a(LCD2.o)
                              .\CortexM3\ARM_GCC_541\Debug\main.o (LCD2_Write)
.\CortexM3\ARM_GCC_541\Debug\MuflaGLCD.a(ADC_SAR.o)
                              .\CortexM3\ARM_GCC_541\Debug\main.o (ADC_SAR_Start)
.\CortexM3\ARM_GCC_541\Debug\MuflaGLCD.a(ADC_SAR_INT.o)
                              .\CortexM3\ARM_GCC_541\Debug\MuflaGLCD.a(ADC_SAR.o) (ADC_SAR_ISR)
.\CortexM3\ARM_GCC_541\Debug\MuflaGLCD.a(ADC_SAR_IRQ.o)
                              .\CortexM3\ARM_GCC_541\Debug\main.o (ADC_SAR_IRQ_StartEx)
.\CortexM3\ARM_GCC_541\Debug\MuflaGLCD.a(ADC_SAR_theACLK.o)
                              .\CortexM3\ARM_GCC_541\Debug\MuflaGLCD.a(ADC_SAR.o) (ADC_SAR_theACLK_SetModeRegister)
.\CortexM3\ARM_GCC_541\Debug\MuflaGLCD.a(VENT1.o)
                              .\CortexM3\ARM_GCC_541\Debug\main.o (VENT1_Write)
.\CortexM3\ARM_GCC_541\Debug\MuflaGLCD.a(LCD3.o)
                              .\CortexM3\ARM_GCC_541\Debug\main.o (LCD3_Write)
.\CortexM3\ARM_GCC_541\Debug\MuflaGLCD.a(ENABLE.o)
                              .\CortexM3\ARM_GCC_541\Debug\ks0108.o (ENABLE_Write)
.\CortexM3\ARM_GCC_541\Debug\MuflaGLCD.a(CS_1.o)
                              .\CortexM3\ARM_GCC_541\Debug\ks0108.o (CS_1_Write)
.\CortexM3\ARM_GCC_541\Debug\MuflaGLCD.a(D_I.o)
                              .\CortexM3\ARM_GCC_541\Debug\ks0108.o (D_I_Write)
.\CortexM3\ARM_GCC_541\Debug\MuflaGLCD.a(R_W.o)
                              .\CortexM3\ARM_GCC_541\Debug\ks0108.o (R_W_Write)
.\CortexM3\ARM_GCC_541\Debug\MuflaGLCD.a(CS_2.o)
                              .\CortexM3\ARM_GCC_541\Debug\ks0108.o (CS_2_Write)
.\CortexM3\ARM_GCC_541\Debug\MuflaGLCD.a(RESET.o)
                              .\CortexM3\ARM_GCC_541\Debug\ks0108.o (RESET_Write)
.\CortexM3\ARM_GCC_541\Debug\MuflaGLCD.a(DB_0.o)
                              .\CortexM3\ARM_GCC_541\Debug\ks0108.o (DB_0_Write)
.\CortexM3\ARM_GCC_541\Debug\MuflaGLCD.a(DB_1.o)
                              .\CortexM3\ARM_GCC_541\Debug\ks0108.o (DB_1_Write)
.\CortexM3\ARM_GCC_541\Debug\MuflaGLCD.a(DB_2.o)
                              .\CortexM3\ARM_GCC_541\Debug\ks0108.o (DB_2_Write)
.\CortexM3\ARM_GCC_541\Debug\MuflaGLCD.a(DB_3.o)
                              .\CortexM3\ARM_GCC_541\Debug\ks0108.o (DB_3_Write)
.\CortexM3\ARM_GCC_541\Debug\MuflaGLCD.a(DB_4.o)
                              .\CortexM3\ARM_GCC_541\Debug\ks0108.o (DB_4_Write)
.\CortexM3\ARM_GCC_541\Debug\MuflaGLCD.a(DB_5.o)
                              .\CortexM3\ARM_GCC_541\Debug\ks0108.o (DB_5_Write)
.\CortexM3\ARM_GCC_541\Debug\MuflaGLCD.a(DB_6.o)
                              .\CortexM3\ARM_GCC_541\Debug\ks0108.o (DB_6_Write)
[...]
Memory Configuration

Name             Origin             Length             Attributes
rom              0x00000000         0x00040000         xr
ram              0x1fff8000         0x00010000         xrw
*default*        0x00000000         0xffffffff

Linker script and memory map

LOAD c:/program files (x86)/cypress/psoc creator/4.3/psoc creator/import/gnu/arm/5.4.1/bin/../lib/gcc/arm-none-eabi/5.4.1/armv7-m/crti.o
LOAD c:/program files (x86)/cypress/psoc creator/4.3/psoc creator/import/gnu/arm/5.4.1/bin/../lib/gcc/arm-none-eabi/5.4.1/armv7-m/crtbegin.o
LOAD c:/program files (x86)/cypress/psoc creator/4.3/psoc creator/import/gnu/arm/5.4.1/bin/../lib/gcc/arm-none-eabi/5.4.1/../../../../arm-none-eabi/lib/armv7-m/crt0.o
START GROUP
LOAD .\CortexM3\ARM_GCC_541\Debug\main.o
LOAD .\CortexM3\ARM_GCC_541\Debug\coldJnTemp.o
LOAD .\CortexM3\ARM_GCC_541\Debug\removeoffsetnoise.o
LOAD .\CortexM3\ARM_GCC_541\Debug\ks0108.o
LOAD .\CortexM3\ARM_GCC_541\Debug\Funciones.o
LOAD .\CortexM3\ARM_GCC_541\Debug\cyfitter_cfg.o
LOAD .\CortexM3\ARM_GCC_541\Debug\cymetadata.o
LOAD .\CortexM3\ARM_GCC_541\Debug\Cm3Start.o
LOAD .\CortexM3\ARM_GCC_541\Debug\MuflaGLCD.a
LOAD C:\Program Files (x86)\Cypress\PSoC Creator\4.3\PSoC Creator\psoc\content\cycomponentlibrary\CyComponentLibrary.cylib\CortexM3\ARM_GCC_541\Debug\CyComponentLibrary.a
END GROUP
START GROUP
LOAD c:/program files (x86)/cypress/psoc creator/4.3/psoc creator/import/gnu/arm/5.4.1/bin/../lib/gcc/arm-none-eabi/5.4.1/armv7-m\libgcc.a
LOAD c:/program files (x86)/cypress/psoc creator/4.3/psoc creator/import/gnu/arm/5.4.1/bin/../lib/gcc/arm-none-eabi/5.4.1/../../../../arm-none-eabi/lib/armv7-m\libg_nano.a
LOAD c:/program files (x86)/cypress/psoc creator/4.3/psoc creator/import/gnu/arm/5.4.1/bin/../lib/gcc/arm-none-eabi/5.4.1/../../../../arm-none-eabi/lib/armv7-m\libc_nano.a
END GROUP
START GROUP
LOAD c:/program files (x86)/cypress/psoc creator/4.3/psoc creator/import/gnu/arm/5.4.1/bin/../lib/gcc/arm-none-eabi/5.4.1/armv7-m\libgcc.a
LOAD c:/program files (x86)/cypress/psoc creator/4.3/psoc creator/import/gnu/arm/5.4.1/bin/../lib/gcc/arm-none-eabi/5.4.1/../../../../arm-none-eabi/lib/armv7-m\libc_nano.a
END GROUP
LOAD c:/program files (x86)/cypress/psoc creator/4.3/psoc creator/import/gnu/arm/5.4.1/bin/../lib/gcc/arm-none-eabi/5.4.1/armv7-m/crtend.o
LOAD c:/program files (x86)/cypress/psoc creator/4.3/psoc creator/import/gnu/arm/5.4.1/bin/../lib/gcc/arm-none-eabi/5.4.1/armv7-m/crtn.o
START GROUP
LOAD c:/program files (x86)/cypress/psoc creator/4.3/psoc creator/import/gnu/arm/5.4.1/bin/../lib/gcc/arm-none-eabi/5.4.1/armv7-m\libgcc.a
LOAD c:/program files (x86)/cypress/psoc creator/4.3/psoc creator/import/gnu/arm/5.4.1/bin/../lib/gcc/arm-none-eabi/5.4.1/../../../../arm-none-eabi/lib/armv7-m\libc.a
LOAD c:/program files (x86)/cypress/psoc creator/4.3/psoc creator/import/gnu/arm/5.4.1/bin/../lib/gcc/arm-none-eabi/5.4.1/../../../../arm-none-eabi/lib/armv7-m\libnosys.a
END GROUP
                0x00000000                CY_APPL_ORIGIN = 0x0
                0x00000100                CY_FLASH_ROW_SIZE = 0x100
                0x00000020                CY_ECC_ROW_SIZE = 0x20
                0x00000000                CY_EE_IN_BTLDR = 0x0
                0x00000000                CY_APPL_LOADABLE = 0x0
                0x00000800                CY_EE_SIZE = 0x800
                0x00000001                CY_APPL_NUM = 0x1
                0x00000001                CY_APPL_MAX = 0x1
                0x00000040                CY_METADATA_SIZE = 0x40
                0x00000000                CY_APPL_LOADABLE = 0x0
                0x00000000                CY_CHECKSUM_EXCLUDE_SIZE = ALIGN (0x0, CY_FLASH_ROW_SIZE)
                [!provide]                PROVIDE (__cy_heap_start, _end)
                0x00000001                PROVIDE (__cy_region_num, ((__cy_regions_end - __cy_regions) / 0x10))
                0x20008000                PROVIDE (__cy_stack, (ORIGIN (ram) + LENGTH (ram)))
                [!provide]                PROVIDE (__cy_heap_end, (__cy_stack - 0x800))

.cybootloader   0x00000000        0x0
 *(.cybootloader)
                0x00000000                appl1_start = CY_APPL_ORIGIN?CY_APPL_ORIGIN:ALIGN (CY_FLASH_ROW_SIZE)
                0x0001ff00                appl2_start = (appl1_start + ALIGN ((((LENGTH (rom) - appl1_start) - (0x2 * CY_FLASH_ROW_SIZE)) / 0x2), CY_FLASH_ROW_SIZE))
                0x00000000                appl_start = (CY_APPL_NUM == 0x1)?appl1_start:appl2_start
                0x00000000                ecc_offset = ((appl_start / CY_FLASH_ROW_SIZE) * CY_ECC_ROW_SIZE)
                0x00000000                ee_offset = (CY_APPL_LOADABLE && ! (CY_EE_IN_BTLDR))?((CY_EE_SIZE / CY_APPL_MAX) * (CY_APPL_NUM - 0x1)):0x0
                0x00000800                ee_size = (CY_APPL_LOADABLE && ! (CY_EE_IN_BTLDR))?(CY_EE_SIZE / CY_APPL_MAX):CY_EE_SIZE
                [!provide]                PROVIDE (CY_ECC_OFFSET, ecc_offset)

.text           0x00000000     0xb5bc
 CREATE_OBJECT_SYMBOLS
                0x00000000                PROVIDE (__cy_interrupt_vector, RomVectors)
 *(.romvectors)
 .romvectors    0x00000000       0x10 .\CortexM3\ARM_GCC_541\Debug\Cm3Start.o
                0x00000000                RomVectors
                0x00000001                ASSERT ((. != __cy_interrupt_vector), No interrupt vector)
                0x00000001                ASSERT (CY_APPL_ORIGIN?(SIZEOF (.cybootloader) <= CY_APPL_ORIGIN):0x1, Wrong image location)
                0x00000010                PROVIDE (__cy_reset, Reset)
 *(.text.Reset)
 .text.Reset    0x00000010       0x18 .\CortexM3\ARM_GCC_541\Debug\Cm3Start.o
                0x00000010                Reset
                0x00000001                ASSERT ((. != __cy_reset), No reset code)
 *(.dma_init)
                0x00000001                ASSERT ((((appl_start + .) <= 0x10000) || 0x1), DMA Init must be within the first 64k of flash)
 *(.text .text.* .gnu.linkonce.t.*)
 .text          0x00000028       0x5c c:/program files (x86)/cypress/psoc creator/4.3/psoc creator/import/gnu/arm/5.4.1/bin/../lib/gcc/arm-none-eabi/5.4.1/armv7-m/crtbegin.o
 .text.ADC_SAR_ISR_LOC
                0x00000084       0x1c .\CortexM3\ARM_GCC_541\Debug\main.o
                0x00000084                ADC_SAR_ISR_LOC
 .text.Reloj2   0x000000a0      0x224 .\CortexM3\ARM_GCC_541\Debug\main.o
                0x000000a0                Reloj2
 .text.inteRX1  0x000002c4       0x94 .\CortexM3\ARM_GCC_541\Debug\main.o
                0x000002c4                inteRX1
 .text.ActualizaRecta
                0x00000358       0xf4 .\CortexM3\ARM_GCC_541\Debug\main.o
                0x00000358                ActualizaRecta
 *fill*         0x0000044c        0x4 
 .text.Controla
                0x00000450      0x5fc .\CortexM3\ARM_GCC_541\Debug\main.o
                0x00000450                Controla
 .text.leeTermocupla
                0x00000a4c      0x16c .\CortexM3\ARM_GCC_541\Debug\main.o
                0x00000a4c                leeTermocupla
 .text.main     0x00000bb8     0x403c .\CortexM3\ARM_GCC_541\Debug\main.o
                0x00000bb8                main
 .text.MeasureColdJnSensorTemp
                0x00004bf4       0x90 .\CortexM3\ARM_GCC_541\Debug\coldJnTemp.o
                0x00004bf4                MeasureColdJnSensorTemp
 .text.FilterSignal
                0x00004c84       0x38 .\CortexM3\ARM_GCC_541\Debug\removeoffsetnoise.o
                0x00004c84                FilterSignal
 .text.vLcdDataWrite
                0x00004cbc       0x98 .\CortexM3\ARM_GCC_541\Debug\ks0108.o
                0x00004cbc                vLcdDataWrite
 .text.glcd_writeByte
                0x00004d54       0x48 .\CortexM3\ARM_GCC_541\Debug\ks0108.o
                0x00004d54                glcd_writeByte
 .text.glcd_update
                0x00004d9c       0x7c .\CortexM3\ARM_GCC_541\Debug\ks0108.o
                0x00004d9c                glcd_update
 .text.glcd_fillScreen
                0x00004e18       0x28 .\CortexM3\ARM_GCC_541\Debug\ks0108.o
                0x00004e18                glcd_fillScreen
 .text.glcd_init
                0x00004e40       0x84 .\CortexM3\ARM_GCC_541\Debug\ks0108.o
                0x00004e40                glcd_init
 .text.glcd_pixel
                0x00004ec4       0x48 .\CortexM3\ARM_GCC_541\Debug\ks0108.o
                0x00004ec4                glcd_pixel
 .text.glcd_line
                0x00004f0c       0xec .\CortexM3\ARM_GCC_541\Debug\ks0108.o
                0x00004f0c                glcd_line
 .text.glcd_rect
                0x00004ff8       0x84 .\CortexM3\ARM_GCC_541\Debug\ks0108.o
                0x00004ff8                glcd_rect
 .text.glcd_circle
                0x0000507c      0x124 .\CortexM3\ARM_GCC_541\Debug\ks0108.o
                0x0000507c                glcd_circle
 .text.glcd_text57
                0x000051a0      0x128 .\CortexM3\ARM_GCC_541\Debug\ks0108.o
                0x000051a0                glcd_text57
 .text.displayMenu
                0x000052c8       0xb4 .\CortexM3\ARM_GCC_541\Debug\ks0108.o
                0x000052c8                displayMenu
 .text.displayTemps
                0x0000537c      0x234 .\CortexM3\ARM_GCC_541\Debug\ks0108.o
                0x0000537c                displayTemps
 .text.displayTiempo
                0x000055b0      0x12c .\CortexM3\ARM_GCC_541\Debug\ks0108.o
                0x000055b0                displayTiempo
 .text.displayTemperatura
                0x000056dc      0x118 .\CortexM3\ARM_GCC_541\Debug\ks0108.o
                0x000056dc                displayTemperatura
 .text.glcd_imagen
                0x000057f4       0x5c .\CortexM3\ARM_GCC_541\Debug\ks0108.o
                0x000057f4                glcd_imagen
 .text.displayT
                0x00005850       0x4c .\CortexM3\ARM_GCC_541\Debug\ks0108.o
                0x00005850                displayT
 .text.displayFloat
                0x0000589c       0x54 .\CortexM3\ARM_GCC_541\Debug\ks0108.o
                0x0000589c                displayFloat
 .text.displayContrasena
                0x000058f0       0x80 .\CortexM3\ARM_GCC_541\Debug\ks0108.o
                0x000058f0                displayContrasena
 .text.extraeDecimal
                0x00005970       0x28 .\CortexM3\ARM_GCC_541\Debug\Funciones.o
                0x00005970                extraeDecimal
 .text.convert8
                0x00005998       0x14 .\CortexM3\ARM_GCC_541\Debug\Funciones.o
                0x00005998                convert8
 .text.convert16
                0x000059ac        0x8 .\CortexM3\ARM_GCC_541\Debug\Funciones.o
                0x000059ac                convert16
 *fill*         0x000059b4        0x4 
 .text.leeEEPROM
                0x000059b8      0x638 .\CortexM3\ARM_GCC_541\Debug\Funciones.o
                0x000059b8                leeEEPROM
 .text.PidePassword
                0x00005ff0      0x41c .\CortexM3\ARM_GCC_541\Debug\Funciones.o
                0x00005ff0                PidePassword
 .text.MuestraSegmento
                0x0000640c      0x51c .\CortexM3\ARM_GCC_541\Debug\Funciones.o
                0x0000640c                MuestraSegmento
 .text.CyClockStartupError
                0x00006928        0x4 .\CortexM3\ARM_GCC_541\Debug\cyfitter_cfg.o
 .text.cfg_write_bytes32
                0x0000692c       0x34 .\CortexM3\ARM_GCC_541\Debug\cyfitter_cfg.o
 .text.CYMEMZERO
                0x00006960        0xc .\CortexM3\ARM_GCC_541\Debug\cyfitter_cfg.o
 .text.AnalogSetDefault
                0x0000696c       0x84 .\CortexM3\ARM_GCC_541\Debug\cyfitter_cfg.o
 .text.CYCONFIGCPY
                0x000069f0        0x8 .\CortexM3\ARM_GCC_541\Debug\cyfitter_cfg.o
 .text.ClockSetup
                0x000069f8       0xf4 .\CortexM3\ARM_GCC_541\Debug\cyfitter_cfg.o
 .text.cyfitter_cfg
                0x00006aec      0x178 .\CortexM3\ARM_GCC_541\Debug\cyfitter_cfg.o
                0x00006aec                cyfitter_cfg
 .text.IntDefaultHandler
                0x00006c64       0x10 .\CortexM3\ARM_GCC_541\Debug\Cm3Start.o
                0x00006c64                IntDefaultHandler
 .text._sbrk    0x00006c74       0x30 .\CortexM3\ARM_GCC_541\Debug\Cm3Start.o
                0x00006c74                _sbrk
 .text.Start_c  0x00006ca4       0x4c .\CortexM3\ARM_GCC_541\Debug\Cm3Start.o
                0x00006ca4                Start_c
 .text.initialize_psoc
                0x00006cf0       0x68 .\CortexM3\ARM_GCC_541\Debug\Cm3Start.o
                0x00006cf0                initialize_psoc
 .text.CyHalt   0x00006d58        0x4 .\CortexM3\ARM_GCC_541\Debug\MuflaGLCD.a(CyLib.o)
                0x00006d58                CyHalt
 .text.CySoftwareReset
                0x00006d5c       0x10 .\CortexM3\ARM_GCC_541\Debug\MuflaGLCD.a(CyLib.o)
                0x00006d5c                CySoftwareReset
 .text.CyDelay  0x00006d6c       0x2c .\CortexM3\ARM_GCC_541\Debug\MuflaGLCD.a(CyLib.o)
                0x00006d6c                CyDelay
 .text.CyDelayUs
                0x00006d98       0x14 .\CortexM3\ARM_GCC_541\Debug\MuflaGLCD.a(CyLib.o)
                0x00006d98                CyDelayUs
 .text.CyIntSetVector
                0x00006dac       0x28 .\CortexM3\ARM_GCC_541\Debug\MuflaGLCD.a(CyLib.o)
                0x00006dac                CyIntSetVector
 .text.CyIntSetPriority
                0x00006dd4       0x30 .\CortexM3\ARM_GCC_541\Debug\MuflaGLCD.a(CyLib.o)
                0x00006dd4                CyIntSetPriority
 .text.ADC_GainCompensation
                0x00006e04       0xe0 .\CortexM3\ARM_GCC_541\Debug\MuflaGLCD.a(ADC.o)
 .text.ADC_SetDSMRef0Reg
                0x00006ee4       0x4c .\CortexM3\ARM_GCC_541\Debug\MuflaGLCD.a(ADC.o)
 .text.ADC_InitConfig
                0x00006f30      0x268 .\CortexM3\ARM_GCC_541\Debug\MuflaGLCD.a(ADC.o)
 .text.ADC_Init
                0x00007198       0xfc .\CortexM3\ARM_GCC_541\Debug\MuflaGLCD.a(ADC.o)
                0x00007198                ADC_Init
 .text.ADC_Enable
                0x00007294       0xd8 .\CortexM3\ARM_GCC_541\Debug\MuflaGLCD.a(ADC.o)
                0x00007294                ADC_Enable
 .text.ADC_Start
                0x0000736c       0x28 .\CortexM3\ARM_GCC_541\Debug\MuflaGLCD.a(ADC.o)
                0x0000736c                ADC_Start
 .text.ADC_Stop
                0x00007394       0xe4 .\CortexM3\ARM_GCC_541\Debug\MuflaGLCD.a(ADC.o)
                0x00007394                ADC_Stop
 .text.ADC_StartConvert
                0x00007478       0x10 .\CortexM3\ARM_GCC_541\Debug\MuflaGLCD.a(ADC.o)
                0x00007478                ADC_StartConvert
 .text.ADC_StopConvert
                0x00007488       0x10 .\CortexM3\ARM_GCC_541\Debug\MuflaGLCD.a(ADC.o)
                0x00007488                ADC_StopConvert
 .text.ADC_IsEndConversion
                0x00007498       0x30 .\CortexM3\ARM_GCC_541\Debug\MuflaGLCD.a(ADC.o)
                0x00007498                ADC_IsEndConversion
 .text.ADC_GetResult32
                0x000074c8       0x6c .\CortexM3\ARM_GCC_541\Debug\MuflaGLCD.a(ADC.o)
                0x000074c8                ADC_GetResult32
 .text.ADC_CountsTo_uVolts
                0x00007534       0x78 .\CortexM3\ARM_GCC_541\Debug\MuflaGLCD.a(ADC.o)
                0x00007534                ADC_CountsTo_uVolts
 .text.ADC_SelectConfiguration
                0x000075ac       0x64 .\CortexM3\ARM_GCC_541\Debug\MuflaGLCD.a(ADC.o)
                0x000075ac                ADC_SelectConfiguration
 .text.ADC_ISR1
                0x00007610        0x4 .\CortexM3\ARM_GCC_541\Debug\MuflaGLCD.a(ADC_INT.o)
                0x00007610                ADC_ISR1
 .text.ADC_ISR2
                0x00007614        0x4 .\CortexM3\ARM_GCC_541\Debug\MuflaGLCD.a(ADC_INT.o)
                0x00007614                ADC_ISR2
 .text.ADC_ISR3
                0x00007618        0x4 .\CortexM3\ARM_GCC_541\Debug\MuflaGLCD.a(ADC_INT.o)
                0x00007618                ADC_ISR3
 .text.ADC_Ext_CP_Clk_GetDividerRegister
                0x0000761c        0xc .\CortexM3\ARM_GCC_541\Debug\MuflaGLCD.a(ADC_Ext_CP_Clk.o)
                0x0000761c                ADC_Ext_CP_Clk_GetDividerRegister
 .text.ADC_Ext_CP_Clk_SetModeRegister
                0x00007628       0x14 .\CortexM3\ARM_GCC_541\Debug\MuflaGLCD.a(ADC_Ext_CP_Clk.o)
                0x00007628                ADC_Ext_CP_Clk_SetModeRegister
 .text.ADC_Ext_CP_Clk_GetSourceRegister
                0x0000763c       0x10 .\CortexM3\ARM_GCC_541\Debug\MuflaGLCD.a(ADC_Ext_CP_Clk.o)
                0x0000763c                ADC_Ext_CP_Clk_GetSourceRegister
 .text.ADC_Ext_CP_Clk_SetDividerRegister
                0x0000764c       0xd8 .\CortexM3\ARM_GCC_541\Debug\MuflaGLCD.a(ADC_Ext_CP_Clk.o)
                0x0000764c                ADC_Ext_CP_Clk_SetDividerRegister
 .text.ADC_theACLK_GetDividerRegister
                0x00007724        0xc .\CortexM3\ARM_GCC_541\Debug\MuflaGLCD.a(ADC_theACLK.o)
                0x00007724                ADC_theACLK_GetDividerRegister
 .text.ADC_theACLK_SetModeRegister
                0x00007730       0x14 .\CortexM3\ARM_GCC_541\Debug\MuflaGLCD.a(ADC_theACLK.o)
                0x00007730                ADC_theACLK_SetModeRegister
 .text.ADC_theACLK_GetSourceRegister
                0x00007744       0x10 .\CortexM3\ARM_GCC_541\Debug\MuflaGLCD.a(ADC_theACLK.o)
                0x00007744                ADC_theACLK_GetSourceRegister
 .text.ADC_theACLK_SetDividerRegister
                0x00007754       0xdc .\CortexM3\ARM_GCC_541\Debug\MuflaGLCD.a(ADC_theACLK.o)
                0x00007754                ADC_theACLK_SetDividerRegister
 .text.Reloj_SetVector
                0x00007830        0xc .\CortexM3\ARM_GCC_541\Debug\MuflaGLCD.a(Reloj.o)
                0x00007830                Reloj_SetVector
 .text.Reloj_SetPriority
                0x0000783c       0x10 .\CortexM3\ARM_GCC_541\Debug\MuflaGLCD.a(Reloj.o)
                0x0000783c                Reloj_SetPriority
 .text.Reloj_Enable
                0x0000784c        0xc .\CortexM3\ARM_GCC_541\Debug\MuflaGLCD.a(Reloj.o)
                0x0000784c                Reloj_Enable
 .text.Reloj_Disable
                0x00007858        0xc .\CortexM3\ARM_GCC_541\Debug\MuflaGLCD.a(Reloj.o)
                0x00007858                Reloj_Disable
 .text.Reloj_StartEx
                0x00007864       0x1c .\CortexM3\ARM_GCC_541\Debug\MuflaGLCD.a(Reloj.o)
                0x00007864                Reloj_StartEx
 .text.Thermocouple_1_MultShift24
                0x00007880       0x38 .\CortexM3\ARM_GCC_541\Debug\MuflaGLCD.a(Thermocouple_1.o)
                0x00007880                Thermocouple_1_MultShift24
 .text.Thermocouple_1_GetTemperature
                0x000078b8       0xec .\CortexM3\ARM_GCC_541\Debug\MuflaGLCD.a(Thermocouple_1.o)
                0x000078b8                Thermocouple_1_GetTemperature
 .text.Thermocouple_1_GetVoltage
                0x000079a4       0x54 .\CortexM3\ARM_GCC_541\Debug\MuflaGLCD.a(Thermocouple_1.o)
                0x000079a4                Thermocouple_1_GetVoltage
 .text.UART_1_Init
                0x000079f8       0x24 .\CortexM3\ARM_GCC_541\Debug\MuflaGLCD.a(UART_1.o)
                0x000079f8                UART_1_Init
 .text.UART_1_Enable
                0x00007a1c       0x38 .\CortexM3\ARM_GCC_541\Debug\MuflaGLCD.a(UART_1.o)
                0x00007a1c                UART_1_Enable
 .text.UART_1_Start
                0x00007a54       0x1c .\CortexM3\ARM_GCC_541\Debug\MuflaGLCD.a(UART_1.o)
                0x00007a54                UART_1_Start
 .text.UART_1_ReadRxData
                0x00007a70        0xc .\CortexM3\ARM_GCC_541\Debug\MuflaGLCD.a(UART_1.o)
                0x00007a70                UART_1_ReadRxData
 .text.UART_1_ReadRxStatus
                0x00007a7c       0x10 .\CortexM3\ARM_GCC_541\Debug\MuflaGLCD.a(UART_1.o)
                0x00007a7c                UART_1_ReadRxStatus
 .text.UART_1_GetByte
                0x00007a8c       0x14 .\CortexM3\ARM_GCC_541\Debug\MuflaGLCD.a(UART_1.o)
                0x00007a8c                UART_1_GetByte
 .text.UART_1_IntClock_Start
                0x00007aa0       0x1c .\CortexM3\ARM_GCC_541\Debug\MuflaGLCD.a(UART_1_IntClock.o)
                0x00007aa0                UART_1_IntClock_Start
 .text.Timer_Enable
                0x00007abc       0x28 .\CortexM3\ARM_GCC_541\Debug\MuflaGLCD.a(Timer.o)
                0x00007abc                Timer_Enable
 .text.Timer_SetInterruptMode
                0x00007ae4        0xc .\CortexM3\ARM_GCC_541\Debug\MuflaGLCD.a(Timer.o)
                0x00007ae4                Timer_SetInterruptMode
 .text.Timer_WritePeriod
                0x00007af0        0xc .\CortexM3\ARM_GCC_541\Debug\MuflaGLCD.a(Timer.o)
                0x00007af0                Timer_WritePeriod
 .text.Timer_WriteCounter
                0x00007afc        0xc .\CortexM3\ARM_GCC_541\Debug\MuflaGLCD.a(Timer.o)
                0x00007afc                Timer_WriteCounter
 .text.Timer_Init
                0x00007b08       0x68 .\CortexM3\ARM_GCC_541\Debug\MuflaGLCD.a(Timer.o)
                0x00007b08                Timer_Init
 .text.Timer_Start
                0x00007b70       0x1c .\CortexM3\ARM_GCC_541\Debug\MuflaGLCD.a(Timer.o)
                0x00007b70                Timer_Start
 .text.EEPROM_Enable
                0x00007b8c        0xc .\CortexM3\ARM_GCC_541\Debug\MuflaGLCD.a(EEPROM.o)
                0x00007b8c                EEPROM_Enable
 .text.EEPROM_Start
                0x00007b98        0x8 .\CortexM3\ARM_GCC_541\Debug\MuflaGLCD.a(EEPROM.o)
                0x00007b98                EEPROM_Start
 .text.EEPROM_WriteByte
                0x00007ba0       0xd0 .\CortexM3\ARM_GCC_541\Debug\MuflaGLCD.a(EEPROM.o)
                0x00007ba0                EEPROM_WriteByte
 .text.EEPROM_ReadByte
                0x00007c70       0x28 .\CortexM3\ARM_GCC_541\Debug\MuflaGLCD.a(EEPROM.o)
                0x00007c70                EEPROM_ReadByte
 .text.RX1_SetVector
                0x00007c98        0xc .\CortexM3\ARM_GCC_541\Debug\MuflaGLCD.a(RX1.o)
                0x00007c98                RX1_SetVector
 .text.RX1_SetPriority
                0x00007ca4       0x10 .\CortexM3\ARM_GCC_541\Debug\MuflaGLCD.a(RX1.o)
                0x00007ca4                RX1_SetPriority
 .text.RX1_Enable
                0x00007cb4        0xc .\CortexM3\ARM_GCC_541\Debug\MuflaGLCD.a(RX1.o)
                0x00007cb4                RX1_Enable
 .text.RX1_Disable
                0x00007cc0        0xc .\CortexM3\ARM_GCC_541\Debug\MuflaGLCD.a(RX1.o)
                0x00007cc0                RX1_Disable
 .text.RX1_StartEx
                0x00007ccc       0x1c .\CortexM3\ARM_GCC_541\Debug\MuflaGLCD.a(RX1.o)
                0x00007ccc                RX1_StartEx
 .text.SSR_Write
                0x00007ce8       0x18 .\CortexM3\ARM_GCC_541\Debug\MuflaGLCD.a(SSR.o)
                0x00007ce8                SSR_Write
 .text.DOOR_Read
                0x00007d00       0x10 .\CortexM3\ARM_GCC_541\Debug\MuflaGLCD.a(DOOR.o)
                0x00007d00                DOOR_Read
 .text.LCD1_Write
                0x00007d10       0x18 .\CortexM3\ARM_GCC_541\Debug\MuflaGLCD.a(LCD1.o)
                0x00007d10                LCD1_Write
 .text.LCD2_Write
                0x00007d28       0x18 .\CortexM3\ARM_GCC_541\Debug\MuflaGLCD.a(LCD2.o)
                0x00007d28                LCD2_Write
 .text.ADC_SAR_CalcGain
                0x00007d40       0x5c .\CortexM3\ARM_GCC_541\Debug\MuflaGLCD.a(ADC_SAR.o)
 .text.ADC_SAR_Enable
                0x00007d9c       0x94 .\CortexM3\ARM_GCC_541\Debug\MuflaGLCD.a(ADC_SAR.o)
                0x00007d9c                ADC_SAR_Enable
 .text.ADC_SAR_SetResolution
                0x00007e30       0x38 .\CortexM3\ARM_GCC_541\Debug\MuflaGLCD.a(ADC_SAR.o)
                0x00007e30                ADC_SAR_SetResolution
 .text.ADC_SAR_Init
                0x00007e68       0x3c .\CortexM3\ARM_GCC_541\Debug\MuflaGLCD.a(ADC_SAR.o)
                0x00007e68                ADC_SAR_Init
 .text.ADC_SAR_Start
                0x00007ea4       0x1c .\CortexM3\ARM_GCC_541\Debug\MuflaGLCD.a(ADC_SAR.o)
                0x00007ea4                ADC_SAR_Start
 .text.ADC_SAR_StartConvert
                0x00007ec0       0x10 .\CortexM3\ARM_GCC_541\Debug\MuflaGLCD.a(ADC_SAR.o)
                0x00007ec0                ADC_SAR_StartConvert
 .text.ADC_SAR_CountsTo_mVolts
                0x00007ed0       0x58 .\CortexM3\ARM_GCC_541\Debug\MuflaGLCD.a(ADC_SAR.o)
                0x00007ed0                ADC_SAR_CountsTo_mVolts
 .text.ADC_SAR_ISR
                0x00007f28        0x4 .\CortexM3\ARM_GCC_541\Debug\MuflaGLCD.a(ADC_SAR_INT.o)
                0x00007f28                ADC_SAR_ISR
 .text.ADC_SAR_IRQ_SetVector
                0x00007f2c        0xc .\CortexM3\ARM_GCC_541\Debug\MuflaGLCD.a(ADC_SAR_IRQ.o)
                0x00007f2c                ADC_SAR_IRQ_SetVector
 .text.ADC_SAR_IRQ_SetPriority
                0x00007f38       0x10 .\CortexM3\ARM_GCC_541\Debug\MuflaGLCD.a(ADC_SAR_IRQ.o)
                0x00007f38                ADC_SAR_IRQ_SetPriority
 .text.ADC_SAR_IRQ_Enable
                0x00007f48        0xc .\CortexM3\ARM_GCC_541\Debug\MuflaGLCD.a(ADC_SAR_IRQ.o)
                0x00007f48                ADC_SAR_IRQ_Enable
 .text.ADC_SAR_IRQ_Disable
                0x00007f54        0xc .\CortexM3\ARM_GCC_541\Debug\MuflaGLCD.a(ADC_SAR_IRQ.o)
                0x00007f54                ADC_SAR_IRQ_Disable
 .text.ADC_SAR_IRQ_StartEx
                0x00007f60       0x1c .\CortexM3\ARM_GCC_541\Debug\MuflaGLCD.a(ADC_SAR_IRQ.o)
                0x00007f60                ADC_SAR_IRQ_StartEx
 .text.ADC_SAR_theACLK_SetModeRegister
                0x00007f7c       0x14 .\CortexM3\ARM_GCC_541\Debug\MuflaGLCD.a(ADC_SAR_theACLK.o)
                0x00007f7c                ADC_SAR_theACLK_SetModeRegister
 .text.VENT1_Write
                0x00007f90       0x18 .\CortexM3\ARM_GCC_541\Debug\MuflaGLCD.a(VENT1.o)
                0x00007f90                VENT1_Write
 .text.LCD3_Write
                0x00007fa8       0x18 .\CortexM3\ARM_GCC_541\Debug\MuflaGLCD.a(LCD3.o)
                0x00007fa8                LCD3_Write
 .text.ENABLE_Write
                0x00007fc0       0x18 .\CortexM3\ARM_GCC_541\Debug\MuflaGLCD.a(ENABLE.o)
                0x00007fc0                ENABLE_Write
 .text.CS_1_Write
                0x00007fd8       0x18 .\CortexM3\ARM_GCC_541\Debug\MuflaGLCD.a(CS_1.o)
                0x00007fd8                CS_1_Write
 .text.D_I_Write
                0x00007ff0       0x18 .\CortexM3\ARM_GCC_541\Debug\MuflaGLCD.a(D_I.o)
                0x00007ff0                D_I_Write
 .text.R_W_Write
                0x00008008       0x18 .\CortexM3\ARM_GCC_541\Debug\MuflaGLCD.a(R_W.o)
                0x00008008                R_W_Write
 .text.CS_2_Write
                0x00008020       0x18 .\CortexM3\ARM_GCC_541\Debug\MuflaGLCD.a(CS_2.o)
                0x00008020                CS_2_Write
 .text.RESET_Write
                0x00008038       0x18 .\CortexM3\ARM_GCC_541\Debug\MuflaGLCD.a(RESET.o)
                0x00008038                RESET_Write
 .text.DB_0_Write
                0x00008050       0x18 .\CortexM3\ARM_GCC_541\Debug\MuflaGLCD.a(DB_0.o)
                0x00008050                DB_0_Write
 .text.DB_1_Write
                0x00008068       0x18 .\CortexM3\ARM_GCC_541\Debug\MuflaGLCD.a(DB_1.o)
                0x00008068                DB_1_Write
 .text.DB_2_Write
                0x00008080       0x18 .\CortexM3\ARM_GCC_541\Debug\MuflaGLCD.a(DB_2.o)
                0x00008080                DB_2_Write
 .text.DB_3_Write
                0x00008098       0x18 .\CortexM3\ARM_GCC_541\Debug\MuflaGLCD.a(DB_3.o)
                0x00008098                DB_3_Write
 .text.DB_4_Write
                0x000080b0       0x18 .\CortexM3\ARM_GCC_541\Debug\MuflaGLCD.a(DB_4.o)
                0x000080b0                DB_4_Write
 .text.DB_5_Write
                0x000080c8       0x18 .\CortexM3\ARM_GCC_541\Debug\MuflaGLCD.a(DB_5.o)
                0x000080c8                DB_5_Write
 .text.DB_6_Write
                0x000080e0       0x18 .\CortexM3\ARM_GCC_541\Debug\MuflaGLCD.a(DB_6.o)
                0x000080e0                DB_6_Write
 .text.DB_7_Write
                0x000080f8       0x18 .\CortexM3\ARM_GCC_541\Debug\MuflaGLCD.a(DB_7.o)
                0x000080f8                DB_7_Write
 .text.UP_Read  0x00008110       0x10 .\CortexM3\ARM_GCC_541\Debug\MuflaGLCD.a(UP.o)
                0x00008110                UP_Read
 .text.DOWN_Read
                0x00008120       0x10 .\CortexM3\ARM_GCC_541\Debug\MuflaGLCD.a(DOWN.o)
                0x00008120                DOWN_Read
 .text.RIGHT_Read
                0x00008130       0x10 .\CortexM3\ARM_GCC_541\Debug\MuflaGLCD.a(RIGHT.o)
                0x00008130                RIGHT_Read
 .text.LEFT_Read
                0x00008140       0x10 .\CortexM3\ARM_GCC_541\Debug\MuflaGLCD.a(LEFT.o)
                0x00008140                LEFT_Read
 .text.BUZZER_Write
                0x00008150       0x18 .\CortexM3\ARM_GCC_541\Debug\MuflaGLCD.a(BUZZER.o)
                0x00008150                BUZZER_Write
 .text          0x00008168       0x20 .\CortexM3\ARM_GCC_541\Debug\MuflaGLCD.a(CyBootAsmGnu.o)
                0x00008168                CyDelayCycles
                0x00008178                CyEnterCriticalSection
                0x00008180                CyExitCriticalSection
 .text.CySetTempInt
                0x00008188       0x60 .\CortexM3\ARM_GCC_541\Debug\MuflaGLCD.a(CyFlash.o)
 .text.CyFlashGetSpcAlgorithm
                0x000081e8       0x4c .\CortexM3\ARM_GCC_541\Debug\MuflaGLCD.a(CyFlash.o)
                0x000081e8                CyFlashGetSpcAlgorithm
 .text.CySetTemp
                0x00008234       0x14 .\CortexM3\ARM_GCC_541\Debug\MuflaGLCD.a(CyFlash.o)
                0x00008234                CySetTemp
 .text.CyEEPROM_Start
                0x00008248       0x54 .\CortexM3\ARM_GCC_541\Debug\MuflaGLCD.a(CyFlash.o)
                0x00008248                CyEEPROM_Start
 .text.CyEEPROM_ReadReserve
                0x0000829c       0x1c .\CortexM3\ARM_GCC_541\Debug\MuflaGLCD.a(CyFlash.o)
                0x0000829c                CyEEPROM_ReadReserve
 .text.CyEEPROM_ReadRelease
                0x000082b8       0x10 .\CortexM3\ARM_GCC_541\Debug\MuflaGLCD.a(CyFlash.o)
                0x000082b8                CyEEPROM_ReadRelease
 .text.CySpcStart
                0x000082c8       0x24 .\CortexM3\ARM_GCC_541\Debug\MuflaGLCD.a(CySpc.o)
                0x000082c8                CySpcStart
 .text.CySpcReadData
                0x000082ec       0x34 .\CortexM3\ARM_GCC_541\Debug\MuflaGLCD.a(CySpc.o)
                0x000082ec                CySpcReadData
 .text.CySpcLoadMultiByte
                0x00008320       0x78 .\CortexM3\ARM_GCC_541\Debug\MuflaGLCD.a(CySpc.o)
                0x00008320                CySpcLoadMultiByte
 .text.CySpcWriteRow
                0x00008398       0x4c .\CortexM3\ARM_GCC_541\Debug\MuflaGLCD.a(CySpc.o)
                0x00008398                CySpcWriteRow
 .text.CySpcGetTemp
                0x000083e4       0x3c .\CortexM3\ARM_GCC_541\Debug\MuflaGLCD.a(CySpc.o)
                0x000083e4                CySpcGetTemp
 .text.CySpcLock
                0x00008420       0x4c .\CortexM3\ARM_GCC_541\Debug\MuflaGLCD.a(CySpc.o)
                0x00008420                CySpcLock
 .text.CySpcUnlock
                0x0000846c       0x38 .\CortexM3\ARM_GCC_541\Debug\MuflaGLCD.a(CySpc.o)
                0x0000846c                CySpcUnlock
 .text.CySpcGetAlgorithm
                0x000084a4       0x28 .\CortexM3\ARM_GCC_541\Debug\MuflaGLCD.a(CySpc.o)
                0x000084a4                CySpcGetAlgorithm
 .text          0x000084cc      0x370 c:/program files (x86)/cypress/psoc creator/4.3/psoc creator/import/gnu/arm/5.4.1/bin/../lib/gcc/arm-none-eabi/5.4.1/armv7-m\libgcc.a(_arm_addsubdf3.o)
                0x000084cc                __aeabi_drsub
                0x000084d4                __aeabi_dsub
                0x000084d4                __subdf3
                0x000084d8                __aeabi_dadd
                0x000084d8                __adddf3
                0x00008750                __floatunsidf
                0x00008750                __aeabi_ui2d
                0x00008770                __floatsidf
                0x00008770                __aeabi_i2d
                0x00008794                __aeabi_f2d
                0x00008794                __extendsfdf2
                0x000087d0                __floatundidf
                0x000087d0                __aeabi_ul2d
                0x000087e0                __floatdidf
                0x000087e0                __aeabi_l2d
 .text          0x0000883c      0x424 c:/program files (x86)/cypress/psoc creator/4.3/psoc creator/import/gnu/arm/5.4.1/bin/../lib/gcc/arm-none-eabi/5.4.1/armv7-m\libgcc.a(_arm_muldivdf3.o)
                0x0000883c                __aeabi_dmul
                0x0000883c                __muldf3
                0x00008a90                __divdf3
                0x00008a90                __aeabi_ddiv
 .text          0x00008c60      0x110 c:/program files (x86)/cypress/psoc creator/4.3/psoc creator/import/gnu/arm/5.4.1/bin/../lib/gcc/arm-none-eabi/5.4.1/armv7-m\libgcc.a(_arm_cmpdf2.o)
                0x00008c60                __gtdf2
                0x00008c60                __gedf2
                0x00008c68                __ltdf2
                0x00008c68                __ledf2
                0x00008c70                __nedf2
                0x00008c70                __eqdf2
                0x00008c70                __cmpdf2
                0x00008cec                __aeabi_cdrcmple
                0x00008cfc                __aeabi_cdcmpeq
                0x00008cfc                __aeabi_cdcmple
                0x00008d0c                __aeabi_dcmpeq
                0x00008d20                __aeabi_dcmplt
                0x00008d34                __aeabi_dcmple
                0x00008d48                __aeabi_dcmpge
                0x00008d5c                __aeabi_dcmpgt
 .text          0x00008d70       0x40 c:/program files (x86)/cypress/psoc creator/4.3/psoc creator/import/gnu/arm/5.4.1/bin/../lib/gcc/arm-none-eabi/5.4.1/armv7-m\libgcc.a(_arm_fixunsdfsi.o)
                0x00008d70                __aeabi_d2uiz
                0x00008d70                __fixunsdfsi
 .text          0x00008db0       0xa0 c:/program files (x86)/cypress/psoc creator/4.3/psoc creator/import/gnu/arm/5.4.1/bin/../lib/gcc/arm-none-eabi/5.4.1/armv7-m\libgcc.a(_arm_truncdfsf2.o)
                0x00008db0                __truncdfsf2
                0x00008db0                __aeabi_d2f
 .text          0x00008e50      0x21c c:/program files (x86)/cypress/psoc creator/4.3/psoc creator/import/gnu/arm/5.4.1/bin/../lib/gcc/arm-none-eabi/5.4.1/armv7-m\libgcc.a(_arm_addsubsf3.o)
                0x00008e50                __aeabi_frsub
                0x00008e58                __subsf3
                0x00008e58                __aeabi_fsub
                0x00008e5c                __aeabi_fadd
                0x00008e5c                __addsf3
                0x00008fbc                __aeabi_ui2f
                0x00008fbc                __floatunsisf
                0x00008fc4                __aeabi_i2f
                0x00008fc4                __floatsisf
                0x00008fe0                __aeabi_ul2f
                0x00008fe0                __floatundisf
                0x00008ff0                __aeabi_l2f
                0x00008ff0                __floatdisf
 .text          0x0000906c      0x2a0 c:/program files (x86)/cypress/psoc creator/4.3/psoc creator/import/gnu/arm/5.4.1/bin/../lib/gcc/arm-none-eabi/5.4.1/armv7-m\libgcc.a(_arm_muldivsf3.o)
                0x0000906c                __mulsf3
                0x0000906c                __aeabi_fmul
                0x000091d4                __aeabi_fdiv
                0x000091d4                __divsf3
 .text          0x0000930c       0xec c:/program files (x86)/cypress/psoc creator/4.3/psoc creator/import/gnu/arm/5.4.1/bin/../lib/gcc/arm-none-eabi/5.4.1/armv7-m\libgcc.a(_arm_cmpsf2.o)
                0x0000930c                __gesf2
                0x0000930c                __gtsf2
                0x00009314                __lesf2
                0x00009314                __ltsf2
                0x0000931c                __nesf2
                0x0000931c                __eqsf2
                0x0000931c                __cmpsf2
                0x0000937c                __aeabi_cfrcmple
                0x00009384                __aeabi_cfcmpeq
                0x00009384                __aeabi_cfcmple
                0x00009394                __aeabi_fcmpeq
                0x000093a8                __aeabi_fcmplt
                0x000093bc                __aeabi_fcmple
                0x000093d0                __aeabi_fcmpge
                0x000093e4                __aeabi_fcmpgt
 .text          0x000093f8       0x4c c:/program files (x86)/cypress/psoc creator/4.3/psoc creator/import/gnu/arm/5.4.1/bin/../lib/gcc/arm-none-eabi/5.4.1/armv7-m\libgcc.a(_arm_fixsfsi.o)
                0x000093f8                __aeabi_f2iz
                0x000093f8                __fixsfsi
 .text          0x00009444       0x40 c:/program files (x86)/cypress/psoc creator/4.3/psoc creator/import/gnu/arm/5.4.1/bin/../lib/gcc/arm-none-eabi/5.4.1/armv7-m\libgcc.a(_arm_fixunssfsi.o)
                0x00009444                __fixunssfsi
                0x00009444                __aeabi_f2uiz
 .text.__errno  0x00009484        0xc c:/program files (x86)/cypress/psoc creator/4.3/psoc creator/import/gnu/arm/5.4.1/bin/../lib/gcc/arm-none-eabi/5.4.1/../../../../arm-none-eabi/lib/armv7-m\libg_nano.a(lib_a-errno.o)
                0x00009484                __errno
 .text.__libc_init_array
                0x00009490       0x4c c:/program files (x86)/cypress/psoc creator/4.3/psoc creator/import/gnu/arm/5.4.1/bin/../lib/gcc/arm-none-eabi/5.4.1/../../../../arm-none-eabi/lib/armv7-m\libg_nano.a(lib_a-init.o)
                0x00009490                __libc_init_array
 .text.memcpy   0x000094dc       0x16 c:/program files (x86)/cypress/psoc creator/4.3/psoc creator/import/gnu/arm/5.4.1/bin/../lib/gcc/arm-none-eabi/5.4.1/../../../../arm-none-eabi/lib/armv7-m\libg_nano.a(lib_a-memcpy-stub.o)
                0x000094dc                memcpy
 .text.memset   0x000094f2       0x10 c:/program files (x86)/cypress/psoc creator/4.3/psoc creator/import/gnu/arm/5.4.1/bin/../lib/gcc/arm-none-eabi/5.4.1/../../../../arm-none-eabi/lib/armv7-m\libg_nano.a(lib_a-memset.o)
                0x000094f2                memset
 .text.__cvt    0x00009502       0xc0 c:/program files (x86)/cypress/psoc creator/4.3/psoc creator/import/gnu/arm/5.4.1/bin/../lib/gcc/arm-none-eabi/5.4.1/../../../../arm-none-eabi/lib/armv7-m\libg_nano.a(lib_a-nano-vfprintf_float.o)
                0x00009502                __cvt
 .text.__exponent
                0x000095c2       0x62 c:/program files (x86)/cypress/psoc creator/4.3/psoc creator/import/gnu/arm/5.4.1/bin/../lib/gcc/arm-none-eabi/5.4.1/../../../../arm-none-eabi/lib/armv7-m\libg_nano.a(lib_a-nano-vfprintf_float.o)
                0x000095c2                __exponent
 .text._printf_float
                0x00009624      0x488 c:/program files (x86)/cypress/psoc creator/4.3/psoc creator/import/gnu/arm/5.4.1/bin/../lib/gcc/arm-none-eabi/5.4.1/../../../../arm-none-eabi/lib/armv7-m\libg_nano.a(lib_a-nano-vfprintf_float.o)
                0x00009624                _printf_float
 .text._printf_common
                0x00009aac       0xec c:/program files (x86)/cypress/psoc creator/4.3/psoc creator/import/gnu/arm/5.4.1/bin/../lib/gcc/arm-none-eabi/5.4.1/../../../../arm-none-eabi/lib/armv7-m\libg_nano.a(lib_a-nano-vfprintf_i.o)
                0x00009aac                _printf_common
 .text._printf_i
                0x00009b98      0x24c c:/program files (x86)/cypress/psoc creator/4.3/psoc creator/import/gnu/arm/5.4.1/bin/../lib/gcc/arm-none-eabi/5.4.1/../../../../arm-none-eabi/lib/armv7-m\libg_nano.a(lib_a-nano-vfprintf_i.o)
                0x00009b98                _printf_i
 .text.sprintf  0x00009de4       0x48 c:/program files (x86)/cypress/psoc creator/4.3/psoc creator/import/gnu/arm/5.4.1/bin/../lib/gcc/arm-none-eabi/5.4.1/../../../../arm-none-eabi/lib/armv7-m\libg_nano.a(lib_a-sprintf.o)
                0x00009de4                siprintf
                0x00009de4                sprintf
 .text.strcpy   0x00009e2c       0x10 c:/program files (x86)/cypress/psoc creator/4.3/psoc creator/import/gnu/arm/5.4.1/bin/../lib/gcc/arm-none-eabi/5.4.1/../../../../arm-none-eabi/lib/armv7-m\libg_nano.a(lib_a-strcpy.o)
                0x00009e2c                strcpy
 .text          0x00009e3c       0x10 c:/program files (x86)/cypress/psoc creator/4.3/psoc creator/import/gnu/arm/5.4.1/bin/../lib/gcc/arm-none-eabi/5.4.1/../../../../arm-none-eabi/lib/armv7-m\libg_nano.a(lib_a-strlen.o)
                0x00009e3c                strlen
 .text.quorem   0x00009e4c      0x116 c:/program files (x86)/cypress/psoc creator/4.3/psoc creator/import/gnu/arm/5.4.1/bin/../lib/gcc/arm-none-eabi/5.4.1/../../../../arm-none-eabi/lib/armv7-m\libg_nano.a(lib_a-dtoa.o)
 *fill*         0x00009f62        0x6 
 .text._dtoa_r  0x00009f68      0xb30 c:/program files (x86)/cypress/psoc creator/4.3/psoc creator/import/gnu/arm/5.4.1/bin/../lib/gcc/arm-none-eabi/5.4.1/../../../../arm-none-eabi/lib/armv7-m\libg_nano.a(lib_a-dtoa.o)
                0x00009f68                _dtoa_r
 .text._localeconv_r
                0x0000aa98        0x8 c:/program files (x86)/cypress/psoc creator/4.3/psoc creator/import/gnu/arm/5.4.1/bin/../lib/gcc/arm-none-eabi/5.4.1/../../../../arm-none-eabi/lib/armv7-m\libg_nano.a(lib_a-locale.o)
                0x0000aa98                _localeconv_r
 .text.malloc   0x0000aaa0       0x10 c:/program files (x86)/cypress/psoc creator/4.3/psoc creator/import/gnu/arm/5.4.1/bin/../lib/gcc/arm-none-eabi/5.4.1/../../../../arm-none-eabi/lib/armv7-m\libg_nano.a(lib_a-malloc.o)
                0x0000aaa0                malloc
 .text.memchr   0x0000aab0       0x1c c:/program files (x86)/cypress/psoc creator/4.3/psoc creator/import/gnu/arm/5.4.1/bin/../lib/gcc/arm-none-eabi/5.4.1/../../../../arm-none-eabi/lib/armv7-m\libg_nano.a(lib_a-memchr-stub.o)
                0x0000aab0                memchr
 .text._Balloc  0x0000aacc       0x6a c:/program files (x86)/cypress/psoc creator/4.3/psoc creator/import/gnu/arm/5.4.1/bin/../lib/gcc/arm-none-eabi/5.4.1/../../../../arm-none-eabi/lib/armv7-m\libg_nano.a(lib_a-mprec.o)
                0x0000aacc                _Balloc
 .text._Bfree   0x0000ab36       0x2e c:/program files (x86)/cypress/psoc creator/4.3/psoc creator/import/gnu/arm/5.4.1/bin/../lib/gcc/arm-none-eabi/5.4.1/../../../../arm-none-eabi/lib/armv7-m\libg_nano.a(lib_a-mprec.o)
                0x0000ab36                _Bfree
 .text.__multadd
                0x0000ab64       0x76 c:/program files (x86)/cypress/psoc creator/4.3/psoc creator/import/gnu/arm/5.4.1/bin/../lib/gcc/arm-none-eabi/5.4.1/../../../../arm-none-eabi/lib/armv7-m\libg_nano.a(lib_a-mprec.o)
                0x0000ab64                __multadd
 .text.__hi0bits
                0x0000abda       0x40 c:/program files (x86)/cypress/psoc creator/4.3/psoc creator/import/gnu/arm/5.4.1/bin/../lib/gcc/arm-none-eabi/5.4.1/../../../../arm-none-eabi/lib/armv7-m\libg_nano.a(lib_a-mprec.o)
                0x0000abda                __hi0bits
 .text.__lo0bits
                0x0000ac1a       0x5a c:/program files (x86)/cypress/psoc creator/4.3/psoc creator/import/gnu/arm/5.4.1/bin/../lib/gcc/arm-none-eabi/5.4.1/../../../../arm-none-eabi/lib/armv7-m\libg_nano.a(lib_a-mprec.o)
                0x0000ac1a                __lo0bits
 .text.__i2b    0x0000ac74       0x12 c:/program files (x86)/cypress/psoc creator/4.3/psoc creator/import/gnu/arm/5.4.1/bin/../lib/gcc/arm-none-eabi/5.4.1/../../../../arm-none-eabi/lib/armv7-m\libg_nano.a(lib_a-mprec.o)
                0x0000ac74                __i2b
 .text.__multiply
                0x0000ac86      0x120 c:/program files (x86)/cypress/psoc creator/4.3/psoc creator/import/gnu/arm/5.4.1/bin/../lib/gcc/arm-none-eabi/5.4.1/../../../../arm-none-eabi/lib/armv7-m\libg_nano.a(lib_a-mprec.o)
                0x0000ac86                __multiply
 *fill*         0x0000ada6        0x2 
 .text.__pow5mult
                0x0000ada8       0x9c c:/program files (x86)/cypress/psoc creator/4.3/psoc creator/import/gnu/arm/5.4.1/bin/../lib/gcc/arm-none-eabi/5.4.1/../../../../arm-none-eabi/lib/armv7-m\libg_nano.a(lib_a-mprec.o)
                0x0000ada8                __pow5mult
 .text.__lshift
                0x0000ae44       0xa2 c:/program files (x86)/cypress/psoc creator/4.3/psoc creator/import/gnu/arm/5.4.1/bin/../lib/gcc/arm-none-eabi/5.4.1/../../../../arm-none-eabi/lib/armv7-m\libg_nano.a(lib_a-mprec.o)
                0x0000ae44                __lshift
 .text.__mcmp   0x0000aee6       0x38 c:/program files (x86)/cypress/psoc creator/4.3/psoc creator/import/gnu/arm/5.4.1/bin/../lib/gcc/arm-none-eabi/5.4.1/../../../../arm-none-eabi/lib/armv7-m\libg_nano.a(lib_a-mprec.o)
                0x0000aee6                __mcmp
 .text.__mdiff  0x0000af1e       0xbe c:/program files (x86)/cypress/psoc creator/4.3/psoc creator/import/gnu/arm/5.4.1/bin/../lib/gcc/arm-none-eabi/5.4.1/../../../../arm-none-eabi/lib/armv7-m\libg_nano.a(lib_a-mprec.o)
                0x0000af1e                __mdiff
 .text.__d2b    0x0000afdc       0x9c c:/program files (x86)/cypress/psoc creator/4.3/psoc creator/import/gnu/arm/5.4.1/bin/../lib/gcc/arm-none-eabi/5.4.1/../../../../arm-none-eabi/lib/armv7-m\libg_nano.a(lib_a-mprec.o)
                0x0000afdc                __d2b
 .text._calloc_r
                0x0000b078       0x1c c:/program files (x86)/cypress/psoc creator/4.3/psoc creator/import/gnu/arm/5.4.1/bin/../lib/gcc/arm-none-eabi/5.4.1/../../../../arm-none-eabi/lib/armv7-m\libg_nano.a(lib_a-nano-callocr.o)
                0x0000b078                _calloc_r
 .text._free_r  0x0000b094       0x98 c:/program files (x86)/cypress/psoc creator/4.3/psoc creator/import/gnu/arm/5.4.1/bin/../lib/gcc/arm-none-eabi/5.4.1/../../../../arm-none-eabi/lib/armv7-m\libg_nano.a(lib_a-nano-freer.o)
                0x0000b094                _free_r
 .text._malloc_r
                0x0000b12c       0xbc c:/program files (x86)/cypress/psoc creator/4.3/psoc creator/import/gnu/arm/5.4.1/bin/../lib/gcc/arm-none-eabi/5.4.1/../../../../arm-none-eabi/lib/armv7-m\libg_nano.a(lib_a-nano-mallocr.o)
                0x0000b12c                _malloc_r
 .text.__ssputs_r
                0x0000b1e8       0xb2 c:/program files (x86)/cypress/psoc creator/4.3/psoc creator/import/gnu/arm/5.4.1/bin/../lib/gcc/arm-none-eabi/5.4.1/../../../../arm-none-eabi/lib/armv7-m\libg_nano.a(lib_a-nano-svfprintf.o)
                0x0000b1e8                __ssputs_r
 *fill*         0x0000b29a        0x2 
 .text._svfprintf_r
                0x0000b29c      0x1e8 c:/program files (x86)/cypress/psoc creator/4.3/psoc creator/import/gnu/arm/5.4.1/bin/../lib/gcc/arm-none-eabi/5.4.1/../../../../arm-none-eabi/lib/armv7-m\libg_nano.a(lib_a-nano-svfprintf.o)
                0x0000b29c                _svfiprintf_r
                0x0000b29c                _svfprintf_r
 .text._sbrk_r  0x0000b484       0x20 c:/program files (x86)/cypress/psoc creator/4.3/psoc creator/import/gnu/arm/5.4.1/bin/../lib/gcc/arm-none-eabi/5.4.1/../../../../arm-none-eabi/lib/armv7-m\libg_nano.a(lib_a-sbrkr.o)
                0x0000b484                _sbrk_r
 .text.memmove  0x0000b4a4       0x36 c:/program files (x86)/cypress/psoc creator/4.3/psoc creator/import/gnu/arm/5.4.1/bin/../lib/gcc/arm-none-eabi/5.4.1/../../../../arm-none-eabi/lib/armv7-m\libg_nano.a(lib_a-memmove.o)
                0x0000b4a4                memmove
 .text.__malloc_lock
                0x0000b4da        0x2 c:/program files (x86)/cypress/psoc creator/4.3/psoc creator/import/gnu/arm/5.4.1/bin/../lib/gcc/arm-none-eabi/5.4.1/../../../../arm-none-eabi/lib/armv7-m\libg_nano.a(lib_a-mlock.o)
                0x0000b4da                __malloc_lock
 .text.__malloc_unlock
                0x0000b4dc        0x2 c:/program files (x86)/cypress/psoc creator/4.3/psoc creator/import/gnu/arm/5.4.1/bin/../lib/gcc/arm-none-eabi/5.4.1/../../../../arm-none-eabi/lib/armv7-m\libg_nano.a(lib_a-mlock.o)
                0x0000b4dc                __malloc_unlock
 .text._realloc_r
                0x0000b4de       0x4c c:/program files (x86)/cypress/psoc creator/4.3/psoc creator/import/gnu/arm/5.4.1/bin/../lib/gcc/arm-none-eabi/5.4.1/../../../../arm-none-eabi/lib/armv7-m\libg_nano.a(lib_a-nano-reallocr.o)
                0x0000b4de                _realloc_r
 .text._malloc_usable_size_r
                0x0000b52a       0x14 c:/program files (x86)/cypress/psoc creator/4.3/psoc creator/import/gnu/arm/5.4.1/bin/../lib/gcc/arm-none-eabi/5.4.1/../../../../arm-none-eabi/lib/armv7-m\libg_nano.a(lib_a-nano-msizer.o)
                0x0000b52a                _malloc_usable_size_r
 *fill*         0x0000b53e        0x2 
 .text          0x0000b540       0x2c c:/program files (x86)/cypress/psoc creator/4.3/psoc creator/import/gnu/arm/5.4.1/bin/../lib/gcc/arm-none-eabi/5.4.1/armv7-m\libgcc.a(_arm_unorddf2.o)
                0x0000b540                __unorddf2
                0x0000b540                __aeabi_dcmpun
 .text          0x0000b56c       0x50 c:/program files (x86)/cypress/psoc creator/4.3/psoc creator/import/gnu/arm/5.4.1/bin/../lib/gcc/arm-none-eabi/5.4.1/armv7-m\libgcc.a(_arm_fixdfsi.o)
                0x0000b56c                __aeabi_d2iz
                0x0000b56c                __fixdfsi
 *(.plt)
 *(.gnu.warning)
 *(.glue_7t)
 .glue_7t       0x0000b5bc        0x0 linker stubs
 *(.glue_7)
 .glue_7        0x0000b5bc        0x0 linker stubs
 *(.vfp11_veneer)
 .vfp11_veneer  0x0000b5bc        0x0 linker stubs
 *(.bootloader)
 *(.ARM.extab* .gnu.linkonce.armextab.*)
 *(.gcc_except_table)

.v4_bx          0x0000b5bc        0x0
 .v4_bx         0x0000b5bc        0x0 linker stubs

.iplt           0x0000b5bc        0x0
 .iplt          0x0000b5bc        0x0 c:/program files (x86)/cypress/psoc creator/4.3/psoc creator/import/gnu/arm/5.4.1/bin/../lib/gcc/arm-none-eabi/5.4.1/armv7-m/crtbegin.o

.eh_frame_hdr
 *(.eh_frame_hdr)

.eh_frame       0x0000b5bc        0x4
 *(.eh_frame)
 .eh_frame      0x0000b5bc        0x0 c:/program files (x86)/cypress/psoc creator/4.3/psoc creator/import/gnu/arm/5.4.1/bin/../lib/gcc/arm-none-eabi/5.4.1/armv7-m/crtbegin.o
 .eh_frame      0x0000b5bc        0x4 c:/program files (x86)/cypress/psoc creator/4.3/psoc creator/import/gnu/arm/5.4.1/bin/../lib/gcc/arm-none-eabi/5.4.1/armv7-m/crtend.o
                [!provide]                PROVIDE (__exidx_start, .)

.ARM.exidx
 *(.ARM.exidx* .gnu.linkonce.armexidx.*)
                0x0000b5c0                __exidx_end = .

.rodata         0x0000b5c0      0xbe0
 *(.rodata .rodata.* .gnu.linkonce.r.*)
 .rodata.str1.4
                0x0000b5c0      0x34b .\CortexM3\ARM_GCC_541\Debug\main.o
                                0x35f (size before relaxing)
 *fill*         0x0000b90b        0x1 
 .rodata        0x0000b90c      0x5e4 .\CortexM3\ARM_GCC_541\Debug\ks0108.o
                0x0000b90c                FONT
                0x0000ba0c                FONT2
                0x0000baf0                Horno
 .rodata.str1.4
                0x0000bef0       0x2d .\CortexM3\ARM_GCC_541\Debug\ks0108.o
                                 0x31 (size before relaxing)
 *fill*         0x0000bf1d        0x3 
 .rodata.str1.4
                0x0000bf20       0x38 .\CortexM3\ARM_GCC_541\Debug\Funciones.o
                                 0x55 (size before relaxing)
 .rodata        0x0000bf58       0x44 .\CortexM3\ARM_GCC_541\Debug\cyfitter_cfg.o
 .rodata        0x0000bf9c       0x6c .\CortexM3\ARM_GCC_541\Debug\MuflaGLCD.a(Thermocouple_1.o)
 .rodata.str1.1
                0x0000c008        0x2 c:/program files (x86)/cypress/psoc creator/4.3/psoc creator/import/gnu/arm/5.4.1/bin/../lib/gcc/arm-none-eabi/5.4.1/../../../../arm-none-eabi/lib/armv7-m\libg_nano.a(lib_a-impure.o)
 .rodata.str1.1
                0x0000c00a       0x12 c:/program files (x86)/cypress/psoc creator/4.3/psoc creator/import/gnu/arm/5.4.1/bin/../lib/gcc/arm-none-eabi/5.4.1/../../../../arm-none-eabi/lib/armv7-m\libg_nano.a(lib_a-nano-vfprintf_float.o)
 .rodata.str1.1
                0x0000c01c       0x22 c:/program files (x86)/cypress/psoc creator/4.3/psoc creator/import/gnu/arm/5.4.1/bin/../lib/gcc/arm-none-eabi/5.4.1/../../../../arm-none-eabi/lib/armv7-m\libg_nano.a(lib_a-nano-vfprintf_i.o)
 .rodata.str1.1
                0x0000c03e        0xd c:/program files (x86)/cypress/psoc creator/4.3/psoc creator/import/gnu/arm/5.4.1/bin/../lib/gcc/arm-none-eabi/5.4.1/../../../../arm-none-eabi/lib/armv7-m\libg_nano.a(lib_a-dtoa.o)
                                  0xf (size before relaxing)
 .rodata.str1.1
                0x0000c04b        0x8 c:/program files (x86)/cypress/psoc creator/4.3/psoc creator/import/gnu/arm/5.4.1/bin/../lib/gcc/arm-none-eabi/5.4.1/../../../../arm-none-eabi/lib/armv7-m\libg_nano.a(lib_a-locale.o)
                                  0xb (size before relaxing)
 *fill*         0x0000c053        0x5 
 .rodata.__mprec_tens
                0x0000c058       0xc8 c:/program files (x86)/cypress/psoc creator/4.3/psoc creator/import/gnu/arm/5.4.1/bin/../lib/gcc/arm-none-eabi/5.4.1/../../../../arm-none-eabi/lib/armv7-m\libg_nano.a(lib_a-mprec.o)
                0x0000c058                __mprec_tens
 .rodata.p05.5408
                0x0000c120        0xc c:/program files (x86)/cypress/psoc creator/4.3/psoc creator/import/gnu/arm/5.4.1/bin/../lib/gcc/arm-none-eabi/5.4.1/../../../../arm-none-eabi/lib/armv7-m\libg_nano.a(lib_a-mprec.o)
 *fill*         0x0000c12c        0x4 
 .rodata.__mprec_bigtens
                0x0000c130       0x28 c:/program files (x86)/cypress/psoc creator/4.3/psoc creator/import/gnu/arm/5.4.1/bin/../lib/gcc/arm-none-eabi/5.4.1/../../../../arm-none-eabi/lib/armv7-m\libg_nano.a(lib_a-mprec.o)
                0x0000c130                __mprec_bigtens
 .rodata.str1.1
                0x0000c158       0x11 c:/program files (x86)/cypress/psoc creator/4.3/psoc creator/import/gnu/arm/5.4.1/bin/../lib/gcc/arm-none-eabi/5.4.1/../../../../arm-none-eabi/lib/armv7-m\libg_nano.a(lib_a-nano-svfprintf.o)
                0x0000c16c                . = ALIGN (0x4)
 *fill*         0x0000c169        0x3 
 *(.init)
 .init          0x0000c16c        0x4 c:/program files (x86)/cypress/psoc creator/4.3/psoc creator/import/gnu/arm/5.4.1/bin/../lib/gcc/arm-none-eabi/5.4.1/armv7-m/crti.o
                0x0000c16c                _init
 .init          0x0000c170        0x8 c:/program files (x86)/cypress/psoc creator/4.3/psoc creator/import/gnu/arm/5.4.1/bin/../lib/gcc/arm-none-eabi/5.4.1/armv7-m/crtn.o
                0x0000c178                . = ALIGN (0x4)
                0x0000c178                __preinit_array_start = .
 *(.preinit_array)
                0x0000c178                __preinit_array_end = .
                0x0000c178                . = ALIGN (0x4)
                0x0000c178                __init_array_start = .
 *(SORT(.init_array.*))
 *(.init_array)
 .init_array    0x0000c178        0x4 c:/program files (x86)/cypress/psoc creator/4.3/psoc creator/import/gnu/arm/5.4.1/bin/../lib/gcc/arm-none-eabi/5.4.1/armv7-m/crtbegin.o
 .init_array    0x0000c17c        0x4 .\CortexM3\ARM_GCC_541\Debug\Cm3Start.o
                0x0000c180                __init_array_end = .
                0x0000c180                . = ALIGN (0x4)
 *(.fini)
 .fini          0x0000c180        0x4 c:/program files (x86)/cypress/psoc creator/4.3/psoc creator/import/gnu/arm/5.4.1/bin/../lib/gcc/arm-none-eabi/5.4.1/armv7-m/crti.o
                0x0000c180                _fini
 .fini          0x0000c184        0x8 c:/program files (x86)/cypress/psoc creator/4.3/psoc creator/import/gnu/arm/5.4.1/bin/../lib/gcc/arm-none-eabi/5.4.1/armv7-m/crtn.o
                0x0000c18c                . = ALIGN (0x4)
                0x0000c18c                __fini_array_start = .
 *(.fini_array)
 .fini_array    0x0000c18c        0x4 c:/program files (x86)/cypress/psoc creator/4.3/psoc creator/import/gnu/arm/5.4.1/bin/../lib/gcc/arm-none-eabi/5.4.1/armv7-m/crtbegin.o
 *(SORT(.fini_array.*))
                0x0000c190                __fini_array_end = .
                0x0000c190                . = ALIGN (0x4)
 *crtbegin.o(.ctors)
 *(EXCLUDE_FILE(*crtend.o) .ctors)
 *(SORT(.ctors.*))
 *crtend.o(.ctors)
                0x0000c190                . = ALIGN (0x4)
 *crtbegin.o(.dtors)
 *(EXCLUDE_FILE(*crtend.o) .dtors)
 *(SORT(.dtors.*))
 *crtend.o(.dtors)
                0x0000c190                . = ALIGN (0x4)
                0x0000c190                __cy_regions = .
                0x0000c190        0x4 LONG 0xc1a0 __cy_region_init_ram
                0x0000c194        0x4 LONG 0x1fff80c8 __cy_region_start_data
                0x0000c198        0x4 LONG 0xc0 __cy_region_init_size_ram
                0x0000c19c        0x4 LONG 0xa30 __cy_region_zero_size_ram
                0x0000c1a0                __cy_regions_end = .
                0x0000c1a0                . = ALIGN (0x8)
                0x0000c1a0                _etext = .

.cy_checksum_exclude
                0x0000c1a0        0x0
 *(.cy_checksum_exclude)

.ramvectors     0x1fff8000       0xc0
                0x1fff8000                __cy_region_start_ram = .
 *(.ramvectors)
 .ramvectors    0x1fff8000       0xc0 .\CortexM3\ARM_GCC_541\Debug\Cm3Start.o
                0x1fff8000                CyRamVectors

.noinit         0x1fff80c0        0x1
 *(.noinit)
 .noinit        0x1fff80c0        0x1 .\CortexM3\ARM_GCC_541\Debug\MuflaGLCD.a(CyLib.o)
                0x1fff80c0                CyResetStatus

.data           0x1fff80c8       0xc0 load address 0x0000c1a0
                0x1fff80c8                __cy_region_start_data = .
 *(.jcr)
 .jcr           0x1fff80c8        0x0 c:/program files (x86)/cypress/psoc creator/4.3/psoc creator/import/gnu/arm/5.4.1/bin/../lib/gcc/arm-none-eabi/5.4.1/armv7-m/crtbegin.o
 .jcr           0x1fff80c8        0x4 c:/program files (x86)/cypress/psoc creator/4.3/psoc creator/import/gnu/arm/5.4.1/bin/../lib/gcc/arm-none-eabi/5.4.1/armv7-m/crtend.o
 *(.got.plt)
 *(.got)
 *(.shdata)
 *(.data .data.* .gnu.linkonce.d.*)
 .data          0x1fff80cc        0x6 .\CortexM3\ARM_GCC_541\Debug\main.o
                0x1fff80cc                penMufla
                0x1fff80d0                Dos_puntos
 *fill*         0x1fff80d2        0x2 
 .data          0x1fff80d4        0x4 .\CortexM3\ARM_GCC_541\Debug\Cm3Start.o
 .data          0x1fff80d8       0x10 .\CortexM3\ARM_GCC_541\Debug\MuflaGLCD.a(CyLib.o)
                0x1fff80d8                cydelay_32k_ms
                0x1fff80dc                cydelay_freq_khz
                0x1fff80e0                cydelay_freq_mhz
                0x1fff80e4                cydelay_freq_hz
 .data          0x1fff80e8        0x1 .\CortexM3\ARM_GCC_541\Debug\MuflaGLCD.a(ADC.o)
                0x1fff80e8                ADC_Config
 *fill*         0x1fff80e9        0x3 
 .data.impure_data
                0x1fff80ec       0x60 c:/program files (x86)/cypress/psoc creator/4.3/psoc creator/import/gnu/arm/5.4.1/bin/../lib/gcc/arm-none-eabi/5.4.1/../../../../arm-none-eabi/lib/armv7-m\libg_nano.a(lib_a-impure.o)
 .data._impure_ptr
                0x1fff814c        0x4 c:/program files (x86)/cypress/psoc creator/4.3/psoc creator/import/gnu/arm/5.4.1/bin/../lib/gcc/arm-none-eabi/5.4.1/../../../../arm-none-eabi/lib/armv7-m\libg_nano.a(lib_a-impure.o)
                0x1fff814c                _impure_ptr
 .data.lconv    0x1fff8150       0x38 c:/program files (x86)/cypress/psoc creator/4.3/psoc creator/import/gnu/arm/5.4.1/bin/../lib/gcc/arm-none-eabi/5.4.1/../../../../arm-none-eabi/lib/armv7-m\libg_nano.a(lib_a-locale.o)
                0x1fff8188                . = ALIGN (0x8)
 *(.ram)
                0x1fff8188                _edata = .

.igot.plt       0x1fff8188        0x0 load address 0x0000c260
 .igot.plt      0x1fff8188        0x0 c:/program files (x86)/cypress/psoc creator/4.3/psoc creator/import/gnu/arm/5.4.1/bin/../lib/gcc/arm-none-eabi/5.4.1/armv7-m/crtbegin.o

.bss            0x1fff8188      0xa30 load address 0x0000c260
                0x1fff8188                PROVIDE (__bss_start__, .)
 *(.shbss)
 *(.bss .bss.* .gnu.linkonce.b.*)
 .bss           0x1fff8188       0x1c c:/program files (x86)/cypress/psoc creator/4.3/psoc creator/import/gnu/arm/5.4.1/bin/../lib/gcc/arm-none-eabi/5.4.1/armv7-m/crtbegin.o
 .bss           0x1fff81a4       0x1e .\CortexM3\ARM_GCC_541\Debug\main.o
                0x1fff81a4                dataReady
                0x1fff81a5                RX_Wr_Index2
                0x1fff81a8                X
                0x1fff81b0                Testerilizacion
                0x1fff81b4                Testerilizacionp
                0x1fff81b8                Contrasena
                0x1fff81bc                RX_Counter2
                0x1fff81bd                RX_Rd_Index2
                0x1fff81be                RX_Counter
                0x1fff81bf                RX_Rd_Index
                0x1fff81c0                RX_Wr_Index
                0x1fff81c1                first
 *fill*         0x1fff81c2        0x2 
 .bss           0x1fff81c4        0x4 .\CortexM3\ARM_GCC_541\Debug\removeoffsetnoise.o
 .bss           0x1fff81c8       0x14 .\CortexM3\ARM_GCC_541\Debug\MuflaGLCD.a(ADC.o)
                0x1fff81d4                ADC_stopConversion
                0x1fff81d5                ADC_convDone
                0x1fff81d6                ADC_initVar
                0x1fff81d7                ADC_started
                0x1fff81d8                ADC_Offset
 .bss           0x1fff81dc        0x2 .\CortexM3\ARM_GCC_541\Debug\MuflaGLCD.a(UART_1.o)
                0x1fff81dc                UART_1_initVar
 .bss           0x1fff81de        0x1 .\CortexM3\ARM_GCC_541\Debug\MuflaGLCD.a(Timer.o)
                0x1fff81de                Timer_initVar
 .bss           0x1fff81df        0x1 .\CortexM3\ARM_GCC_541\Debug\MuflaGLCD.a(ADC_SAR.o)
                0x1fff81df                ADC_SAR_initVar
 .bss           0x1fff81e0        0x8 .\CortexM3\ARM_GCC_541\Debug\MuflaGLCD.a(CySpc.o)
                0x1fff81e0                SpcLockState
 .bss.__malloc_sbrk_start
                0x1fff81e8        0x4 c:/program files (x86)/cypress/psoc creator/4.3/psoc creator/import/gnu/arm/5.4.1/bin/../lib/gcc/arm-none-eabi/5.4.1/../../../../arm-none-eabi/lib/armv7-m\libg_nano.a(lib_a-nano-mallocr.o)
                0x1fff81e8                __malloc_sbrk_start
 .bss.__malloc_free_list
                0x1fff81ec        0x4 c:/program files (x86)/cypress/psoc creator/4.3/psoc creator/import/gnu/arm/5.4.1/bin/../lib/gcc/arm-none-eabi/5.4.1/../../../../arm-none-eabi/lib/armv7-m\libg_nano.a(lib_a-nano-mallocr.o)
                0x1fff81ec                __malloc_free_list
 *(COMMON)
 COMMON         0x1fff81f0      0x984 .\CortexM3\ARM_GCC_541\Debug\main.o
                0x1fff81f0                HorasActual
                0x1fff81f2                Minutos
                0x1fff81f4                Finalizo
                0x1fff81f8                GananciaIn
                0x1fff81fc                Temperatura1
                0x1fff829c                conteoPregunta
                0x1fff829e                mensaje
                0x1fff82a0                gananciaIn
                0x1fff82a2                flag_clear2
                0x1fff82a4                Pausa
                0x1fff82a8                Tempocp
                0x1fff82ac                Opcion2
                0x1fff82b0                b
                0x1fff82b4                pwm1
                0x1fff82b5                Dato2
                0x1fff82b6                pwm2
                0x1fff82b7                segundosCampana
                0x1fff82b8                flagButton2
                0x1fff82bc                promedio
                0x1fff8424                Aumento
                0x1fff8428                Control
                0x1fff842a                n
                0x1fff842b                Dato_Exitoso
                0x1fff842c                MenuAnt
                0x1fff842e                EstadoPaso
                0x1fff8430                Segmento
                0x1fff8431                Dato3
                0x1fff8432                Segmentos
                0x1fff8434                Rx_Buffer3
                0x1fff8440                flagBorrado
                0x1fff8442                imprime
                0x1fff8444                tiempoup
                0x1fff8446                PantallaPrincipal
                0x1fff8448                Temperature
                0x1fff844c                Test
                0x1fff844e                flagup
                0x1fff8450                output
                0x1fff8454                Tempoc
                0x1fff8458                hEstp
                0x1fff845c                tcColdJnuVolt
                0x1fff8460                ctr
                0x1fff8462                b_dec
                0x1fff8464                Setpoint
                0x1fff8468                Temperatura
                0x1fff846c                dibujo
                0x1fff846e                b16
                0x1fff8470                displayStr
                0x1fff84d4                Lectura
                0x1fff84d6                Derivativo
                0x1fff84d7                Dato_Exitoso2
                0x1fff84d8                TiempoControl
                0x1fff84da                entro
                0x1fff84dc                Minutos1
                0x1fff857c                tcHotJnuVolt
                0x1fff8580                tcTemp
                0x1fff8584                tiempos
                0x1fff8586                tiemporeset
                0x1fff8588                x100
                0x1fff858a                tiempos3
                0x1fff858c                tcuVolt
                0x1fff8590                valor
                0x1fff8594                Desconectado
                0x1fff8598                DifPendiente
                0x1fff859c                l
                0x1fff859e                pulsoAumentar
                0x1fff85a0                m_int
                0x1fff85a4                Prom
                0x1fff85a8                estadoSSR
                0x1fff85aa                flagTemperatura
                0x1fff85ac                Inicio
                0x1fff85b0                Potencia
                0x1fff85b4                tinicio
                0x1fff85b8                Pendiente
                0x1fff85bc                tGrafica
                0x1fff85c0                displayData
                0x1fff89c0                Ajusten
                0x1fff89c2                flag_clear3
                0x1fff89c4                CicloLibre
                0x1fff89c5                MenuAntt2
                0x1fff89c6                finalizoCiclo
                0x1fff89c8                Flanco3
                0x1fff89ca                z
                0x1fff89cb                tiempo_esterilizacion
                0x1fff89cc                TiempoActual
                0x1fff89ce                pulsoDisminuir
                0x1fff89d0                Flanco2
                0x1fff89d2                Tc
                0x1fff89d4                flagFinalizo
                0x1fff89d6                i
                0x1fff89d8                Rx_Buffer2
                0x1fff89e4                Flanco
                0x1fff89e6                Alarma
                0x1fff89e8                flag_tiempocalentamiento
                0x1fff89ea                Ajuste
                0x1fff89ec                Menus
                0x1fff8a0c                PotenciaEntregada
                0x1fff8a10                TipoClave
                0x1fff8a14                filHotJnCount
                0x1fff8a18                flag_display
                0x1fff8a1c                TempeInicial
                0x1fff8a20                Coeficiente
                0x1fff8a22                tiempocalentamiento
                0x1fff8a24                tPregunta
                0x1fff8a28                Tpulso
                0x1fff8a2c                Flanco1
                0x1fff8a2e                coldJnTemp
                0x1fff8a30                GuardaEEPROM
                0x1fff8a32                hEst
                0x1fff8a34                flagButton1
                0x1fff8a36                MinutosActual
                0x1fff8a38                Inicio2
                0x1fff8a3a                tiempoctrl
                0x1fff8a3c                Opcion
                0x1fff8a40                PendienteActual
                0x1fff8a44                flagButton0
                0x1fff8a46                flag_calcula
                0x1fff8a48                Rx_Buffer
                0x1fff8a54                Tp
                0x1fff8a56                y
                0x1fff8a58                TemperaturaIdeal
                0x1fff8a5c                tiemporecta
                0x1fff8a5e                result
                0x1fff8a60                ProgramaSeleccionado
                0x1fff8a62                flagdn
                0x1fff8a64                Menu2
                0x1fff8a66                tiempodn
                0x1fff8a68                MenuAntt
                0x1fff8a6c                error
                0x1fff8a70                hotJnCount
                0x1fff8a74                i2cbuf
                0x1fff8a78                Tiempo
                0x1fff8a7a                h
                0x1fff8a7b                unidad
                0x1fff8a7c                x1
                0x1fff8a7e                conteo
                0x1fff8a7f                Integral
                0x1fff8a80                offset
                0x1fff8a84                Password
                0x1fff8a88                x10
                0x1fff8a8c                penInicial
                0x1fff8a90                flagButton3
                0x1fff8a92                grafica
                0x1fff8a94                Lectura2
                0x1fff8a96                AlTem
                0x1fff8a98                Dibuja
                0x1fff8a9a                tiemposetpoint
                0x1fff8a9c                flag_setpoint
                0x1fff8a9e                MediaMovil
                0x1fff8aa0                Horas1
                0x1fff8b40                V0
                0x1fff8b44                Ganancia
                0x1fff8b48                rampa
                0x1fff8b4a                m_dec
                0x1fff8b4b                Programa
                0x1fff8b4c                pendiente
                0x1fff8b50                m
                0x1fff8b54                mEstp
                0x1fff8b56                estadoBuzzer
                0x1fff8b58                Rx_Buffer4
                0x1fff8b64                flag_ganancia
                0x1fff8b66                TiempoRampa
                0x1fff8b68                mEst
                0x1fff8b6a                Horas
                0x1fff8b6c                Menu
                0x1fff8b6d                Tciclo
                0x1fff8b6e                visual
                0x1fff8b70                estadoVentilador
                0x1fff8b72                flagRampa
 COMMON         0x1fff8b74       0x2c .\CortexM3\ARM_GCC_541\Debug\coldJnTemp.o
                0x1fff8b74                promedio2
                0x1fff8b9c                l2
                0x1fff8b9d                h2
                0x1fff8b9e                Prom1
 COMMON         0x1fff8ba0        0x4 .\CortexM3\ARM_GCC_541\Debug\MuflaGLCD.a(ADC.o)
                0x1fff8ba0                ADC_CountsPerVolt
 COMMON         0x1fff8ba4        0xa .\CortexM3\ARM_GCC_541\Debug\MuflaGLCD.a(ADC_SAR.o)
                0x1fff8ba4                ADC_SAR_countsPerVolt
                0x1fff8ba6                ADC_SAR_shift
                0x1fff8ba8                ADC_SAR_countsPer10Volt
                0x1fff8bac                ADC_SAR_offset
 *fill*         0x1fff8bae        0x2 
 COMMON         0x1fff8bb0        0x2 .\CortexM3\ARM_GCC_541\Debug\MuflaGLCD.a(CyFlash.o)
                0x1fff8bb0                dieTemperature
 *fill*         0x1fff8bb2        0x2 
 COMMON         0x1fff8bb4        0x4 c:/program files (x86)/cypress/psoc creator/4.3/psoc creator/import/gnu/arm/5.4.1/bin/../lib/gcc/arm-none-eabi/5.4.1/../../../../arm-none-eabi/lib/armv7-m\libg_nano.a(lib_a-reent.o)
                0x1fff8bb4                errno
                0x1fff8bb8                . = ALIGN (0x8)
 *(.ram.b)
                0x1fff8bb8                _end = .
                0x1fff8bb8                __end = .
                0x1fff8bb8                PROVIDE (end, .)
                0x1fff8bb8                PROVIDE (__bss_end__, .)
                0x0000c1a0                __cy_region_init_ram = LOADADDR (.data)
                0x000000c0                __cy_region_init_size_ram = (_edata - ADDR (.data))
                0x00000a30                __cy_region_zero_size_ram = (_end - _edata)

.heap           0x1fff8bb8      0x200 load address 0x0000c260
                0x1fff8bb8                . = _end
                0x1fff8db8                . = (. + 0x200)
 *fill*         0x1fff8bb8      0x200 
                0x1fff8db8                __cy_heap_limit = .

.stack          0x20007800      0x800
                0x20007800                __cy_stack_limit = .
                0x20008000                . = (. + 0x800)
 *fill*         0x20007800      0x800 
                0x00000001                ASSERT ((__cy_stack_limit >= __cy_heap_limit), region RAM overflowed with stack)
                0x00000000                cy_checksum_exclude_size = (CY_APPL_LOADABLE == 0x1)?SIZEOF (.cy_checksum_exclude):0x0
                0x00000001                ASSERT ((cy_checksum_exclude_size <= CY_CHECKSUM_EXCLUDE_SIZE), CY_BOOT: Section .cy_checksum_exclude size exceedes specified limit.)

.cyloadermeta
 *(.cyloadermeta)

.cyloadablemeta
 *(.cyloadablemeta)

.cyconfigecc    0x80000000      0x3d8
 *(.cyconfigecc)
 .cyconfigecc   0x80000000      0x3d8 .\CortexM3\ARM_GCC_541\Debug\cymetadata.o
                0x80000000                cy_meta_configecc

.cycustnvl      0x90000000        0x4
 *(.cycustnvl)
 .cycustnvl     0x90000000        0x4 .\CortexM3\ARM_GCC_541\Debug\cymetadata.o
                0x90000000                cy_meta_custnvl

.cywolatch      0x90100000        0x4
 *(.cywolatch)
 .cywolatch     0x90100000        0x4 .\CortexM3\ARM_GCC_541\Debug\cymetadata.o
                0x90100000                cy_meta_wonvl

.cyeeprom       0x90200000        0x0
 *(.cyeeprom)
                0x00000001                ASSERT ((. <= ((0x90200000 + ee_offset) + ee_size)), .cyeeprom data will not fit in EEPROM)

.cyflashprotect
                0x90400000      0x100
 *(.cyflashprotect)
 .cyflashprotect
                0x90400000      0x100 .\CortexM3\ARM_GCC_541\Debug\cymetadata.o
                0x90400000                cy_meta_flashprotect

.cymeta         0x90500000        0xc
 *(.cymeta)
 .cymeta        0x90500000        0xc .\CortexM3\ARM_GCC_541\Debug\cymetadata.o
                0x90500000                cy_metadata

.rel.dyn        0x0000c260        0x0 load address 0x9050000c
 .rel.iplt      0x0000c260        0x0 c:/program files (x86)/cypress/psoc creator/4.3/psoc creator/import/gnu/arm/5.4.1/bin/../lib/gcc/arm-none-eabi/5.4.1/armv7-m/crtbegin.o

.stab
 *(.stab)

.stabstr
 *(.stabstr)

.debug
 *(.debug)

.line
 *(.line)

.debug_srcinfo
 *(.debug_srcinfo)

.debug_sfnames
 *(.debug_sfnames)

.debug_aranges  0x00000000     0x13c8
 *(.debug_aranges)
 .debug_aranges
                0x00000000       0x60 .\CortexM3\ARM_GCC_541\Debug\main.o
 .debug_aranges
                0x00000060       0x28 .\CortexM3\ARM_GCC_541\Debug\coldJnTemp.o
 .debug_aranges
                0x00000088       0x28 .\CortexM3\ARM_GCC_541\Debug\removeoffsetnoise.o
 .debug_aranges
                0x000000b0       0xd0 .\CortexM3\ARM_GCC_541\Debug\ks0108.o
 .debug_aranges
                0x00000180       0x50 .\CortexM3\ARM_GCC_541\Debug\Funciones.o
 .debug_aranges
                0x000001d0       0x58 .\CortexM3\ARM_GCC_541\Debug\cyfitter_cfg.o
 .debug_aranges
                0x00000228       0x18 .\CortexM3\ARM_GCC_541\Debug\cymetadata.o
 .debug_aranges
                0x00000240       0x48 .\CortexM3\ARM_GCC_541\Debug\Cm3Start.o
 .debug_aranges
                0x00000288      0x2a0 .\CortexM3\ARM_GCC_541\Debug\MuflaGLCD.a(CyLib.o)
 .debug_aranges
                0x00000528       0x98 .\CortexM3\ARM_GCC_541\Debug\MuflaGLCD.a(cyPm.o)
 .debug_aranges
                0x000005c0       0xe8 .\CortexM3\ARM_GCC_541\Debug\MuflaGLCD.a(ADC.o)
 .debug_aranges
                0x000006a8       0x38 .\CortexM3\ARM_GCC_541\Debug\MuflaGLCD.a(ADC_INT.o)
 .debug_aranges
                0x000006e0       0x70 .\CortexM3\ARM_GCC_541\Debug\MuflaGLCD.a(ADC_Ext_CP_Clk.o)
 .debug_aranges
                0x00000750       0x80 .\CortexM3\ARM_GCC_541\Debug\MuflaGLCD.a(ADC_theACLK.o)
 .debug_aranges
                0x000007d0       0x80 .\CortexM3\ARM_GCC_541\Debug\MuflaGLCD.a(Reloj.o)
 .debug_aranges
                0x00000850       0x30 .\CortexM3\ARM_GCC_541\Debug\MuflaGLCD.a(Thermocouple_1.o)
 .debug_aranges
                0x00000880       0xf0 .\CortexM3\ARM_GCC_541\Debug\MuflaGLCD.a(UART_1.o)
 .debug_aranges
                0x00000970       0x70 .\CortexM3\ARM_GCC_541\Debug\MuflaGLCD.a(UART_1_IntClock.o)
 .debug_aranges
                0x000009e0       0x88 .\CortexM3\ARM_GCC_541\Debug\MuflaGLCD.a(Timer.o)
 .debug_aranges
                0x00000a68       0x78 .\CortexM3\ARM_GCC_541\Debug\MuflaGLCD.a(EEPROM.o)
 .debug_aranges
                0x00000ae0       0x80 .\CortexM3\ARM_GCC_541\Debug\MuflaGLCD.a(RX1.o)
 .debug_aranges
                0x00000b60       0x38 .\CortexM3\ARM_GCC_541\Debug\MuflaGLCD.a(SSR.o)
 .debug_aranges
                0x00000b98       0x38 .\CortexM3\ARM_GCC_541\Debug\MuflaGLCD.a(DOOR.o)
 .debug_aranges
                0x00000bd0       0x38 .\CortexM3\ARM_GCC_541\Debug\MuflaGLCD.a(LCD1.o)
 .debug_aranges
                0x00000c08       0x38 .\CortexM3\ARM_GCC_541\Debug\MuflaGLCD.a(LCD2.o)
 .debug_aranges
                0x00000c40       0xa8 .\CortexM3\ARM_GCC_541\Debug\MuflaGLCD.a(ADC_SAR.o)
 .debug_aranges
                0x00000ce8       0x20 .\CortexM3\ARM_GCC_541\Debug\MuflaGLCD.a(ADC_SAR_INT.o)
 .debug_aranges
                0x00000d08       0x80 .\CortexM3\ARM_GCC_541\Debug\MuflaGLCD.a(ADC_SAR_IRQ.o)
 .debug_aranges
                0x00000d88       0x80 .\CortexM3\ARM_GCC_541\Debug\MuflaGLCD.a(ADC_SAR_theACLK.o)
 .debug_aranges
                0x00000e08       0x38 .\CortexM3\ARM_GCC_541\Debug\MuflaGLCD.a(VENT1.o)
 .debug_aranges
                0x00000e40       0x38 .\CortexM3\ARM_GCC_541\Debug\MuflaGLCD.a(LCD3.o)
 .debug_aranges
                0x00000e78       0x38 .\CortexM3\ARM_GCC_541\Debug\MuflaGLCD.a(ENABLE.o)
 .debug_aranges
                0x00000eb0       0x38 .\CortexM3\ARM_GCC_541\Debug\MuflaGLCD.a(CS_1.o)
 .debug_aranges
                0x00000ee8       0x38 .\CortexM3\ARM_GCC_541\Debug\MuflaGLCD.a(D_I.o)
 .debug_aranges
                0x00000f20       0x38 .\CortexM3\ARM_GCC_541\Debug\MuflaGLCD.a(R_W.o)
 .debug_aranges
                0x00000f58       0x38 .\CortexM3\ARM_GCC_541\Debug\MuflaGLCD.a(CS_2.o)
 .debug_aranges
                0x00000f90       0x38 .\CortexM3\ARM_GCC_541\Debug\MuflaGLCD.a(RESET.o)
 .debug_aranges
                0x00000fc8       0x38 .\CortexM3\ARM_GCC_541\Debug\MuflaGLCD.a(DB_0.o)
 .debug_aranges
                0x00001000       0x38 .\CortexM3\ARM_GCC_541\Debug\MuflaGLCD.a(DB_1.o)
 .debug_aranges
                0x00001038       0x38 .\CortexM3\ARM_GCC_541\Debug\MuflaGLCD.a(DB_2.o)
 .debug_aranges
                0x00001070       0x38 .\CortexM3\ARM_GCC_541\Debug\MuflaGLCD.a(DB_3.o)
 .debug_aranges
                0x000010a8       0x38 .\CortexM3\ARM_GCC_541\Debug\MuflaGLCD.a(DB_4.o)
 .debug_aranges
                0x000010e0       0x38 .\CortexM3\ARM_GCC_541\Debug\MuflaGLCD.a(DB_5.o)
 .debug_aranges
                0x00001118       0x38 .\CortexM3\ARM_GCC_541\Debug\MuflaGLCD.a(DB_6.o)
 .debug_aranges
                0x00001150       0x38 .\CortexM3\ARM_GCC_541\Debug\MuflaGLCD.a(DB_7.o)
 .debug_aranges
                0x00001188       0x38 .\CortexM3\ARM_GCC_541\Debug\MuflaGLCD.a(UP.o)
 .debug_aranges
                0x000011c0       0x38 .\CortexM3\ARM_GCC_541\Debug\MuflaGLCD.a(DOWN.o)
 .debug_aranges
                0x000011f8       0x38 .\CortexM3\ARM_GCC_541\Debug\MuflaGLCD.a(RIGHT.o)
 .debug_aranges
                0x00001230       0x38 .\CortexM3\ARM_GCC_541\Debug\MuflaGLCD.a(LEFT.o)
 .debug_aranges
                0x00001268       0x38 .\CortexM3\ARM_GCC_541\Debug\MuflaGLCD.a(BUZZER.o)
 .debug_aranges
                0x000012a0       0x20 .\CortexM3\ARM_GCC_541\Debug\MuflaGLCD.a(CyBootAsmGnu.o)
 .debug_aranges
                0x000012c0       0x88 .\CortexM3\ARM_GCC_541\Debug\MuflaGLCD.a(CyFlash.o)
 .debug_aranges
                0x00001348       0x80 .\CortexM3\ARM_GCC_541\Debug\MuflaGLCD.a(CySpc.o)

.debug_pubnames
 *(.debug_pubnames)

.debug_info     0x00000000    0x128d0
 *(.debug_info .gnu.linkonce.wi.*)
 .debug_info    0x00000000     0x615c .\CortexM3\ARM_GCC_541\Debug\main.o
 .debug_info    0x0000615c      0x25e .\CortexM3\ARM_GCC_541\Debug\coldJnTemp.o
 .debug_info    0x000063ba      0x1cf .\CortexM3\ARM_GCC_541\Debug\removeoffsetnoise.o
 .debug_info    0x00006589     0x23c1 .\CortexM3\ARM_GCC_541\Debug\ks0108.o
 .debug_info    0x0000894a     0x16ff .\CortexM3\ARM_GCC_541\Debug\Funciones.o
 .debug_info    0x0000a049      0x6c3 .\CortexM3\ARM_GCC_541\Debug\cyfitter_cfg.o
 .debug_info    0x0000a70c      0x135 .\CortexM3\ARM_GCC_541\Debug\cymetadata.o
 .debug_info    0x0000a841      0x3bb .\CortexM3\ARM_GCC_541\Debug\Cm3Start.o
 .debug_info    0x0000abfc     0x1374 .\CortexM3\ARM_GCC_541\Debug\MuflaGLCD.a(CyLib.o)
 .debug_info    0x0000bf70      0xa2a .\CortexM3\ARM_GCC_541\Debug\MuflaGLCD.a(cyPm.o)
 .debug_info    0x0000c99a      0xb0f .\CortexM3\ARM_GCC_541\Debug\MuflaGLCD.a(ADC.o)
 .debug_info    0x0000d4a9       0xd3 .\CortexM3\ARM_GCC_541\Debug\MuflaGLCD.a(ADC_INT.o)
 .debug_info    0x0000d57c      0x283 .\CortexM3\ARM_GCC_541\Debug\MuflaGLCD.a(ADC_Ext_CP_Clk.o)
 .debug_info    0x0000d7ff      0x2c4 .\CortexM3\ARM_GCC_541\Debug\MuflaGLCD.a(ADC_theACLK.o)
 .debug_info    0x0000dac3      0x2d2 .\CortexM3\ARM_GCC_541\Debug\MuflaGLCD.a(Reloj.o)
 .debug_info    0x0000dd95      0x2d0 .\CortexM3\ARM_GCC_541\Debug\MuflaGLCD.a(Thermocouple_1.o)
 .debug_info    0x0000e065      0x60c .\CortexM3\ARM_GCC_541\Debug\MuflaGLCD.a(UART_1.o)
 .debug_info    0x0000e671      0x283 .\CortexM3\ARM_GCC_541\Debug\MuflaGLCD.a(UART_1_IntClock.o)
 .debug_info    0x0000e8f4      0x295 .\CortexM3\ARM_GCC_541\Debug\MuflaGLCD.a(Timer.o)
 .debug_info    0x0000eb89      0x630 .\CortexM3\ARM_GCC_541\Debug\MuflaGLCD.a(EEPROM.o)
 .debug_info    0x0000f1b9      0x2d2 .\CortexM3\ARM_GCC_541\Debug\MuflaGLCD.a(RX1.o)
 .debug_info    0x0000f48b      0x11f .\CortexM3\ARM_GCC_541\Debug\MuflaGLCD.a(SSR.o)
 .debug_info    0x0000f5aa      0x11f .\CortexM3\ARM_GCC_541\Debug\MuflaGLCD.a(DOOR.o)
 .debug_info    0x0000f6c9      0x11f .\CortexM3\ARM_GCC_541\Debug\MuflaGLCD.a(LCD1.o)
 .debug_info    0x0000f7e8      0x11f .\CortexM3\ARM_GCC_541\Debug\MuflaGLCD.a(LCD2.o)
 .debug_info    0x0000f907      0x5c0 .\CortexM3\ARM_GCC_541\Debug\MuflaGLCD.a(ADC_SAR.o)
 .debug_info    0x0000fec7       0x92 .\CortexM3\ARM_GCC_541\Debug\MuflaGLCD.a(ADC_SAR_INT.o)
 .debug_info    0x0000ff59      0x2d2 .\CortexM3\ARM_GCC_541\Debug\MuflaGLCD.a(ADC_SAR_IRQ.o)
 .debug_info    0x0001022b      0x2c4 .\CortexM3\ARM_GCC_541\Debug\MuflaGLCD.a(ADC_SAR_theACLK.o)
 .debug_info    0x000104ef      0x11f .\CortexM3\ARM_GCC_541\Debug\MuflaGLCD.a(VENT1.o)
 .debug_info    0x0001060e      0x11f .\CortexM3\ARM_GCC_541\Debug\MuflaGLCD.a(LCD3.o)
 .debug_info    0x0001072d      0x11f .\CortexM3\ARM_GCC_541\Debug\MuflaGLCD.a(ENABLE.o)
 .debug_info    0x0001084c      0x11f .\CortexM3\ARM_GCC_541\Debug\MuflaGLCD.a(CS_1.o)
 .debug_info    0x0001096b      0x11f .\CortexM3\ARM_GCC_541\Debug\MuflaGLCD.a(D_I.o)
 .debug_info    0x00010a8a      0x11f .\CortexM3\ARM_GCC_541\Debug\MuflaGLCD.a(R_W.o)
 .debug_info    0x00010ba9      0x11f .\CortexM3\ARM_GCC_541\Debug\MuflaGLCD.a(CS_2.o)
 .debug_info    0x00010cc8      0x11f .\CortexM3\ARM_GCC_541\Debug\MuflaGLCD.a(RESET.o)
 .debug_info    0x00010de7      0x11f .\CortexM3\ARM_GCC_541\Debug\MuflaGLCD.a(DB_0.o)
 .debug_info    0x00010f06      0x11f .\CortexM3\ARM_GCC_541\Debug\MuflaGLCD.a(DB_1.o)
 .debug_info    0x00011025      0x11f .\CortexM3\ARM_GCC_541\Debug\MuflaGLCD.a(DB_2.o)
 .debug_info    0x00011144      0x11f .\CortexM3\ARM_GCC_541\Debug\MuflaGLCD.a(DB_3.o)
 .debug_info    0x00011263      0x11f .\CortexM3\ARM_GCC_541\Debug\MuflaGLCD.a(DB_4.o)
 .debug_info    0x00011382      0x11f .\CortexM3\ARM_GCC_541\Debug\MuflaGLCD.a(DB_5.o)
 .debug_info    0x000114a1      0x11f .\CortexM3\ARM_GCC_541\Debug\MuflaGLCD.a(DB_6.o)
 .debug_info    0x000115c0      0x11f .\CortexM3\ARM_GCC_541\Debug\MuflaGLCD.a(DB_7.o)
 .debug_info    0x000116df      0x11f .\CortexM3\ARM_GCC_541\Debug\MuflaGLCD.a(UP.o)
 .debug_info    0x000117fe      0x11f .\CortexM3\ARM_GCC_541\Debug\MuflaGLCD.a(DOWN.o)
 .debug_info    0x0001191d      0x11f .\CortexM3\ARM_GCC_541\Debug\MuflaGLCD.a(RIGHT.o)
 .debug_info    0x00011a3c      0x11f .\CortexM3\ARM_GCC_541\Debug\MuflaGLCD.a(LEFT.o)
 .debug_info    0x00011b5b      0x11f .\CortexM3\ARM_GCC_541\Debug\MuflaGLCD.a(BUZZER.o)
 .debug_info    0x00011c7a       0xb9 .\CortexM3\ARM_GCC_541\Debug\MuflaGLCD.a(CyBootAsmGnu.o)
 .debug_info    0x00011d33      0x64d .\CortexM3\ARM_GCC_541\Debug\MuflaGLCD.a(CyFlash.o)
 .debug_info    0x00012380      0x550 .\CortexM3\ARM_GCC_541\Debug\MuflaGLCD.a(CySpc.o)

.debug_abbrev   0x00000000     0x346d
 *(.debug_abbrev)
 .debug_abbrev  0x00000000      0x1d9 .\CortexM3\ARM_GCC_541\Debug\main.o
 .debug_abbrev  0x000001d9      0x136 .\CortexM3\ARM_GCC_541\Debug\coldJnTemp.o
 .debug_abbrev  0x0000030f      0x119 .\CortexM3\ARM_GCC_541\Debug\removeoffsetnoise.o
 .debug_abbrev  0x00000428      0x261 .\CortexM3\ARM_GCC_541\Debug\ks0108.o
 .debug_abbrev  0x00000689      0x1e8 .\CortexM3\ARM_GCC_541\Debug\Funciones.o
 .debug_abbrev  0x00000871      0x20d .\CortexM3\ARM_GCC_541\Debug\cyfitter_cfg.o
 .debug_abbrev  0x00000a7e       0x66 .\CortexM3\ARM_GCC_541\Debug\cymetadata.o
 .debug_abbrev  0x00000ae4      0x1e8 .\CortexM3\ARM_GCC_541\Debug\Cm3Start.o
 .debug_abbrev  0x00000ccc      0x254 .\CortexM3\ARM_GCC_541\Debug\MuflaGLCD.a(CyLib.o)
 .debug_abbrev  0x00000f20      0x1ab .\CortexM3\ARM_GCC_541\Debug\MuflaGLCD.a(cyPm.o)
 .debug_abbrev  0x000010cb      0x1cd .\CortexM3\ARM_GCC_541\Debug\MuflaGLCD.a(ADC.o)
 .debug_abbrev  0x00001298       0x42 .\CortexM3\ARM_GCC_541\Debug\MuflaGLCD.a(ADC_INT.o)
 .debug_abbrev  0x000012da      0x139 .\CortexM3\ARM_GCC_541\Debug\MuflaGLCD.a(ADC_Ext_CP_Clk.o)
 .debug_abbrev  0x00001413      0x121 .\CortexM3\ARM_GCC_541\Debug\MuflaGLCD.a(ADC_theACLK.o)
 .debug_abbrev  0x00001534      0x173 .\CortexM3\ARM_GCC_541\Debug\MuflaGLCD.a(Reloj.o)
 .debug_abbrev  0x000016a7      0x15c .\CortexM3\ARM_GCC_541\Debug\MuflaGLCD.a(Thermocouple_1.o)
 .debug_abbrev  0x00001803      0x175 .\CortexM3\ARM_GCC_541\Debug\MuflaGLCD.a(UART_1.o)
 .debug_abbrev  0x00001978      0x139 .\CortexM3\ARM_GCC_541\Debug\MuflaGLCD.a(UART_1_IntClock.o)
 .debug_abbrev  0x00001ab1      0x11a .\CortexM3\ARM_GCC_541\Debug\MuflaGLCD.a(Timer.o)
 .debug_abbrev  0x00001bcb      0x14e .\CortexM3\ARM_GCC_541\Debug\MuflaGLCD.a(EEPROM.o)
 .debug_abbrev  0x00001d19      0x173 .\CortexM3\ARM_GCC_541\Debug\MuflaGLCD.a(RX1.o)
 .debug_abbrev  0x00001e8c       0x90 .\CortexM3\ARM_GCC_541\Debug\MuflaGLCD.a(SSR.o)
 .debug_abbrev  0x00001f1c       0x90 .\CortexM3\ARM_GCC_541\Debug\MuflaGLCD.a(DOOR.o)
 .debug_abbrev  0x00001fac       0x90 .\CortexM3\ARM_GCC_541\Debug\MuflaGLCD.a(LCD1.o)
 .debug_abbrev  0x0000203c       0x90 .\CortexM3\ARM_GCC_541\Debug\MuflaGLCD.a(LCD2.o)
 .debug_abbrev  0x000020cc      0x1ac .\CortexM3\ARM_GCC_541\Debug\MuflaGLCD.a(ADC_SAR.o)
 .debug_abbrev  0x00002278       0x42 .\CortexM3\ARM_GCC_541\Debug\MuflaGLCD.a(ADC_SAR_INT.o)
 .debug_abbrev  0x000022ba      0x173 .\CortexM3\ARM_GCC_541\Debug\MuflaGLCD.a(ADC_SAR_IRQ.o)
 .debug_abbrev  0x0000242d      0x121 .\CortexM3\ARM_GCC_541\Debug\MuflaGLCD.a(ADC_SAR_theACLK.o)
 .debug_abbrev  0x0000254e       0x90 .\CortexM3\ARM_GCC_541\Debug\MuflaGLCD.a(VENT1.o)
 .debug_abbrev  0x000025de       0x90 .\CortexM3\ARM_GCC_541\Debug\MuflaGLCD.a(LCD3.o)
 .debug_abbrev  0x0000266e       0x90 .\CortexM3\ARM_GCC_541\Debug\MuflaGLCD.a(ENABLE.o)
 .debug_abbrev  0x000026fe       0x90 .\CortexM3\ARM_GCC_541\Debug\MuflaGLCD.a(CS_1.o)
 .debug_abbrev  0x0000278e       0x90 .\CortexM3\ARM_GCC_541\Debug\MuflaGLCD.a(D_I.o)
 .debug_abbrev  0x0000281e       0x90 .\CortexM3\ARM_GCC_541\Debug\MuflaGLCD.a(R_W.o)
 .debug_abbrev  0x000028ae       0x90 .\CortexM3\ARM_GCC_541\Debug\MuflaGLCD.a(CS_2.o)
 .debug_abbrev  0x0000293e       0x90 .\CortexM3\ARM_GCC_541\Debug\MuflaGLCD.a(RESET.o)
 .debug_abbrev  0x000029ce       0x90 .\CortexM3\ARM_GCC_541\Debug\MuflaGLCD.a(DB_0.o)
 .debug_abbrev  0x00002a5e       0x90 .\CortexM3\ARM_GCC_541\Debug\MuflaGLCD.a(DB_1.o)
 .debug_abbrev  0x00002aee       0x90 .\CortexM3\ARM_GCC_541\Debug\MuflaGLCD.a(DB_2.o)
 .debug_abbrev  0x00002b7e       0x90 .\CortexM3\ARM_GCC_541\Debug\MuflaGLCD.a(DB_3.o)
 .debug_abbrev  0x00002c0e       0x90 .\CortexM3\ARM_GCC_541\Debug\MuflaGLCD.a(DB_4.o)
 .debug_abbrev  0x00002c9e       0x90 .\CortexM3\ARM_GCC_541\Debug\MuflaGLCD.a(DB_5.o)
 .debug_abbrev  0x00002d2e       0x90 .\CortexM3\ARM_GCC_541\Debug\MuflaGLCD.a(DB_6.o)
 .debug_abbrev  0x00002dbe       0x90 .\CortexM3\ARM_GCC_541\Debug\MuflaGLCD.a(DB_7.o)
 .debug_abbrev  0x00002e4e       0x90 .\CortexM3\ARM_GCC_541\Debug\MuflaGLCD.a(UP.o)
 .debug_abbrev  0x00002ede       0x90 .\CortexM3\ARM_GCC_541\Debug\MuflaGLCD.a(DOWN.o)
 .debug_abbrev  0x00002f6e       0x90 .\CortexM3\ARM_GCC_541\Debug\MuflaGLCD.a(RIGHT.o)
 .debug_abbrev  0x00002ffe       0x90 .\CortexM3\ARM_GCC_541\Debug\MuflaGLCD.a(LEFT.o)
 .debug_abbrev  0x0000308e       0x90 .\CortexM3\ARM_GCC_541\Debug\MuflaGLCD.a(BUZZER.o)
 .debug_abbrev  0x0000311e       0x14 .\CortexM3\ARM_GCC_541\Debug\MuflaGLCD.a(CyBootAsmGnu.o)
 .debug_abbrev  0x00003132      0x1a7 .\CortexM3\ARM_GCC_541\Debug\MuflaGLCD.a(CyFlash.o)
 .debug_abbrev  0x000032d9      0x194 .\CortexM3\ARM_GCC_541\Debug\MuflaGLCD.a(CySpc.o)

.debug_line     0x00000000     0x54ae
 *(.debug_line)
 .debug_line    0x00000000      0xaca .\CortexM3\ARM_GCC_541\Debug\main.o
 .debug_line    0x00000aca      0x1c7 .\CortexM3\ARM_GCC_541\Debug\coldJnTemp.o
 .debug_line    0x00000c91      0x1ad .\CortexM3\ARM_GCC_541\Debug\removeoffsetnoise.o
 .debug_line    0x00000e3e      0x683 .\CortexM3\ARM_GCC_541\Debug\ks0108.o
 .debug_line    0x000014c1      0x3f1 .\CortexM3\ARM_GCC_541\Debug\Funciones.o
 .debug_line    0x000018b2      0x20d .\CortexM3\ARM_GCC_541\Debug\cyfitter_cfg.o
 .debug_line    0x00001abf      0x141 .\CortexM3\ARM_GCC_541\Debug\cymetadata.o
 .debug_line    0x00001c00      0x234 .\CortexM3\ARM_GCC_541\Debug\Cm3Start.o
 .debug_line    0x00001e34      0x816 .\CortexM3\ARM_GCC_541\Debug\MuflaGLCD.a(CyLib.o)
 .debug_line    0x0000264a      0x367 .\CortexM3\ARM_GCC_541\Debug\MuflaGLCD.a(cyPm.o)
 .debug_line    0x000029b1      0x39a .\CortexM3\ARM_GCC_541\Debug\MuflaGLCD.a(ADC.o)
 .debug_line    0x00002d4b       0x80 .\CortexM3\ARM_GCC_541\Debug\MuflaGLCD.a(ADC_INT.o)
 .debug_line    0x00002dcb      0x17d .\CortexM3\ARM_GCC_541\Debug\MuflaGLCD.a(ADC_Ext_CP_Clk.o)
 .debug_line    0x00002f48      0x19d .\CortexM3\ARM_GCC_541\Debug\MuflaGLCD.a(ADC_theACLK.o)
 .debug_line    0x000030e5      0x132 .\CortexM3\ARM_GCC_541\Debug\MuflaGLCD.a(Reloj.o)
 .debug_line    0x00003217      0x11e .\CortexM3\ARM_GCC_541\Debug\MuflaGLCD.a(Thermocouple_1.o)
 .debug_line    0x00003335      0x2c0 .\CortexM3\ARM_GCC_541\Debug\MuflaGLCD.a(UART_1.o)
 .debug_line    0x000035f5      0x17e .\CortexM3\ARM_GCC_541\Debug\MuflaGLCD.a(UART_1_IntClock.o)
 .debug_line    0x00003773      0x153 .\CortexM3\ARM_GCC_541\Debug\MuflaGLCD.a(Timer.o)
 .debug_line    0x000038c6      0x264 .\CortexM3\ARM_GCC_541\Debug\MuflaGLCD.a(EEPROM.o)
 .debug_line    0x00003b2a      0x130 .\CortexM3\ARM_GCC_541\Debug\MuflaGLCD.a(RX1.o)
 .debug_line    0x00003c5a       0x90 .\CortexM3\ARM_GCC_541\Debug\MuflaGLCD.a(SSR.o)
 .debug_line    0x00003cea       0x91 .\CortexM3\ARM_GCC_541\Debug\MuflaGLCD.a(DOOR.o)
 .debug_line    0x00003d7b       0x91 .\CortexM3\ARM_GCC_541\Debug\MuflaGLCD.a(LCD1.o)
 .debug_line    0x00003e0c       0x91 .\CortexM3\ARM_GCC_541\Debug\MuflaGLCD.a(LCD2.o)
 .debug_line    0x00003e9d      0x21c .\CortexM3\ARM_GCC_541\Debug\MuflaGLCD.a(ADC_SAR.o)
 .debug_line    0x000040b9       0x54 .\CortexM3\ARM_GCC_541\Debug\MuflaGLCD.a(ADC_SAR_INT.o)
 .debug_line    0x0000410d      0x138 .\CortexM3\ARM_GCC_541\Debug\MuflaGLCD.a(ADC_SAR_IRQ.o)
 .debug_line    0x00004245      0x1a1 .\CortexM3\ARM_GCC_541\Debug\MuflaGLCD.a(ADC_SAR_theACLK.o)
 .debug_line    0x000043e6       0x92 .\CortexM3\ARM_GCC_541\Debug\MuflaGLCD.a(VENT1.o)
 .debug_line    0x00004478       0x91 .\CortexM3\ARM_GCC_541\Debug\MuflaGLCD.a(LCD3.o)
 .debug_line    0x00004509       0x93 .\CortexM3\ARM_GCC_541\Debug\MuflaGLCD.a(ENABLE.o)
 .debug_line    0x0000459c       0x91 .\CortexM3\ARM_GCC_541\Debug\MuflaGLCD.a(CS_1.o)
 .debug_line    0x0000462d       0x90 .\CortexM3\ARM_GCC_541\Debug\MuflaGLCD.a(D_I.o)
 .debug_line    0x000046bd       0x90 .\CortexM3\ARM_GCC_541\Debug\MuflaGLCD.a(R_W.o)
 .debug_line    0x0000474d       0x91 .\CortexM3\ARM_GCC_541\Debug\MuflaGLCD.a(CS_2.o)
 .debug_line    0x000047de       0x92 .\CortexM3\ARM_GCC_541\Debug\MuflaGLCD.a(RESET.o)
 .debug_line    0x00004870       0x91 .\CortexM3\ARM_GCC_541\Debug\MuflaGLCD.a(DB_0.o)
 .debug_line    0x00004901       0x91 .\CortexM3\ARM_GCC_541\Debug\MuflaGLCD.a(DB_1.o)
 .debug_line    0x00004992       0x91 .\CortexM3\ARM_GCC_541\Debug\MuflaGLCD.a(DB_2.o)
 .debug_line    0x00004a23       0x91 .\CortexM3\ARM_GCC_541\Debug\MuflaGLCD.a(DB_3.o)
 .debug_line    0x00004ab4       0x91 .\CortexM3\ARM_GCC_541\Debug\MuflaGLCD.a(DB_4.o)