Archive member included to satisfy reference by file (symbol)

.\CortexM3\ARM_GCC_541\Debug\MuflaGLCD.a(CyLib.o)
                              .\CortexM3\ARM_GCC_541\Debug\Cm3Start.o (CyHalt)
.\CortexM3\ARM_GCC_541\Debug\MuflaGLCD.a(cyPm.o)
                              .\CortexM3\ARM_GCC_541\Debug\MuflaGLCD.a(CyLib.o) (CyPmReadStatus)
.\CortexM3\ARM_GCC_541\Debug\MuflaGLCD.a(ADC.o)
                              .\CortexM3\ARM_GCC_541\Debug\main.o (ADC_Start)
.\CortexM3\ARM_GCC_541\Debug\MuflaGLCD.a(ADC_INT.o)
                              .\CortexM3\ARM_GCC_541\Debug\MuflaGLCD.a(ADC.o) (ADC_ISR1)
.\CortexM3\ARM_GCC_541\Debug\MuflaGLCD.a(ADC_Ext_CP_Clk.o)
                              .\CortexM3\ARM_GCC_541\Debug\MuflaGLCD.a(ADC.o) (ADC_Ext_CP_Clk_SetModeRegister)
.\CortexM3\ARM_GCC_541\Debug\MuflaGLCD.a(ADC_theACLK.o)
                              .\CortexM3\ARM_GCC_541\Debug\MuflaGLCD.a(ADC.o) (ADC_theACLK_SetModeRegister)
.\CortexM3\ARM_GCC_541\Debug\MuflaGLCD.a(Reloj.o)
                              .\CortexM3\ARM_GCC_541\Debug\main.o (Reloj_StartEx)
.\CortexM3\ARM_GCC_541\Debug\MuflaGLCD.a(Thermocouple_1.o)
                              .\CortexM3\ARM_GCC_541\Debug\main.o (Thermocouple_1_GetTemperature)
.\CortexM3\ARM_GCC_541\Debug\MuflaGLCD.a(UART_1.o)
                              .\CortexM3\ARM_GCC_541\Debug\main.o (UART_1_Start)
.\CortexM3\ARM_GCC_541\Debug\MuflaGLCD.a(UART_1_IntClock.o)
                              .\CortexM3\ARM_GCC_541\Debug\MuflaGLCD.a(UART_1.o) (UART_1_IntClock_Start)
.\CortexM3\ARM_GCC_541\Debug\MuflaGLCD.a(Timer.o)
                              .\CortexM3\ARM_GCC_541\Debug\main.o (Timer_Start)
.\CortexM3\ARM_GCC_541\Debug\MuflaGLCD.a(EEPROM.o)
                              .\CortexM3\ARM_GCC_541\Debug\main.o (EEPROM_Start)
.\CortexM3\ARM_GCC_541\Debug\MuflaGLCD.a(RX1.o)
                              .\CortexM3\ARM_GCC_541\Debug\main.o (RX1_StartEx)
.\CortexM3\ARM_GCC_541\Debug\MuflaGLCD.a(SSR.o)
                              .\CortexM3\ARM_GCC_541\Debug\main.o (SSR_Write)
.\CortexM3\ARM_GCC_541\Debug\MuflaGLCD.a(DOOR.o)
                              .\CortexM3\ARM_GCC_541\Debug\main.o (DOOR_Read)
.\CortexM3\ARM_GCC_541\Debug\MuflaGLCD.a(LCD1.o)
                              .\CortexM3\ARM_GCC_541\Debug\main.o (LCD1_Write)
.\CortexM3\ARM_GCC_541\Debug\MuflaGLCD.a(LCD2.o)
                              .\CortexM3\ARM_GCC_541\Debug\main.o (LCD2_Write)
.\CortexM3\ARM_GCC_541\Debug\MuflaGLCD.a(ADC_SAR.o)
                              .\CortexM3\ARM_GCC_541\Debug\main.o (ADC_SAR_Start)
.\CortexM3\ARM_GCC_541\Debug\MuflaGLCD.a(ADC_SAR_INT.o)
                              .\CortexM3\ARM_GCC_541\Debug\MuflaGLCD.a(ADC_SAR.o) (ADC_SAR_ISR)
.\CortexM3\ARM_GCC_541\Debug\MuflaGLCD.a(ADC_SAR_IRQ.o)
                              .\CortexM3\ARM_GCC_541\Debug\main.o (ADC_SAR_IRQ_StartEx)
.\CortexM3\ARM_GCC_541\Debug\MuflaGLCD.a(ADC_SAR_theACLK.o)
                              .\CortexM3\ARM_GCC_541\Debug\MuflaGLCD.a(ADC_SAR.o) (ADC_SAR_theACLK_SetModeRegister)
.\CortexM3\ARM_GCC_541\Debug\MuflaGLCD.a(VENT1.o)
                              .\CortexM3\ARM_GCC_541\Debug\main.o (VENT1_Write)
.\CortexM3\ARM_GCC_541\Debug\MuflaGLCD.a(LCD3.o)
                              .\CortexM3\ARM_GCC_541\Debug\main.o (LCD3_Write)
.\CortexM3\ARM_GCC_541\Debug\MuflaGLCD.a(ENABLE.o)
                              .\CortexM3\ARM_GCC_541\Debug\ks0108.o (ENABLE_Write)
.\CortexM3\ARM_GCC_541\Debug\MuflaGLCD.a(CS_1.o)
                              .\CortexM3\ARM_GCC_541\Debug\ks0108.o (CS_1_Write)
.\CortexM3\ARM_GCC_541\Debug\MuflaGLCD.a(D_I.o)
                              .\CortexM3\ARM_GCC_541\Debug\ks0108.o (D_I_Write)
.\CortexM3\ARM_GCC_541\Debug\MuflaGLCD.a(R_W.o)
                              .\CortexM3\ARM_GCC_541\Debug\ks0108.o (R_W_Write)
.\CortexM3\ARM_GCC_541\Debug\MuflaGLCD.a(CS_2.o)
                              .\CortexM3\ARM_GCC_541\Debug\ks0108.o (CS_2_Write)
.\CortexM3\ARM_GCC_541\Debug\MuflaGLCD.a(RESET.o)
                              .\CortexM3\ARM_GCC_541\Debug\ks0108.o (RESET_Write)
.\CortexM3\ARM_GCC_541\Debug\MuflaGLCD.a(DB_0.o)
                              .\CortexM3\ARM_GCC_541\Debug\ks0108.o (DB_0_Write)
.\CortexM3\ARM_GCC_541\Debug\MuflaGLCD.a(DB_1.o)
                              .\CortexM3\ARM_GCC_541\Debug\ks0108.o (DB_1_Write)
.\CortexM3\ARM_GCC_541\Debug\MuflaGLCD.a(DB_2.o)
                              .\CortexM3\ARM_GCC_541\Debug\ks0108.o (DB_2_Write)
.\CortexM3\ARM_GCC_541\Debug\MuflaGLCD.a(DB_3.o)
                              .\CortexM3\ARM_GCC_541\Debug\ks0108.o (DB_3_Write)
.\CortexM3\ARM_GCC_541\Debug\MuflaGLCD.a(DB_4.o)
                              .\CortexM3\ARM_GCC_541\Debug\ks0108.o (DB_4_Write)
.\CortexM3\ARM_GCC_541\Debug\MuflaGLCD.a(DB_5.o)
                              .\CortexM3\ARM_GCC_541\Debug\ks0108.o (DB_5_Write)
.\CortexM3\ARM_GCC_541\Debug\MuflaGLCD.a(DB_6.o)
                              .\CortexM3\ARM_GCC_541\Debug\ks0108.o (DB_6_Write)
[...]
Memory Configuration

Name             Origin             Length             Attributes
rom              0x00000000         0x00040000         xr
ram              0x1fff8000         0x00010000         xrw
*default*        0x00000000         0xffffffff

Linker script and memory map

LOAD c:/program files (x86)/cypress/psoc creator/4.4/psoc creator/import/gnu/arm/5.4.1/bin/../lib/gcc/arm-none-eabi/5.4.1/armv7-m/crti.o
LOAD c:/program files (x86)/cypress/psoc creator/4.4/psoc creator/import/gnu/arm/5.4.1/bin/../lib/gcc/arm-none-eabi/5.4.1/armv7-m/crtbegin.o
LOAD c:/program files (x86)/cypress/psoc creator/4.4/psoc creator/import/gnu/arm/5.4.1/bin/../lib/gcc/arm-none-eabi/5.4.1/../../../../arm-none-eabi/lib/armv7-m/crt0.o
START GROUP
LOAD .\CortexM3\ARM_GCC_541\Debug\main.o
LOAD .\CortexM3\ARM_GCC_541\Debug\coldJnTemp.o
LOAD .\CortexM3\ARM_GCC_541\Debug\removeoffsetnoise.o
LOAD .\CortexM3\ARM_GCC_541\Debug\ks0108.o
LOAD .\CortexM3\ARM_GCC_541\Debug\Funciones.o
LOAD .\CortexM3\ARM_GCC_541\Debug\cyfitter_cfg.o
LOAD .\CortexM3\ARM_GCC_541\Debug\cymetadata.o
LOAD .\CortexM3\ARM_GCC_541\Debug\Cm3Start.o
LOAD .\CortexM3\ARM_GCC_541\Debug\MuflaGLCD.a
LOAD C:\Program Files (x86)\Cypress\PSoC Creator\4.4\PSoC Creator\psoc\content\cycomponentlibrary\CyComponentLibrary.cylib\CortexM3\ARM_GCC_541\Debug\CyComponentLibrary.a
END GROUP
START GROUP
LOAD c:/program files (x86)/cypress/psoc creator/4.4/psoc creator/import/gnu/arm/5.4.1/bin/../lib/gcc/arm-none-eabi/5.4.1/armv7-m\libgcc.a
LOAD c:/program files (x86)/cypress/psoc creator/4.4/psoc creator/import/gnu/arm/5.4.1/bin/../lib/gcc/arm-none-eabi/5.4.1/../../../../arm-none-eabi/lib/armv7-m\libg_nano.a
LOAD c:/program files (x86)/cypress/psoc creator/4.4/psoc creator/import/gnu/arm/5.4.1/bin/../lib/gcc/arm-none-eabi/5.4.1/../../../../arm-none-eabi/lib/armv7-m\libc_nano.a
END GROUP
START GROUP
LOAD c:/program files (x86)/cypress/psoc creator/4.4/psoc creator/import/gnu/arm/5.4.1/bin/../lib/gcc/arm-none-eabi/5.4.1/armv7-m\libgcc.a
LOAD c:/program files (x86)/cypress/psoc creator/4.4/psoc creator/import/gnu/arm/5.4.1/bin/../lib/gcc/arm-none-eabi/5.4.1/../../../../arm-none-eabi/lib/armv7-m\libc_nano.a
END GROUP
LOAD c:/program files (x86)/cypress/psoc creator/4.4/psoc creator/import/gnu/arm/5.4.1/bin/../lib/gcc/arm-none-eabi/5.4.1/armv7-m/crtend.o
LOAD c:/program files (x86)/cypress/psoc creator/4.4/psoc creator/import/gnu/arm/5.4.1/bin/../lib/gcc/arm-none-eabi/5.4.1/armv7-m/crtn.o
START GROUP
LOAD c:/program files (x86)/cypress/psoc creator/4.4/psoc creator/import/gnu/arm/5.4.1/bin/../lib/gcc/arm-none-eabi/5.4.1/armv7-m\libgcc.a
LOAD c:/program files (x86)/cypress/psoc creator/4.4/psoc creator/import/gnu/arm/5.4.1/bin/../lib/gcc/arm-none-eabi/5.4.1/../../../../arm-none-eabi/lib/armv7-m\libc.a
LOAD c:/program files (x86)/cypress/psoc creator/4.4/psoc creator/import/gnu/arm/5.4.1/bin/../lib/gcc/arm-none-eabi/5.4.1/../../../../arm-none-eabi/lib/armv7-m\libnosys.a
END GROUP
                0x00000000                CY_APPL_ORIGIN = 0x0
                0x00000100                CY_FLASH_ROW_SIZE = 0x100
                0x00000020                CY_ECC_ROW_SIZE = 0x20
                0x00000000                CY_EE_IN_BTLDR = 0x0
                0x00000000                CY_APPL_LOADABLE = 0x0
                0x00000800                CY_EE_SIZE = 0x800
                0x00000001                CY_APPL_NUM = 0x1
                0x00000001                CY_APPL_MAX = 0x1
                0x00000040                CY_METADATA_SIZE = 0x40
                0x00000000                CY_APPL_LOADABLE = 0x0
                0x00000000                CY_CHECKSUM_EXCLUDE_SIZE = ALIGN (0x0, CY_FLASH_ROW_SIZE)
                [!provide]                PROVIDE (__cy_heap_start, _end)
                0x00000001                PROVIDE (__cy_region_num, ((__cy_regions_end - __cy_regions) / 0x10))
                0x20008000                PROVIDE (__cy_stack, (ORIGIN (ram) + LENGTH (ram)))
                [!provide]                PROVIDE (__cy_heap_end, (__cy_stack - 0x800))

.cybootloader   0x00000000        0x0
 *(.cybootloader)
                0x00000000                appl1_start = CY_APPL_ORIGIN?CY_APPL_ORIGIN:ALIGN (CY_FLASH_ROW_SIZE)
                0x0001ff00                appl2_start = (appl1_start + ALIGN ((((LENGTH (rom) - appl1_start) - (0x2 * CY_FLASH_ROW_SIZE)) / 0x2), CY_FLASH_ROW_SIZE))
                0x00000000                appl_start = (CY_APPL_NUM == 0x1)?appl1_start:appl2_start
                0x00000000                ecc_offset = ((appl_start / CY_FLASH_ROW_SIZE) * CY_ECC_ROW_SIZE)
                0x00000000                ee_offset = (CY_APPL_LOADABLE && ! (CY_EE_IN_BTLDR))?((CY_EE_SIZE / CY_APPL_MAX) * (CY_APPL_NUM - 0x1)):0x0
                0x00000800                ee_size = (CY_APPL_LOADABLE && ! (CY_EE_IN_BTLDR))?(CY_EE_SIZE / CY_APPL_MAX):CY_EE_SIZE
                [!provide]                PROVIDE (CY_ECC_OFFSET, ecc_offset)

.text           0x00000000     0xcb14
 CREATE_OBJECT_SYMBOLS
                0x00000000                PROVIDE (__cy_interrupt_vector, RomVectors)
 *(.romvectors)
 .romvectors    0x00000000       0x10 .\CortexM3\ARM_GCC_541\Debug\Cm3Start.o
                0x00000000                RomVectors
                0x00000001                ASSERT ((. != __cy_interrupt_vector), No interrupt vector)
                0x00000001                ASSERT (CY_APPL_ORIGIN?(SIZEOF (.cybootloader) <= CY_APPL_ORIGIN):0x1, Wrong image location)
                0x00000010                PROVIDE (__cy_reset, Reset)
 *(.text.Reset)
 .text.Reset    0x00000010       0x18 .\CortexM3\ARM_GCC_541\Debug\Cm3Start.o
                0x00000010                Reset
                0x00000001                ASSERT ((. != __cy_reset), No reset code)
 *(.dma_init)
                0x00000001                ASSERT ((((appl_start + .) <= 0x10000) || 0x1), DMA Init must be within the first 64k of flash)
 *(.text .text.* .gnu.linkonce.t.*)
 .text          0x00000028       0x5c c:/program files (x86)/cypress/psoc creator/4.4/psoc creator/import/gnu/arm/5.4.1/bin/../lib/gcc/arm-none-eabi/5.4.1/armv7-m/crtbegin.o
 .text.ADC_SAR_ISR_LOC
                0x00000084       0x1c .\CortexM3\ARM_GCC_541\Debug\main.o
                0x00000084                ADC_SAR_ISR_LOC
 .text.Reloj2   0x000000a0      0x348 .\CortexM3\ARM_GCC_541\Debug\main.o
                0x000000a0                Reloj2
 .text.inteRX1  0x000003e8       0x94 .\CortexM3\ARM_GCC_541\Debug\main.o
                0x000003e8                inteRX1
 .text.ActualizaRecta
                0x0000047c       0xf4 .\CortexM3\ARM_GCC_541\Debug\main.o
                0x0000047c                ActualizaRecta
 .text.Controla
                0x00000570      0x764 .\CortexM3\ARM_GCC_541\Debug\main.o
                0x00000570                Controla
 .text.leeTermocupla
                0x00000cd4      0x1a4 .\CortexM3\ARM_GCC_541\Debug\main.o
                0x00000cd4                leeTermocupla
 .text.main     0x00000e78     0x4df4 .\CortexM3\ARM_GCC_541\Debug\main.o
                0x00000e78                main
 .text.MeasureColdJnSensorTemp
                0x00005c6c       0x90 .\CortexM3\ARM_GCC_541\Debug\coldJnTemp.o
                0x00005c6c                MeasureColdJnSensorTemp
 .text.FilterSignal
                0x00005cfc       0x38 .\CortexM3\ARM_GCC_541\Debug\removeoffsetnoise.o
                0x00005cfc                FilterSignal
 .text.vLcdDataWrite
                0x00005d34       0x98 .\CortexM3\ARM_GCC_541\Debug\ks0108.o
                0x00005d34                vLcdDataWrite
 .text.glcd_writeByte
                0x00005dcc       0x48 .\CortexM3\ARM_GCC_541\Debug\ks0108.o
                0x00005dcc                glcd_writeByte
 .text.glcd_update
                0x00005e14       0x7c .\CortexM3\ARM_GCC_541\Debug\ks0108.o
                0x00005e14                glcd_update
 .text.glcd_fillScreen
                0x00005e90       0x28 .\CortexM3\ARM_GCC_541\Debug\ks0108.o
                0x00005e90                glcd_fillScreen
 .text.glcd_init
                0x00005eb8       0x84 .\CortexM3\ARM_GCC_541\Debug\ks0108.o
                0x00005eb8                glcd_init
 .text.glcd_pixel
                0x00005f3c       0x48 .\CortexM3\ARM_GCC_541\Debug\ks0108.o
                0x00005f3c                glcd_pixel
 .text.glcd_line
                0x00005f84       0xec .\CortexM3\ARM_GCC_541\Debug\ks0108.o
                0x00005f84                glcd_line
 .text.glcd_rect
                0x00006070       0x84 .\CortexM3\ARM_GCC_541\Debug\ks0108.o
                0x00006070                glcd_rect
 .text.glcd_circle
                0x000060f4      0x124 .\CortexM3\ARM_GCC_541\Debug\ks0108.o
                0x000060f4                glcd_circle
 .text.glcd_text57
                0x00006218      0x128 .\CortexM3\ARM_GCC_541\Debug\ks0108.o
                0x00006218                glcd_text57
 .text.displayMenu
                0x00006340       0xb4 .\CortexM3\ARM_GCC_541\Debug\ks0108.o
                0x00006340                displayMenu
 .text.displayTemps
                0x000063f4      0x234 .\CortexM3\ARM_GCC_541\Debug\ks0108.o
                0x000063f4                displayTemps
 .text.displayTiempo
                0x00006628      0x12c .\CortexM3\ARM_GCC_541\Debug\ks0108.o
                0x00006628                displayTiempo
 .text.displayTemperatura
                0x00006754      0x118 .\CortexM3\ARM_GCC_541\Debug\ks0108.o
                0x00006754                displayTemperatura
 .text.glcd_imagen
                0x0000686c       0x5c .\CortexM3\ARM_GCC_541\Debug\ks0108.o
                0x0000686c                glcd_imagen
 .text.displayT
                0x000068c8       0x4c .\CortexM3\ARM_GCC_541\Debug\ks0108.o
                0x000068c8                displayT
 .text.displayFloat
                0x00006914       0x54 .\CortexM3\ARM_GCC_541\Debug\ks0108.o
                0x00006914                displayFloat
 .text.displayContrasena
                0x00006968       0x80 .\CortexM3\ARM_GCC_541\Debug\ks0108.o
                0x00006968                displayContrasena
 .text.extraeDecimal
                0x000069e8       0x28 .\CortexM3\ARM_GCC_541\Debug\Funciones.o
                0x000069e8                extraeDecimal
 .text.convert8
                0x00006a10       0x14 .\CortexM3\ARM_GCC_541\Debug\Funciones.o
                0x00006a10                convert8
 .text.convert16
                0x00006a24        0x8 .\CortexM3\ARM_GCC_541\Debug\Funciones.o
                0x00006a24                convert16
 *fill*         0x00006a2c        0x4 
 .text.leeEEPROM
                0x00006a30      0x908 .\CortexM3\ARM_GCC_541\Debug\Funciones.o
                0x00006a30                leeEEPROM
 .text.PidePassword
                0x00007338      0x41c .\CortexM3\ARM_GCC_541\Debug\Funciones.o
                0x00007338                PidePassword
 .text.MuestraSegmento
                0x00007754      0x710 .\CortexM3\ARM_GCC_541\Debug\Funciones.o
                0x00007754                MuestraSegmento
 .text.CyClockStartupError
                0x00007e64        0x4 .\CortexM3\ARM_GCC_541\Debug\cyfitter_cfg.o
 .text.cfg_write_bytes32
                0x00007e68       0x34 .\CortexM3\ARM_GCC_541\Debug\cyfitter_cfg.o
 .text.CYMEMZERO
                0x00007e9c        0xc .\CortexM3\ARM_GCC_541\Debug\cyfitter_cfg.o
 .text.AnalogSetDefault
                0x00007ea8       0x84 .\CortexM3\ARM_GCC_541\Debug\cyfitter_cfg.o
 .text.CYCONFIGCPY
                0x00007f2c        0x8 .\CortexM3\ARM_GCC_541\Debug\cyfitter_cfg.o
 .text.ClockSetup
                0x00007f34       0xf4 .\CortexM3\ARM_GCC_541\Debug\cyfitter_cfg.o
 .text.cyfitter_cfg
                0x00008028      0x178 .\CortexM3\ARM_GCC_541\Debug\cyfitter_cfg.o
                0x00008028                cyfitter_cfg
 .text.IntDefaultHandler
                0x000081a0       0x10 .\CortexM3\ARM_GCC_541\Debug\Cm3Start.o
                0x000081a0                IntDefaultHandler
 .text._sbrk    0x000081b0       0x30 .\CortexM3\ARM_GCC_541\Debug\Cm3Start.o
                0x000081b0                _sbrk
 .text.Start_c  0x000081e0       0x4c .\CortexM3\ARM_GCC_541\Debug\Cm3Start.o
                0x000081e0                Start_c
 .text.initialize_psoc
                0x0000822c       0x68 .\CortexM3\ARM_GCC_541\Debug\Cm3Start.o
                0x0000822c                initialize_psoc
 .text.CyHalt   0x00008294        0x4 .\CortexM3\ARM_GCC_541\Debug\MuflaGLCD.a(CyLib.o)
                0x00008294                CyHalt
 .text.CySoftwareReset
                0x00008298       0x10 .\CortexM3\ARM_GCC_541\Debug\MuflaGLCD.a(CyLib.o)
                0x00008298                CySoftwareReset
 .text.CyDelay  0x000082a8       0x2c .\CortexM3\ARM_GCC_541\Debug\MuflaGLCD.a(CyLib.o)
                0x000082a8                CyDelay
 .text.CyDelayUs
                0x000082d4       0x14 .\CortexM3\ARM_GCC_541\Debug\MuflaGLCD.a(CyLib.o)
                0x000082d4                CyDelayUs
 .text.CyIntSetVector
                0x000082e8       0x28 .\CortexM3\ARM_GCC_541\Debug\MuflaGLCD.a(CyLib.o)
                0x000082e8                CyIntSetVector
 .text.CyIntSetPriority
                0x00008310       0x30 .\CortexM3\ARM_GCC_541\Debug\MuflaGLCD.a(CyLib.o)
                0x00008310                CyIntSetPriority
 .text.ADC_GainCompensation
                0x00008340       0xe0 .\CortexM3\ARM_GCC_541\Debug\MuflaGLCD.a(ADC.o)
 .text.ADC_SetDSMRef0Reg
                0x00008420       0x4c .\CortexM3\ARM_GCC_541\Debug\MuflaGLCD.a(ADC.o)
 .text.ADC_InitConfig
                0x0000846c      0x268 .\CortexM3\ARM_GCC_541\Debug\MuflaGLCD.a(ADC.o)
 .text.ADC_Init
                0x000086d4       0xfc .\CortexM3\ARM_GCC_541\Debug\MuflaGLCD.a(ADC.o)
                0x000086d4                ADC_Init
 .text.ADC_Enable
                0x000087d0       0xd8 .\CortexM3\ARM_GCC_541\Debug\MuflaGLCD.a(ADC.o)
                0x000087d0                ADC_Enable
 .text.ADC_Start
                0x000088a8       0x28 .\CortexM3\ARM_GCC_541\Debug\MuflaGLCD.a(ADC.o)
                0x000088a8                ADC_Start
 .text.ADC_Stop
                0x000088d0       0xe4 .\CortexM3\ARM_GCC_541\Debug\MuflaGLCD.a(ADC.o)
                0x000088d0                ADC_Stop
 .text.ADC_StartConvert
                0x000089b4       0x10 .\CortexM3\ARM_GCC_541\Debug\MuflaGLCD.a(ADC.o)
                0x000089b4                ADC_StartConvert
 .text.ADC_StopConvert
                0x000089c4       0x10 .\CortexM3\ARM_GCC_541\Debug\MuflaGLCD.a(ADC.o)
                0x000089c4                ADC_StopConvert
 .text.ADC_IsEndConversion
                0x000089d4       0x30 .\CortexM3\ARM_GCC_541\Debug\MuflaGLCD.a(ADC.o)
                0x000089d4                ADC_IsEndConversion
 .text.ADC_GetResult32
                0x00008a04       0x6c .\CortexM3\ARM_GCC_541\Debug\MuflaGLCD.a(ADC.o)
                0x00008a04                ADC_GetResult32
 .text.ADC_CountsTo_uVolts
                0x00008a70       0x78 .\CortexM3\ARM_GCC_541\Debug\MuflaGLCD.a(ADC.o)
                0x00008a70                ADC_CountsTo_uVolts
 .text.ADC_SelectConfiguration
                0x00008ae8       0x64 .\CortexM3\ARM_GCC_541\Debug\MuflaGLCD.a(ADC.o)
                0x00008ae8                ADC_SelectConfiguration
 .text.ADC_ISR1
                0x00008b4c        0x4 .\CortexM3\ARM_GCC_541\Debug\MuflaGLCD.a(ADC_INT.o)
                0x00008b4c                ADC_ISR1
 .text.ADC_ISR2
                0x00008b50        0x4 .\CortexM3\ARM_GCC_541\Debug\MuflaGLCD.a(ADC_INT.o)
                0x00008b50                ADC_ISR2
 .text.ADC_ISR3
                0x00008b54        0x4 .\CortexM3\ARM_GCC_541\Debug\MuflaGLCD.a(ADC_INT.o)
                0x00008b54                ADC_ISR3
 .text.ADC_Ext_CP_Clk_GetDividerRegister
                0x00008b58        0xc .\CortexM3\ARM_GCC_541\Debug\MuflaGLCD.a(ADC_Ext_CP_Clk.o)
                0x00008b58                ADC_Ext_CP_Clk_GetDividerRegister
 .text.ADC_Ext_CP_Clk_SetModeRegister
                0x00008b64       0x14 .\CortexM3\ARM_GCC_541\Debug\MuflaGLCD.a(ADC_Ext_CP_Clk.o)
                0x00008b64                ADC_Ext_CP_Clk_SetModeRegister
 .text.ADC_Ext_CP_Clk_GetSourceRegister
                0x00008b78       0x10 .\CortexM3\ARM_GCC_541\Debug\MuflaGLCD.a(ADC_Ext_CP_Clk.o)
                0x00008b78                ADC_Ext_CP_Clk_GetSourceRegister
 .text.ADC_Ext_CP_Clk_SetDividerRegister
                0x00008b88       0xd8 .\CortexM3\ARM_GCC_541\Debug\MuflaGLCD.a(ADC_Ext_CP_Clk.o)
                0x00008b88                ADC_Ext_CP_Clk_SetDividerRegister
 .text.ADC_theACLK_GetDividerRegister
                0x00008c60        0xc .\CortexM3\ARM_GCC_541\Debug\MuflaGLCD.a(ADC_theACLK.o)
                0x00008c60                ADC_theACLK_GetDividerRegister
 .text.ADC_theACLK_SetModeRegister
                0x00008c6c       0x14 .\CortexM3\ARM_GCC_541\Debug\MuflaGLCD.a(ADC_theACLK.o)
                0x00008c6c                ADC_theACLK_SetModeRegister
 .text.ADC_theACLK_GetSourceRegister
                0x00008c80       0x10 .\CortexM3\ARM_GCC_541\Debug\MuflaGLCD.a(ADC_theACLK.o)
                0x00008c80                ADC_theACLK_GetSourceRegister
 .text.ADC_theACLK_SetDividerRegister
                0x00008c90       0xdc .\CortexM3\ARM_GCC_541\Debug\MuflaGLCD.a(ADC_theACLK.o)
                0x00008c90                ADC_theACLK_SetDividerRegister
 .text.Reloj_SetVector
                0x00008d6c        0xc .\CortexM3\ARM_GCC_541\Debug\MuflaGLCD.a(Reloj.o)
                0x00008d6c                Reloj_SetVector
 .text.Reloj_SetPriority
                0x00008d78       0x10 .\CortexM3\ARM_GCC_541\Debug\MuflaGLCD.a(Reloj.o)
                0x00008d78                Reloj_SetPriority
 .text.Reloj_Enable
                0x00008d88        0xc .\CortexM3\ARM_GCC_541\Debug\MuflaGLCD.a(Reloj.o)
                0x00008d88                Reloj_Enable
 .text.Reloj_Disable
                0x00008d94        0xc .\CortexM3\ARM_GCC_541\Debug\MuflaGLCD.a(Reloj.o)
                0x00008d94                Reloj_Disable
 .text.Reloj_StartEx
                0x00008da0       0x1c .\CortexM3\ARM_GCC_541\Debug\MuflaGLCD.a(Reloj.o)
                0x00008da0                Reloj_StartEx
 .text.Thermocouple_1_MultShift24
                0x00008dbc       0x38 .\CortexM3\ARM_GCC_541\Debug\MuflaGLCD.a(Thermocouple_1.o)
                0x00008dbc                Thermocouple_1_MultShift24
 .text.Thermocouple_1_GetTemperature
                0x00008df4       0xec .\CortexM3\ARM_GCC_541\Debug\MuflaGLCD.a(Thermocouple_1.o)
                0x00008df4                Thermocouple_1_GetTemperature
 .text.Thermocouple_1_GetVoltage
                0x00008ee0       0x54 .\CortexM3\ARM_GCC_541\Debug\MuflaGLCD.a(Thermocouple_1.o)
                0x00008ee0                Thermocouple_1_GetVoltage
 .text.UART_1_Init
                0x00008f34       0x24 .\CortexM3\ARM_GCC_541\Debug\MuflaGLCD.a(UART_1.o)
                0x00008f34                UART_1_Init
 .text.UART_1_Enable
                0x00008f58       0x38 .\CortexM3\ARM_GCC_541\Debug\MuflaGLCD.a(UART_1.o)
                0x00008f58                UART_1_Enable
 .text.UART_1_Start
                0x00008f90       0x1c .\CortexM3\ARM_GCC_541\Debug\MuflaGLCD.a(UART_1.o)
                0x00008f90                UART_1_Start
 .text.UART_1_ReadRxData
                0x00008fac        0xc .\CortexM3\ARM_GCC_541\Debug\MuflaGLCD.a(UART_1.o)
                0x00008fac                UART_1_ReadRxData
 .text.UART_1_ReadRxStatus
                0x00008fb8       0x10 .\CortexM3\ARM_GCC_541\Debug\MuflaGLCD.a(UART_1.o)
                0x00008fb8                UART_1_ReadRxStatus
 .text.UART_1_GetByte
                0x00008fc8       0x14 .\CortexM3\ARM_GCC_541\Debug\MuflaGLCD.a(UART_1.o)
                0x00008fc8                UART_1_GetByte
 .text.UART_1_IntClock_Start
                0x00008fdc       0x1c .\CortexM3\ARM_GCC_541\Debug\MuflaGLCD.a(UART_1_IntClock.o)
                0x00008fdc                UART_1_IntClock_Start
 .text.Timer_Enable
                0x00008ff8       0x28 .\CortexM3\ARM_GCC_541\Debug\MuflaGLCD.a(Timer.o)
                0x00008ff8                Timer_Enable
 .text.Timer_SetInterruptMode
                0x00009020        0xc .\CortexM3\ARM_GCC_541\Debug\MuflaGLCD.a(Timer.o)
                0x00009020                Timer_SetInterruptMode
 .text.Timer_WritePeriod
                0x0000902c        0xc .\CortexM3\ARM_GCC_541\Debug\MuflaGLCD.a(Timer.o)
                0x0000902c                Timer_WritePeriod
 .text.Timer_WriteCounter
                0x00009038        0xc .\CortexM3\ARM_GCC_541\Debug\MuflaGLCD.a(Timer.o)
                0x00009038                Timer_WriteCounter
 .text.Timer_Init
                0x00009044       0x68 .\CortexM3\ARM_GCC_541\Debug\MuflaGLCD.a(Timer.o)
                0x00009044                Timer_Init
 .text.Timer_Start
                0x000090ac       0x1c .\CortexM3\ARM_GCC_541\Debug\MuflaGLCD.a(Timer.o)
                0x000090ac                Timer_Start
 .text.EEPROM_Enable
                0x000090c8        0xc .\CortexM3\ARM_GCC_541\Debug\MuflaGLCD.a(EEPROM.o)
                0x000090c8                EEPROM_Enable
 .text.EEPROM_Start
                0x000090d4        0x8 .\CortexM3\ARM_GCC_541\Debug\MuflaGLCD.a(EEPROM.o)
                0x000090d4                EEPROM_Start
 .text.EEPROM_WriteByte
                0x000090dc       0xd0 .\CortexM3\ARM_GCC_541\Debug\MuflaGLCD.a(EEPROM.o)
                0x000090dc                EEPROM_WriteByte
 .text.EEPROM_ReadByte
                0x000091ac       0x28 .\CortexM3\ARM_GCC_541\Debug\MuflaGLCD.a(EEPROM.o)
                0x000091ac                EEPROM_ReadByte
 .text.RX1_SetVector
                0x000091d4        0xc .\CortexM3\ARM_GCC_541\Debug\MuflaGLCD.a(RX1.o)
                0x000091d4                RX1_SetVector
 .text.RX1_SetPriority
                0x000091e0       0x10 .\CortexM3\ARM_GCC_541\Debug\MuflaGLCD.a(RX1.o)
                0x000091e0                RX1_SetPriority
 .text.RX1_Enable
                0x000091f0        0xc .\CortexM3\ARM_GCC_541\Debug\MuflaGLCD.a(RX1.o)
                0x000091f0                RX1_Enable
 .text.RX1_Disable
                0x000091fc        0xc .\CortexM3\ARM_GCC_541\Debug\MuflaGLCD.a(RX1.o)
                0x000091fc                RX1_Disable
 .text.RX1_StartEx
                0x00009208       0x1c .\CortexM3\ARM_GCC_541\Debug\MuflaGLCD.a(RX1.o)
                0x00009208                RX1_StartEx
 .text.SSR_Write
                0x00009224       0x18 .\CortexM3\ARM_GCC_541\Debug\MuflaGLCD.a(SSR.o)
                0x00009224                SSR_Write
 .text.DOOR_Read
                0x0000923c       0x10 .\CortexM3\ARM_GCC_541\Debug\MuflaGLCD.a(DOOR.o)
                0x0000923c                DOOR_Read
 .text.LCD1_Write
                0x0000924c       0x18 .\CortexM3\ARM_GCC_541\Debug\MuflaGLCD.a(LCD1.o)
                0x0000924c                LCD1_Write
 .text.LCD2_Write
                0x00009264       0x18 .\CortexM3\ARM_GCC_541\Debug\MuflaGLCD.a(LCD2.o)
                0x00009264                LCD2_Write
 .text.ADC_SAR_CalcGain
                0x0000927c       0x5c .\CortexM3\ARM_GCC_541\Debug\MuflaGLCD.a(ADC_SAR.o)
 .text.ADC_SAR_Enable
                0x000092d8       0x94 .\CortexM3\ARM_GCC_541\Debug\MuflaGLCD.a(ADC_SAR.o)
                0x000092d8                ADC_SAR_Enable
 .text.ADC_SAR_SetResolution
                0x0000936c       0x38 .\CortexM3\ARM_GCC_541\Debug\MuflaGLCD.a(ADC_SAR.o)
                0x0000936c                ADC_SAR_SetResolution
 .text.ADC_SAR_Init
                0x000093a4       0x3c .\CortexM3\ARM_GCC_541\Debug\MuflaGLCD.a(ADC_SAR.o)
                0x000093a4                ADC_SAR_Init
 .text.ADC_SAR_Start
                0x000093e0       0x1c .\CortexM3\ARM_GCC_541\Debug\MuflaGLCD.a(ADC_SAR.o)
                0x000093e0                ADC_SAR_Start
 .text.ADC_SAR_StartConvert
                0x000093fc       0x10 .\CortexM3\ARM_GCC_541\Debug\MuflaGLCD.a(ADC_SAR.o)
                0x000093fc                ADC_SAR_StartConvert
 .text.ADC_SAR_CountsTo_mVolts
                0x0000940c       0x58 .\CortexM3\ARM_GCC_541\Debug\MuflaGLCD.a(ADC_SAR.o)
                0x0000940c                ADC_SAR_CountsTo_mVolts
 .text.ADC_SAR_ISR
                0x00009464        0x4 .\CortexM3\ARM_GCC_541\Debug\MuflaGLCD.a(ADC_SAR_INT.o)
                0x00009464                ADC_SAR_ISR
 .text.ADC_SAR_IRQ_SetVector
                0x00009468        0xc .\CortexM3\ARM_GCC_541\Debug\MuflaGLCD.a(ADC_SAR_IRQ.o)
                0x00009468                ADC_SAR_IRQ_SetVector
 .text.ADC_SAR_IRQ_SetPriority
                0x00009474       0x10 .\CortexM3\ARM_GCC_541\Debug\MuflaGLCD.a(ADC_SAR_IRQ.o)
                0x00009474                ADC_SAR_IRQ_SetPriority
 .text.ADC_SAR_IRQ_Enable
                0x00009484        0xc .\CortexM3\ARM_GCC_541\Debug\MuflaGLCD.a(ADC_SAR_IRQ.o)
                0x00009484                ADC_SAR_IRQ_Enable
 .text.ADC_SAR_IRQ_Disable
                0x00009490        0xc .\CortexM3\ARM_GCC_541\Debug\MuflaGLCD.a(ADC_SAR_IRQ.o)
                0x00009490                ADC_SAR_IRQ_Disable
 .text.ADC_SAR_IRQ_StartEx
                0x0000949c       0x1c .\CortexM3\ARM_GCC_541\Debug\MuflaGLCD.a(ADC_SAR_IRQ.o)
                0x0000949c                ADC_SAR_IRQ_StartEx
 .text.ADC_SAR_theACLK_SetModeRegister
                0x000094b8       0x14 .\CortexM3\ARM_GCC_541\Debug\MuflaGLCD.a(ADC_SAR_theACLK.o)
                0x000094b8                ADC_SAR_theACLK_SetModeRegister
 .text.VENT1_Write
                0x000094cc       0x18 .\CortexM3\ARM_GCC_541\Debug\MuflaGLCD.a(VENT1.o)
                0x000094cc                VENT1_Write
 .text.LCD3_Write
                0x000094e4       0x18 .\CortexM3\ARM_GCC_541\Debug\MuflaGLCD.a(LCD3.o)
                0x000094e4                LCD3_Write
 .text.ENABLE_Write
                0x000094fc       0x18 .\CortexM3\ARM_GCC_541\Debug\MuflaGLCD.a(ENABLE.o)
                0x000094fc                ENABLE_Write
 .text.CS_1_Write
                0x00009514       0x18 .\CortexM3\ARM_GCC_541\Debug\MuflaGLCD.a(CS_1.o)
                0x00009514                CS_1_Write
 .text.D_I_Write
                0x0000952c       0x18 .\CortexM3\ARM_GCC_541\Debug\MuflaGLCD.a(D_I.o)
                0x0000952c                D_I_Write
 .text.R_W_Write
                0x00009544       0x18 .\CortexM3\ARM_GCC_541\Debug\MuflaGLCD.a(R_W.o)
                0x00009544                R_W_Write
 .text.CS_2_Write
                0x0000955c       0x18 .\CortexM3\ARM_GCC_541\Debug\MuflaGLCD.a(CS_2.o)
                0x0000955c                CS_2_Write
 .text.RESET_Write
                0x00009574       0x18 .\CortexM3\ARM_GCC_541\Debug\MuflaGLCD.a(RESET.o)
                0x00009574                RESET_Write
 .text.DB_0_Write
                0x0000958c       0x18 .\CortexM3\ARM_GCC_541\Debug\MuflaGLCD.a(DB_0.o)
                0x0000958c                DB_0_Write
 .text.DB_1_Write
                0x000095a4       0x18 .\CortexM3\ARM_GCC_541\Debug\MuflaGLCD.a(DB_1.o)
                0x000095a4                DB_1_Write
 .text.DB_2_Write
                0x000095bc       0x18 .\CortexM3\ARM_GCC_541\Debug\MuflaGLCD.a(DB_2.o)
                0x000095bc                DB_2_Write
 .text.DB_3_Write
                0x000095d4       0x18 .\CortexM3\ARM_GCC_541\Debug\MuflaGLCD.a(DB_3.o)
                0x000095d4                DB_3_Write
 .text.DB_4_Write
                0x000095ec       0x18 .\CortexM3\ARM_GCC_541\Debug\MuflaGLCD.a(DB_4.o)
                0x000095ec                DB_4_Write
 .text.DB_5_Write
                0x00009604       0x18 .\CortexM3\ARM_GCC_541\Debug\MuflaGLCD.a(DB_5.o)
                0x00009604                DB_5_Write
 .text.DB_6_Write
                0x0000961c       0x18 .\CortexM3\ARM_GCC_541\Debug\MuflaGLCD.a(DB_6.o)
                0x0000961c                DB_6_Write
 .text.DB_7_Write
                0x00009634       0x18 .\CortexM3\ARM_GCC_541\Debug\MuflaGLCD.a(DB_7.o)
                0x00009634                DB_7_Write
 .text.UP_Read  0x0000964c       0x10 .\CortexM3\ARM_GCC_541\Debug\MuflaGLCD.a(UP.o)
                0x0000964c                UP_Read
 .text.DOWN_Read
                0x0000965c       0x10 .\CortexM3\ARM_GCC_541\Debug\MuflaGLCD.a(DOWN.o)
                0x0000965c                DOWN_Read
 .text.RIGHT_Read
                0x0000966c       0x10 .\CortexM3\ARM_GCC_541\Debug\MuflaGLCD.a(RIGHT.o)
                0x0000966c                RIGHT_Read
 .text.LEFT_Read
                0x0000967c       0x10 .\CortexM3\ARM_GCC_541\Debug\MuflaGLCD.a(LEFT.o)
                0x0000967c                LEFT_Read
 .text.BUZZER_Write
                0x0000968c       0x18 .\CortexM3\ARM_GCC_541\Debug\MuflaGLCD.a(BUZZER.o)
                0x0000968c                BUZZER_Write
 .text.VENT2_Write
                0x000096a4       0x18 .\CortexM3\ARM_GCC_541\Debug\MuflaGLCD.a(VENT2.o)
                0x000096a4                VENT2_Write
 *fill*         0x000096bc        0x4 
 .text          0x000096c0       0x20 .\CortexM3\ARM_GCC_541\Debug\MuflaGLCD.a(CyBootAsmGnu.o)
                0x000096c0                CyDelayCycles
                0x000096d0                CyEnterCriticalSection
                0x000096d8                CyExitCriticalSection
 .text.CySetTempInt
                0x000096e0       0x60 .\CortexM3\ARM_GCC_541\Debug\MuflaGLCD.a(CyFlash.o)
 .text.CyFlashGetSpcAlgorithm
                0x00009740       0x4c .\CortexM3\ARM_GCC_541\Debug\MuflaGLCD.a(CyFlash.o)
                0x00009740                CyFlashGetSpcAlgorithm
 .text.CySetTemp
                0x0000978c       0x14 .\CortexM3\ARM_GCC_541\Debug\MuflaGLCD.a(CyFlash.o)
                0x0000978c                CySetTemp
 .text.CyEEPROM_Start
                0x000097a0       0x54 .\CortexM3\ARM_GCC_541\Debug\MuflaGLCD.a(CyFlash.o)
                0x000097a0                CyEEPROM_Start
 .text.CyEEPROM_ReadReserve
                0x000097f4       0x1c .\CortexM3\ARM_GCC_541\Debug\MuflaGLCD.a(CyFlash.o)
                0x000097f4                CyEEPROM_ReadReserve
 .text.CyEEPROM_ReadRelease
                0x00009810       0x10 .\CortexM3\ARM_GCC_541\Debug\MuflaGLCD.a(CyFlash.o)
                0x00009810                CyEEPROM_ReadRelease
 .text.CySpcStart
                0x00009820       0x24 .\CortexM3\ARM_GCC_541\Debug\MuflaGLCD.a(CySpc.o)
                0x00009820                CySpcStart
 .text.CySpcReadData
                0x00009844       0x34 .\CortexM3\ARM_GCC_541\Debug\MuflaGLCD.a(CySpc.o)
                0x00009844                CySpcReadData
 .text.CySpcLoadMultiByte
                0x00009878       0x78 .\CortexM3\ARM_GCC_541\Debug\MuflaGLCD.a(CySpc.o)
                0x00009878                CySpcLoadMultiByte
 .text.CySpcWriteRow
                0x000098f0       0x4c .\CortexM3\ARM_GCC_541\Debug\MuflaGLCD.a(CySpc.o)
                0x000098f0                CySpcWriteRow
 .text.CySpcGetTemp
                0x0000993c       0x3c .\CortexM3\ARM_GCC_541\Debug\MuflaGLCD.a(CySpc.o)
                0x0000993c                CySpcGetTemp
 .text.CySpcLock
                0x00009978       0x4c .\CortexM3\ARM_GCC_541\Debug\MuflaGLCD.a(CySpc.o)
                0x00009978                CySpcLock
 .text.CySpcUnlock
                0x000099c4       0x38 .\CortexM3\ARM_GCC_541\Debug\MuflaGLCD.a(CySpc.o)
                0x000099c4                CySpcUnlock
 .text.CySpcGetAlgorithm
                0x000099fc       0x28 .\CortexM3\ARM_GCC_541\Debug\MuflaGLCD.a(CySpc.o)
                0x000099fc                CySpcGetAlgorithm
 .text          0x00009a24      0x370 c:/program files (x86)/cypress/psoc creator/4.4/psoc creator/import/gnu/arm/5.4.1/bin/../lib/gcc/arm-none-eabi/5.4.1/armv7-m\libgcc.a(_arm_addsubdf3.o)
                0x00009a24                __aeabi_drsub
                0x00009a2c                __aeabi_dsub
                0x00009a2c                __subdf3
                0x00009a30                __aeabi_dadd
                0x00009a30                __adddf3
                0x00009ca8                __floatunsidf
                0x00009ca8                __aeabi_ui2d
                0x00009cc8                __floatsidf
                0x00009cc8                __aeabi_i2d
                0x00009cec                __aeabi_f2d
                0x00009cec                __extendsfdf2
                0x00009d28                __floatundidf
                0x00009d28                __aeabi_ul2d
                0x00009d38                __floatdidf
                0x00009d38                __aeabi_l2d
 .text          0x00009d94      0x424 c:/program files (x86)/cypress/psoc creator/4.4/psoc creator/import/gnu/arm/5.4.1/bin/../lib/gcc/arm-none-eabi/5.4.1/armv7-m\libgcc.a(_arm_muldivdf3.o)
                0x00009d94                __aeabi_dmul
                0x00009d94                __muldf3
                0x00009fe8                __divdf3
                0x00009fe8                __aeabi_ddiv
 .text          0x0000a1b8      0x110 c:/program files (x86)/cypress/psoc creator/4.4/psoc creator/import/gnu/arm/5.4.1/bin/../lib/gcc/arm-none-eabi/5.4.1/armv7-m\libgcc.a(_arm_cmpdf2.o)
                0x0000a1b8                __gtdf2
                0x0000a1b8                __gedf2
                0x0000a1c0                __ltdf2
                0x0000a1c0                __ledf2
                0x0000a1c8                __nedf2
                0x0000a1c8                __eqdf2
                0x0000a1c8                __cmpdf2
                0x0000a244                __aeabi_cdrcmple
                0x0000a254                __aeabi_cdcmpeq
                0x0000a254                __aeabi_cdcmple
                0x0000a264                __aeabi_dcmpeq
                0x0000a278                __aeabi_dcmplt
                0x0000a28c                __aeabi_dcmple
                0x0000a2a0                __aeabi_dcmpge
                0x0000a2b4                __aeabi_dcmpgt
 .text          0x0000a2c8       0x40 c:/program files (x86)/cypress/psoc creator/4.4/psoc creator/import/gnu/arm/5.4.1/bin/../lib/gcc/arm-none-eabi/5.4.1/armv7-m\libgcc.a(_arm_fixunsdfsi.o)
                0x0000a2c8                __aeabi_d2uiz
                0x0000a2c8                __fixunsdfsi
 .text          0x0000a308       0xa0 c:/program files (x86)/cypress/psoc creator/4.4/psoc creator/import/gnu/arm/5.4.1/bin/../lib/gcc/arm-none-eabi/5.4.1/armv7-m\libgcc.a(_arm_truncdfsf2.o)
                0x0000a308                __truncdfsf2
                0x0000a308                __aeabi_d2f
 .text          0x0000a3a8      0x21c c:/program files (x86)/cypress/psoc creator/4.4/psoc creator/import/gnu/arm/5.4.1/bin/../lib/gcc/arm-none-eabi/5.4.1/armv7-m\libgcc.a(_arm_addsubsf3.o)
                0x0000a3a8                __aeabi_frsub
                0x0000a3b0                __subsf3
                0x0000a3b0                __aeabi_fsub
                0x0000a3b4                __aeabi_fadd
                0x0000a3b4                __addsf3
                0x0000a514                __aeabi_ui2f
                0x0000a514                __floatunsisf
                0x0000a51c                __aeabi_i2f
                0x0000a51c                __floatsisf
                0x0000a538                __aeabi_ul2f
                0x0000a538                __floatundisf
                0x0000a548                __aeabi_l2f
                0x0000a548                __floatdisf
 .text          0x0000a5c4      0x2a0 c:/program files (x86)/cypress/psoc creator/4.4/psoc creator/import/gnu/arm/5.4.1/bin/../lib/gcc/arm-none-eabi/5.4.1/armv7-m\libgcc.a(_arm_muldivsf3.o)
                0x0000a5c4                __mulsf3
                0x0000a5c4                __aeabi_fmul
                0x0000a72c                __aeabi_fdiv
                0x0000a72c                __divsf3
 .text          0x0000a864       0xec c:/program files (x86)/cypress/psoc creator/4.4/psoc creator/import/gnu/arm/5.4.1/bin/../lib/gcc/arm-none-eabi/5.4.1/armv7-m\libgcc.a(_arm_cmpsf2.o)
                0x0000a864                __gesf2
                0x0000a864                __gtsf2
                0x0000a86c                __lesf2
                0x0000a86c                __ltsf2
                0x0000a874                __nesf2
                0x0000a874                __eqsf2
                0x0000a874                __cmpsf2
                0x0000a8d4                __aeabi_cfrcmple
                0x0000a8dc                __aeabi_cfcmpeq
                0x0000a8dc                __aeabi_cfcmple
                0x0000a8ec                __aeabi_fcmpeq
                0x0000a900                __aeabi_fcmplt
                0x0000a914                __aeabi_fcmple
                0x0000a928                __aeabi_fcmpge
                0x0000a93c                __aeabi_fcmpgt
 .text          0x0000a950       0x4c c:/program files (x86)/cypress/psoc creator/4.4/psoc creator/import/gnu/arm/5.4.1/bin/../lib/gcc/arm-none-eabi/5.4.1/armv7-m\libgcc.a(_arm_fixsfsi.o)
                0x0000a950                __aeabi_f2iz
                0x0000a950                __fixsfsi
 .text          0x0000a99c       0x40 c:/program files (x86)/cypress/psoc creator/4.4/psoc creator/import/gnu/arm/5.4.1/bin/../lib/gcc/arm-none-eabi/5.4.1/armv7-m\libgcc.a(_arm_fixunssfsi.o)
                0x0000a99c                __fixunssfsi
                0x0000a99c                __aeabi_f2uiz
 .text.__errno  0x0000a9dc        0xc c:/program files (x86)/cypress/psoc creator/4.4/psoc creator/import/gnu/arm/5.4.1/bin/../lib/gcc/arm-none-eabi/5.4.1/../../../../arm-none-eabi/lib/armv7-m\libg_nano.a(lib_a-errno.o)
                0x0000a9dc                __errno
 .text.__libc_init_array
                0x0000a9e8       0x4c c:/program files (x86)/cypress/psoc creator/4.4/psoc creator/import/gnu/arm/5.4.1/bin/../lib/gcc/arm-none-eabi/5.4.1/../../../../arm-none-eabi/lib/armv7-m\libg_nano.a(lib_a-init.o)
                0x0000a9e8                __libc_init_array
 .text.memcpy   0x0000aa34       0x16 c:/program files (x86)/cypress/psoc creator/4.4/psoc creator/import/gnu/arm/5.4.1/bin/../lib/gcc/arm-none-eabi/5.4.1/../../../../arm-none-eabi/lib/armv7-m\libg_nano.a(lib_a-memcpy-stub.o)
                0x0000aa34                memcpy
 .text.memset   0x0000aa4a       0x10 c:/program files (x86)/cypress/psoc creator/4.4/psoc creator/import/gnu/arm/5.4.1/bin/../lib/gcc/arm-none-eabi/5.4.1/../../../../arm-none-eabi/lib/armv7-m\libg_nano.a(lib_a-memset.o)
                0x0000aa4a                memset
 .text.__cvt    0x0000aa5a       0xc0 c:/program files (x86)/cypress/psoc creator/4.4/psoc creator/import/gnu/arm/5.4.1/bin/../lib/gcc/arm-none-eabi/5.4.1/../../../../arm-none-eabi/lib/armv7-m\libg_nano.a(lib_a-nano-vfprintf_float.o)
                0x0000aa5a                __cvt
 .text.__exponent
                0x0000ab1a       0x62 c:/program files (x86)/cypress/psoc creator/4.4/psoc creator/import/gnu/arm/5.4.1/bin/../lib/gcc/arm-none-eabi/5.4.1/../../../../arm-none-eabi/lib/armv7-m\libg_nano.a(lib_a-nano-vfprintf_float.o)
                0x0000ab1a                __exponent
 .text._printf_float
                0x0000ab7c      0x488 c:/program files (x86)/cypress/psoc creator/4.4/psoc creator/import/gnu/arm/5.4.1/bin/../lib/gcc/arm-none-eabi/5.4.1/../../../../arm-none-eabi/lib/armv7-m\libg_nano.a(lib_a-nano-vfprintf_float.o)
                0x0000ab7c                _printf_float
 .text._printf_common
                0x0000b004       0xec c:/program files (x86)/cypress/psoc creator/4.4/psoc creator/import/gnu/arm/5.4.1/bin/../lib/gcc/arm-none-eabi/5.4.1/../../../../arm-none-eabi/lib/armv7-m\libg_nano.a(lib_a-nano-vfprintf_i.o)
                0x0000b004                _printf_common
 .text._printf_i
                0x0000b0f0      0x24c c:/program files (x86)/cypress/psoc creator/4.4/psoc creator/import/gnu/arm/5.4.1/bin/../lib/gcc/arm-none-eabi/5.4.1/../../../../arm-none-eabi/lib/armv7-m\libg_nano.a(lib_a-nano-vfprintf_i.o)
                0x0000b0f0                _printf_i
 .text.sprintf  0x0000b33c       0x48 c:/program files (x86)/cypress/psoc creator/4.4/psoc creator/import/gnu/arm/5.4.1/bin/../lib/gcc/arm-none-eabi/5.4.1/../../../../arm-none-eabi/lib/armv7-m\libg_nano.a(lib_a-sprintf.o)
                0x0000b33c                siprintf
                0x0000b33c                sprintf
 .text.strcpy   0x0000b384       0x10 c:/program files (x86)/cypress/psoc creator/4.4/psoc creator/import/gnu/arm/5.4.1/bin/../lib/gcc/arm-none-eabi/5.4.1/../../../../arm-none-eabi/lib/armv7-m\libg_nano.a(lib_a-strcpy.o)
                0x0000b384                strcpy
 .text          0x0000b394       0x10 c:/program files (x86)/cypress/psoc creator/4.4/psoc creator/import/gnu/arm/5.4.1/bin/../lib/gcc/arm-none-eabi/5.4.1/../../../../arm-none-eabi/lib/armv7-m\libg_nano.a(lib_a-strlen.o)
                0x0000b394                strlen
 .text.quorem   0x0000b3a4      0x116 c:/program files (x86)/cypress/psoc creator/4.4/psoc creator/import/gnu/arm/5.4.1/bin/../lib/gcc/arm-none-eabi/5.4.1/../../../../arm-none-eabi/lib/armv7-m\libg_nano.a(lib_a-dtoa.o)
 *fill*         0x0000b4ba        0x6 
 .text._dtoa_r  0x0000b4c0      0xb30 c:/program files (x86)/cypress/psoc creator/4.4/psoc creator/import/gnu/arm/5.4.1/bin/../lib/gcc/arm-none-eabi/5.4.1/../../../../arm-none-eabi/lib/armv7-m\libg_nano.a(lib_a-dtoa.o)
                0x0000b4c0                _dtoa_r
 .text._localeconv_r
                0x0000bff0        0x8 c:/program files (x86)/cypress/psoc creator/4.4/psoc creator/import/gnu/arm/5.4.1/bin/../lib/gcc/arm-none-eabi/5.4.1/../../../../arm-none-eabi/lib/armv7-m\libg_nano.a(lib_a-locale.o)
                0x0000bff0                _localeconv_r
 .text.malloc   0x0000bff8       0x10 c:/program files (x86)/cypress/psoc creator/4.4/psoc creator/import/gnu/arm/5.4.1/bin/../lib/gcc/arm-none-eabi/5.4.1/../../../../arm-none-eabi/lib/armv7-m\libg_nano.a(lib_a-malloc.o)
                0x0000bff8                malloc
 .text.memchr   0x0000c008       0x1c c:/program files (x86)/cypress/psoc creator/4.4/psoc creator/import/gnu/arm/5.4.1/bin/../lib/gcc/arm-none-eabi/5.4.1/../../../../arm-none-eabi/lib/armv7-m\libg_nano.a(lib_a-memchr-stub.o)
                0x0000c008                memchr
 .text._Balloc  0x0000c024       0x6a c:/program files (x86)/cypress/psoc creator/4.4/psoc creator/import/gnu/arm/5.4.1/bin/../lib/gcc/arm-none-eabi/5.4.1/../../../../arm-none-eabi/lib/armv7-m\libg_nano.a(lib_a-mprec.o)
                0x0000c024                _Balloc
 .text._Bfree   0x0000c08e       0x2e c:/program files (x86)/cypress/psoc creator/4.4/psoc creator/import/gnu/arm/5.4.1/bin/../lib/gcc/arm-none-eabi/5.4.1/../../../../arm-none-eabi/lib/armv7-m\libg_nano.a(lib_a-mprec.o)
                0x0000c08e                _Bfree
 .text.__multadd
                0x0000c0bc       0x76 c:/program files (x86)/cypress/psoc creator/4.4/psoc creator/import/gnu/arm/5.4.1/bin/../lib/gcc/arm-none-eabi/5.4.1/../../../../arm-none-eabi/lib/armv7-m\libg_nano.a(lib_a-mprec.o)
                0x0000c0bc                __multadd
 .text.__hi0bits
                0x0000c132       0x40 c:/program files (x86)/cypress/psoc creator/4.4/psoc creator/import/gnu/arm/5.4.1/bin/../lib/gcc/arm-none-eabi/5.4.1/../../../../arm-none-eabi/lib/armv7-m\libg_nano.a(lib_a-mprec.o)
                0x0000c132                __hi0bits
 .text.__lo0bits
                0x0000c172       0x5a c:/program files (x86)/cypress/psoc creator/4.4/psoc creator/import/gnu/arm/5.4.1/bin/../lib/gcc/arm-none-eabi/5.4.1/../../../../arm-none-eabi/lib/armv7-m\libg_nano.a(lib_a-mprec.o)
                0x0000c172                __lo0bits
 .text.__i2b    0x0000c1cc       0x12 c:/program files (x86)/cypress/psoc creator/4.4/psoc creator/import/gnu/arm/5.4.1/bin/../lib/gcc/arm-none-eabi/5.4.1/../../../../arm-none-eabi/lib/armv7-m\libg_nano.a(lib_a-mprec.o)
                0x0000c1cc                __i2b
 .text.__multiply
                0x0000c1de      0x120 c:/program files (x86)/cypress/psoc creator/4.4/psoc creator/import/gnu/arm/5.4.1/bin/../lib/gcc/arm-none-eabi/5.4.1/../../../../arm-none-eabi/lib/armv7-m\libg_nano.a(lib_a-mprec.o)
                0x0000c1de                __multiply
 *fill*         0x0000c2fe        0x2 
 .text.__pow5mult
                0x0000c300       0x9c c:/program files (x86)/cypress/psoc creator/4.4/psoc creator/import/gnu/arm/5.4.1/bin/../lib/gcc/arm-none-eabi/5.4.1/../../../../arm-none-eabi/lib/armv7-m\libg_nano.a(lib_a-mprec.o)
                0x0000c300                __pow5mult
 .text.__lshift
                0x0000c39c       0xa2 c:/program files (x86)/cypress/psoc creator/4.4/psoc creator/import/gnu/arm/5.4.1/bin/../lib/gcc/arm-none-eabi/5.4.1/../../../../arm-none-eabi/lib/armv7-m\libg_nano.a(lib_a-mprec.o)
                0x0000c39c                __lshift
 .text.__mcmp   0x0000c43e       0x38 c:/program files (x86)/cypress/psoc creator/4.4/psoc creator/import/gnu/arm/5.4.1/bin/../lib/gcc/arm-none-eabi/5.4.1/../../../../arm-none-eabi/lib/armv7-m\libg_nano.a(lib_a-mprec.o)
                0x0000c43e                __mcmp
 .text.__mdiff  0x0000c476       0xbe c:/program files (x86)/cypress/psoc creator/4.4/psoc creator/import/gnu/arm/5.4.1/bin/../lib/gcc/arm-none-eabi/5.4.1/../../../../arm-none-eabi/lib/armv7-m\libg_nano.a(lib_a-mprec.o)
                0x0000c476                __mdiff
 .text.__d2b    0x0000c534       0x9c c:/program files (x86)/cypress/psoc creator/4.4/psoc creator/import/gnu/arm/5.4.1/bin/../lib/gcc/arm-none-eabi/5.4.1/../../../../arm-none-eabi/lib/armv7-m\libg_nano.a(lib_a-mprec.o)
                0x0000c534                __d2b
 .text._calloc_r
                0x0000c5d0       0x1c c:/program files (x86)/cypress/psoc creator/4.4/psoc creator/import/gnu/arm/5.4.1/bin/../lib/gcc/arm-none-eabi/5.4.1/../../../../arm-none-eabi/lib/armv7-m\libg_nano.a(lib_a-nano-callocr.o)
                0x0000c5d0                _calloc_r
 .text._free_r  0x0000c5ec       0x98 c:/program files (x86)/cypress/psoc creator/4.4/psoc creator/import/gnu/arm/5.4.1/bin/../lib/gcc/arm-none-eabi/5.4.1/../../../../arm-none-eabi/lib/armv7-m\libg_nano.a(lib_a-nano-freer.o)
                0x0000c5ec                _free_r
 .text._malloc_r
                0x0000c684       0xbc c:/program files (x86)/cypress/psoc creator/4.4/psoc creator/import/gnu/arm/5.4.1/bin/../lib/gcc/arm-none-eabi/5.4.1/../../../../arm-none-eabi/lib/armv7-m\libg_nano.a(lib_a-nano-mallocr.o)
                0x0000c684                _malloc_r
 .text.__ssputs_r
                0x0000c740       0xb2 c:/program files (x86)/cypress/psoc creator/4.4/psoc creator/import/gnu/arm/5.4.1/bin/../lib/gcc/arm-none-eabi/5.4.1/../../../../arm-none-eabi/lib/armv7-m\libg_nano.a(lib_a-nano-svfprintf.o)
                0x0000c740                __ssputs_r
 *fill*         0x0000c7f2        0x2 
 .text._svfprintf_r
                0x0000c7f4      0x1e8 c:/program files (x86)/cypress/psoc creator/4.4/psoc creator/import/gnu/arm/5.4.1/bin/../lib/gcc/arm-none-eabi/5.4.1/../../../../arm-none-eabi/lib/armv7-m\libg_nano.a(lib_a-nano-svfprintf.o)
                0x0000c7f4                _svfiprintf_r
                0x0000c7f4                _svfprintf_r
 .text._sbrk_r  0x0000c9dc       0x20 c:/program files (x86)/cypress/psoc creator/4.4/psoc creator/import/gnu/arm/5.4.1/bin/../lib/gcc/arm-none-eabi/5.4.1/../../../../arm-none-eabi/lib/armv7-m\libg_nano.a(lib_a-sbrkr.o)
                0x0000c9dc                _sbrk_r
 .text.memmove  0x0000c9fc       0x36 c:/program files (x86)/cypress/psoc creator/4.4/psoc creator/import/gnu/arm/5.4.1/bin/../lib/gcc/arm-none-eabi/5.4.1/../../../../arm-none-eabi/lib/armv7-m\libg_nano.a(lib_a-memmove.o)
                0x0000c9fc                memmove
 .text.__malloc_lock
                0x0000ca32        0x2 c:/program files (x86)/cypress/psoc creator/4.4/psoc creator/import/gnu/arm/5.4.1/bin/../lib/gcc/arm-none-eabi/5.4.1/../../../../arm-none-eabi/lib/armv7-m\libg_nano.a(lib_a-mlock.o)
                0x0000ca32                __malloc_lock
 .text.__malloc_unlock
                0x0000ca34        0x2 c:/program files (x86)/cypress/psoc creator/4.4/psoc creator/import/gnu/arm/5.4.1/bin/../lib/gcc/arm-none-eabi/5.4.1/../../../../arm-none-eabi/lib/armv7-m\libg_nano.a(lib_a-mlock.o)
                0x0000ca34                __malloc_unlock
 .text._realloc_r
                0x0000ca36       0x4c c:/program files (x86)/cypress/psoc creator/4.4/psoc creator/import/gnu/arm/5.4.1/bin/../lib/gcc/arm-none-eabi/5.4.1/../../../../arm-none-eabi/lib/armv7-m\libg_nano.a(lib_a-nano-reallocr.o)
                0x0000ca36                _realloc_r
 .text._malloc_usable_size_r
                0x0000ca82       0x14 c:/program files (x86)/cypress/psoc creator/4.4/psoc creator/import/gnu/arm/5.4.1/bin/../lib/gcc/arm-none-eabi/5.4.1/../../../../arm-none-eabi/lib/armv7-m\libg_nano.a(lib_a-nano-msizer.o)
                0x0000ca82                _malloc_usable_size_r
 *fill*         0x0000ca96        0x2 
 .text          0x0000ca98       0x2c c:/program files (x86)/cypress/psoc creator/4.4/psoc creator/import/gnu/arm/5.4.1/bin/../lib/gcc/arm-none-eabi/5.4.1/armv7-m\libgcc.a(_arm_unorddf2.o)
                0x0000ca98                __unorddf2
                0x0000ca98                __aeabi_dcmpun
 .text          0x0000cac4       0x50 c:/program files (x86)/cypress/psoc creator/4.4/psoc creator/import/gnu/arm/5.4.1/bin/../lib/gcc/arm-none-eabi/5.4.1/armv7-m\libgcc.a(_arm_fixdfsi.o)
                0x0000cac4                __aeabi_d2iz
                0x0000cac4                __fixdfsi
 *(.plt)
 *(.gnu.warning)
 *(.glue_7t)
 .glue_7t       0x0000cb14        0x0 linker stubs
 *(.glue_7)
 .glue_7        0x0000cb14        0x0 linker stubs
 *(.vfp11_veneer)
 .vfp11_veneer  0x0000cb14        0x0 linker stubs
 *(.bootloader)
 *(.ARM.extab* .gnu.linkonce.armextab.*)
 *(.gcc_except_table)

.v4_bx          0x0000cb14        0x0
 .v4_bx         0x0000cb14        0x0 linker stubs

.iplt           0x0000cb14        0x0
 .iplt          0x0000cb14        0x0 c:/program files (x86)/cypress/psoc creator/4.4/psoc creator/import/gnu/arm/5.4.1/bin/../lib/gcc/arm-none-eabi/5.4.1/armv7-m/crtbegin.o

.eh_frame_hdr
 *(.eh_frame_hdr)

.eh_frame       0x0000cb14        0x4
 *(.eh_frame)
 .eh_frame      0x0000cb14        0x0 c:/program files (x86)/cypress/psoc creator/4.4/psoc creator/import/gnu/arm/5.4.1/bin/../lib/gcc/arm-none-eabi/5.4.1/armv7-m/crtbegin.o
 .eh_frame      0x0000cb14        0x4 c:/program files (x86)/cypress/psoc creator/4.4/psoc creator/import/gnu/arm/5.4.1/bin/../lib/gcc/arm-none-eabi/5.4.1/armv7-m/crtend.o
                [!provide]                PROVIDE (__exidx_start, .)

.ARM.exidx
 *(.ARM.exidx* .gnu.linkonce.armexidx.*)
                0x0000cb18                __exidx_end = .

.rodata         0x0000cb18      0xc10
 *(.rodata .rodata.* .gnu.linkonce.r.*)
 .rodata.str1.4
                0x0000cb18      0x37a .\CortexM3\ARM_GCC_541\Debug\main.o
                                0x38e (size before relaxing)
 *fill*         0x0000ce92        0x2 
 .rodata        0x0000ce94      0x5e4 .\CortexM3\ARM_GCC_541\Debug\ks0108.o
                0x0000ce94                FONT
                0x0000cf94                FONT2
                0x0000d078                Horno
 .rodata.str1.4
                0x0000d478       0x2d .\CortexM3\ARM_GCC_541\Debug\ks0108.o
                                 0x31 (size before relaxing)
 *fill*         0x0000d4a5        0x3 
 .rodata.str1.4
                0x0000d4a8       0x38 .\CortexM3\ARM_GCC_541\Debug\Funciones.o
                                 0x55 (size before relaxing)
 .rodata        0x0000d4e0       0x44 .\CortexM3\ARM_GCC_541\Debug\cyfitter_cfg.o
 .rodata        0x0000d524       0x6c .\CortexM3\ARM_GCC_541\Debug\MuflaGLCD.a(Thermocouple_1.o)
 .rodata.str1.1
                0x0000d590        0x2 c:/program files (x86)/cypress/psoc creator/4.4/psoc creator/import/gnu/arm/5.4.1/bin/../lib/gcc/arm-none-eabi/5.4.1/../../../../arm-none-eabi/lib/armv7-m\libg_nano.a(lib_a-impure.o)
 .rodata.str1.1
                0x0000d592       0x12 c:/program files (x86)/cypress/psoc creator/4.4/psoc creator/import/gnu/arm/5.4.1/bin/../lib/gcc/arm-none-eabi/5.4.1/../../../../arm-none-eabi/lib/armv7-m\libg_nano.a(lib_a-nano-vfprintf_float.o)
 .rodata.str1.1
                0x0000d5a4       0x22 c:/program files (x86)/cypress/psoc creator/4.4/psoc creator/import/gnu/arm/5.4.1/bin/../lib/gcc/arm-none-eabi/5.4.1/../../../../arm-none-eabi/lib/armv7-m\libg_nano.a(lib_a-nano-vfprintf_i.o)
 .rodata.str1.1
                0x0000d5c6        0xd c:/program files (x86)/cypress/psoc creator/4.4/psoc creator/import/gnu/arm/5.4.1/bin/../lib/gcc/arm-none-eabi/5.4.1/../../../../arm-none-eabi/lib/armv7-m\libg_nano.a(lib_a-dtoa.o)
                                  0xf (size before relaxing)
 .rodata.str1.1
                0x0000d5d3        0x8 c:/program files (x86)/cypress/psoc creator/4.4/psoc creator/import/gnu/arm/5.4.1/bin/../lib/gcc/arm-none-eabi/5.4.1/../../../../arm-none-eabi/lib/armv7-m\libg_nano.a(lib_a-locale.o)
                                  0xb (size before relaxing)
 *fill*         0x0000d5db        0x5 
 .rodata.__mprec_tens
                0x0000d5e0       0xc8 c:/program files (x86)/cypress/psoc creator/4.4/psoc creator/import/gnu/arm/5.4.1/bin/../lib/gcc/arm-none-eabi/5.4.1/../../../../arm-none-eabi/lib/armv7-m\libg_nano.a(lib_a-mprec.o)
                0x0000d5e0                __mprec_tens
 .rodata.p05.5408
                0x0000d6a8        0xc c:/program files (x86)/cypress/psoc creator/4.4/psoc creator/import/gnu/arm/5.4.1/bin/../lib/gcc/arm-none-eabi/5.4.1/../../../../arm-none-eabi/lib/armv7-m\libg_nano.a(lib_a-mprec.o)
 *fill*         0x0000d6b4        0x4 
 .rodata.__mprec_bigtens
                0x0000d6b8       0x28 c:/program files (x86)/cypress/psoc creator/4.4/psoc creator/import/gnu/arm/5.4.1/bin/../lib/gcc/arm-none-eabi/5.4.1/../../../../arm-none-eabi/lib/armv7-m\libg_nano.a(lib_a-mprec.o)
                0x0000d6b8                __mprec_bigtens
 .rodata.str1.1
                0x0000d6e0       0x11 c:/program files (x86)/cypress/psoc creator/4.4/psoc creator/import/gnu/arm/5.4.1/bin/../lib/gcc/arm-none-eabi/5.4.1/../../../../arm-none-eabi/lib/armv7-m\libg_nano.a(lib_a-nano-svfprintf.o)
                0x0000d6f4                . = ALIGN (0x4)
 *fill*         0x0000d6f1        0x3 
 *(.init)
 .init          0x0000d6f4        0x4 c:/program files (x86)/cypress/psoc creator/4.4/psoc creator/import/gnu/arm/5.4.1/bin/../lib/gcc/arm-none-eabi/5.4.1/armv7-m/crti.o
                0x0000d6f4                _init
 .init          0x0000d6f8        0x8 c:/program files (x86)/cypress/psoc creator/4.4/psoc creator/import/gnu/arm/5.4.1/bin/../lib/gcc/arm-none-eabi/5.4.1/armv7-m/crtn.o
                0x0000d700                . = ALIGN (0x4)
                0x0000d700                __preinit_array_start = .
 *(.preinit_array)
                0x0000d700                __preinit_array_end = .
                0x0000d700                . = ALIGN (0x4)
                0x0000d700                __init_array_start = .
 *(SORT(.init_array.*))
 *(.init_array)
 .init_array    0x0000d700        0x4 c:/program files (x86)/cypress/psoc creator/4.4/psoc creator/import/gnu/arm/5.4.1/bin/../lib/gcc/arm-none-eabi/5.4.1/armv7-m/crtbegin.o
 .init_array    0x0000d704        0x4 .\CortexM3\ARM_GCC_541\Debug\Cm3Start.o
                0x0000d708                __init_array_end = .
                0x0000d708                . = ALIGN (0x4)
 *(.fini)
 .fini          0x0000d708        0x4 c:/program files (x86)/cypress/psoc creator/4.4/psoc creator/import/gnu/arm/5.4.1/bin/../lib/gcc/arm-none-eabi/5.4.1/armv7-m/crti.o
                0x0000d708                _fini
 .fini          0x0000d70c        0x8 c:/program files (x86)/cypress/psoc creator/4.4/psoc creator/import/gnu/arm/5.4.1/bin/../lib/gcc/arm-none-eabi/5.4.1/armv7-m/crtn.o
                0x0000d714                . = ALIGN (0x4)
                0x0000d714                __fini_array_start = .
 *(.fini_array)
 .fini_array    0x0000d714        0x4 c:/program files (x86)/cypress/psoc creator/4.4/psoc creator/import/gnu/arm/5.4.1/bin/../lib/gcc/arm-none-eabi/5.4.1/armv7-m/crtbegin.o
 *(SORT(.fini_array.*))
                0x0000d718                __fini_array_end = .
                0x0000d718                . = ALIGN (0x4)
 *crtbegin.o(.ctors)
 *(EXCLUDE_FILE(*crtend.o) .ctors)
 *(SORT(.ctors.*))
 *crtend.o(.ctors)
                0x0000d718                . = ALIGN (0x4)
 *crtbegin.o(.dtors)
 *(EXCLUDE_FILE(*crtend.o) .dtors)
 *(SORT(.dtors.*))
 *crtend.o(.dtors)
                0x0000d718                . = ALIGN (0x4)
                0x0000d718                __cy_regions = .
                0x0000d718        0x4 LONG 0xd728 __cy_region_init_ram
                0x0000d71c        0x4 LONG 0x1fff80c8 __cy_region_start_data
                0x0000d720        0x4 LONG 0xc0 __cy_region_init_size_ram
                0x0000d724        0x4 LONG 0xa80 __cy_region_zero_size_ram
                0x0000d728                __cy_regions_end = .
                0x0000d728                . = ALIGN (0x8)
                0x0000d728                _etext = .

.cy_checksum_exclude
                0x0000d728        0x0
 *(.cy_checksum_exclude)

.ramvectors     0x1fff8000       0xc0
                0x1fff8000                __cy_region_start_ram = .
 *(.ramvectors)
 .ramvectors    0x1fff8000       0xc0 .\CortexM3\ARM_GCC_541\Debug\Cm3Start.o
                0x1fff8000                CyRamVectors

.noinit         0x1fff80c0        0x1
 *(.noinit)
 .noinit        0x1fff80c0        0x1 .\CortexM3\ARM_GCC_541\Debug\MuflaGLCD.a(CyLib.o)
                0x1fff80c0                CyResetStatus

.data           0x1fff80c8       0xc0 load address 0x0000d728
                0x1fff80c8                __cy_region_start_data = .
 *(.jcr)
 .jcr           0x1fff80c8        0x0 c:/program files (x86)/cypress/psoc creator/4.4/psoc creator/import/gnu/arm/5.4.1/bin/../lib/gcc/arm-none-eabi/5.4.1/armv7-m/crtbegin.o
 .jcr           0x1fff80c8        0x4 c:/program files (x86)/cypress/psoc creator/4.4/psoc creator/import/gnu/arm/5.4.1/bin/../lib/gcc/arm-none-eabi/5.4.1/armv7-m/crtend.o
 *(.got.plt)
 *(.got)
 *(.shdata)
 *(.data .data.* .gnu.linkonce.d.*)
 .data          0x1fff80cc        0x6 .\CortexM3\ARM_GCC_541\Debug\main.o
                0x1fff80cc                penMufla
                0x1fff80d0                Dos_puntos
 *fill*         0x1fff80d2        0x2 
 .data          0x1fff80d4        0x4 .\CortexM3\ARM_GCC_541\Debug\Cm3Start.o
 .data          0x1fff80d8       0x10 .\CortexM3\ARM_GCC_541\Debug\MuflaGLCD.a(CyLib.o)
                0x1fff80d8                cydelay_32k_ms
                0x1fff80dc                cydelay_freq_khz
                0x1fff80e0                cydelay_freq_mhz
                0x1fff80e4                cydelay_freq_hz
 .data          0x1fff80e8        0x1 .\CortexM3\ARM_GCC_541\Debug\MuflaGLCD.a(ADC.o)
                0x1fff80e8                ADC_Config
 *fill*         0x1fff80e9        0x3 
 .data.impure_data
                0x1fff80ec       0x60 c:/program files (x86)/cypress/psoc creator/4.4/psoc creator/import/gnu/arm/5.4.1/bin/../lib/gcc/arm-none-eabi/5.4.1/../../../../arm-none-eabi/lib/armv7-m\libg_nano.a(lib_a-impure.o)
 .data._impure_ptr
                0x1fff814c        0x4 c:/program files (x86)/cypress/psoc creator/4.4/psoc creator/import/gnu/arm/5.4.1/bin/../lib/gcc/arm-none-eabi/5.4.1/../../../../arm-none-eabi/lib/armv7-m\libg_nano.a(lib_a-impure.o)
                0x1fff814c                _impure_ptr
 .data.lconv    0x1fff8150       0x38 c:/program files (x86)/cypress/psoc creator/4.4/psoc creator/import/gnu/arm/5.4.1/bin/../lib/gcc/arm-none-eabi/5.4.1/../../../../arm-none-eabi/lib/armv7-m\libg_nano.a(lib_a-locale.o)
                0x1fff8188                . = ALIGN (0x8)
 *(.ram)
                0x1fff8188                _edata = .

.igot.plt       0x1fff8188        0x0 load address 0x0000d7e8
 .igot.plt      0x1fff8188        0x0 c:/program files (x86)/cypress/psoc creator/4.4/psoc creator/import/gnu/arm/5.4.1/bin/../lib/gcc/arm-none-eabi/5.4.1/armv7-m/crtbegin.o

.bss            0x1fff8188      0xa80 load address 0x0000d7e8
                0x1fff8188                PROVIDE (__bss_start__, .)
 *(.shbss)
 *(.bss .bss.* .gnu.linkonce.b.*)
 .bss           0x1fff8188       0x1c c:/program files (x86)/cypress/psoc creator/4.4/psoc creator/import/gnu/arm/5.4.1/bin/../lib/gcc/arm-none-eabi/5.4.1/armv7-m/crtbegin.o
 .bss           0x1fff81a4       0x22 .\CortexM3\ARM_GCC_541\Debug\main.o
                0x1fff81a4                dataReady
                0x1fff81a8                Testerilizacion
                0x1fff81ac                RX_Wr_Index2
                0x1fff81b0                X
                0x1fff81b8                Testerilizacionp
                0x1fff81bc                Contrasena
                0x1fff81c0                RX_Counter2
                0x1fff81c1                RX_Rd_Index2
                0x1fff81c2                RX_Counter
                0x1fff81c3                RX_Rd_Index
                0x1fff81c4                RX_Wr_Index
                0x1fff81c5                first
 *fill*         0x1fff81c6        0x2 
 .bss           0x1fff81c8        0x4 .\CortexM3\ARM_GCC_541\Debug\removeoffsetnoise.o
 .bss           0x1fff81cc       0x14 .\CortexM3\ARM_GCC_541\Debug\MuflaGLCD.a(ADC.o)
                0x1fff81d8                ADC_stopConversion
                0x1fff81d9                ADC_convDone
                0x1fff81da                ADC_initVar
                0x1fff81db                ADC_started
                0x1fff81dc                ADC_Offset
 .bss           0x1fff81e0        0x2 .\CortexM3\ARM_GCC_541\Debug\MuflaGLCD.a(UART_1.o)
                0x1fff81e0                UART_1_initVar
 .bss           0x1fff81e2        0x1 .\CortexM3\ARM_GCC_541\Debug\MuflaGLCD.a(Timer.o)
                0x1fff81e2                Timer_initVar
 .bss           0x1fff81e3        0x1 .\CortexM3\ARM_GCC_541\Debug\MuflaGLCD.a(ADC_SAR.o)
                0x1fff81e3                ADC_SAR_initVar
 .bss           0x1fff81e4        0x8 .\CortexM3\ARM_GCC_541\Debug\MuflaGLCD.a(CySpc.o)
                0x1fff81e4                SpcLockState
 .bss.__malloc_sbrk_start
                0x1fff81ec        0x4 c:/program files (x86)/cypress/psoc creator/4.4/psoc creator/import/gnu/arm/5.4.1/bin/../lib/gcc/arm-none-eabi/5.4.1/../../../../arm-none-eabi/lib/armv7-m\libg_nano.a(lib_a-nano-mallocr.o)
                0x1fff81ec                __malloc_sbrk_start
 .bss.__malloc_free_list
                0x1fff81f0        0x4 c:/program files (x86)/cypress/psoc creator/4.4/psoc creator/import/gnu/arm/5.4.1/bin/../lib/gcc/arm-none-eabi/5.4.1/../../../../arm-none-eabi/lib/armv7-m\libg_nano.a(lib_a-nano-mallocr.o)
                0x1fff81f0                __malloc_free_list
 *(COMMON)
 COMMON         0x1fff81f4      0x9ce .\CortexM3\ARM_GCC_541\Debug\main.o
                0x1fff81f4                HorasActual
                0x1fff81f6                control3
                0x1fff81f8                Minutos
                0x1fff81fa                Finalizo
                0x1fff81fc                GananciaIn
                0x1fff8200                Temperatura1
                0x1fff82a0                conteoPregunta
                0x1fff82a2                calib
                0x1fff82a4                mensaje
                0x1fff82a6                gananciaIn
                0x1fff82a8                flag_clear2
                0x1fff82aa                Pausa
                0x1fff82ac                Tempocp
                0x1fff82b0                Opcion2
                0x1fff82b4                b
                0x1fff82b8                pwm1
                0x1fff82b9                Dato2
                0x1fff82ba                pwm2
                0x1fff82bc                patron1
                0x1fff82be                segundosCampana
                0x1fff82c0                flagButton2
                0x1fff82c4                promedio
                0x1fff842c                Aumento
                0x1fff8430                Control
                0x1fff8434                b2
                0x1fff8438                n
                0x1fff8439                Dato_Exitoso
                0x1fff843a                MenuAnt
                0x1fff843c                EstadoPaso
                0x1fff843e                flagGuardaEstado
                0x1fff8440                Segmento
                0x1fff8441                Dato3
                0x1fff8442                Segmentos
                0x1fff8444                Rx_Buffer3
                0x1fff8450                flagBorrado
                0x1fff8452                imprime
                0x1fff8454                tiempoup
                0x1fff8456                PantallaPrincipal
                0x1fff8458                Temperature
                0x1fff845c                Test
                0x1fff845e                flagup
                0x1fff8460                output
                0x1fff8464                Tempoc
                0x1fff8468                hEstp
                0x1fff846c                tcColdJnuVolt
                0x1fff8470                ctr
                0x1fff8472                b_dec
                0x1fff8474                Setpoint
                0x1fff8478                Temperatura
                0x1fff847c                dibujo
                0x1fff847e                b16
                0x1fff8480                displayStr
                0x1fff84e4                Lectura
                0x1fff84e6                Derivativo
                0x1fff84e7                Dato_Exitoso2
                0x1fff84e8                TiempoControl
                0x1fff84ea                entro
                0x1fff84ec                b1
                0x1fff84f0                Minutos1
                0x1fff8590                tcHotJnuVolt
                0x1fff8594                tcTemp
                0x1fff8598                tiempos
                0x1fff859a                tiemporeset
                0x1fff859c                x100
                0x1fff859e                tiempos3
                0x1fff85a0                tcuVolt
                0x1fff85a4                valor
                0x1fff85a8                Desconectado
                0x1fff85ac                DifPendiente
                0x1fff85b0                l
                0x1fff85b2                pulsoAumentar
                0x1fff85b4                m2
                0x1fff85b8                m_int
                0x1fff85bc                Prom
                0x1fff85c0                estadoSSR
                0x1fff85c2                flagTemperatura
                0x1fff85c4                Inicio
                0x1fff85c8                Potencia
                0x1fff85cc                tinicio
                0x1fff85d0                Pendiente
                0x1fff85d4                tGrafica
                0x1fff85d8                control1
                0x1fff85dc                displayData
                0x1fff89dc                tdown
                0x1fff89de                Ajusten
                0x1fff89e0                flag_clear3
                0x1fff89e2                CicloLibre
                0x1fff89e4                control2
                0x1fff89e6                MenuAntt2
                0x1fff89e8                finalizoCiclo
                0x1fff89ea                Flanco3
                0x1fff89ec                TpulsoMax
                0x1fff89f0                z
                0x1fff89f1                tiempo_esterilizacion
                0x1fff89f2                TiempoActual
                0x1fff89f4                pulsoDisminuir
                0x1fff89f6                Flanco2
                0x1fff89f8                Tc
                0x1fff89fa                refresh2
                0x1fff89fc                flagFinalizo
                0x1fff89fe                i
                0x1fff8a00                Rx_Buffer2
                0x1fff8a0c                Flanco
                0x1fff8a0e                Alarma
                0x1fff8a10                flag_tiempocalentamiento
                0x1fff8a12                Ajuste
                0x1fff8a14                Menus
                0x1fff8a34                PotenciaEntregada
                0x1fff8a38                TipoClave
                0x1fff8a3a                tleft
                0x1fff8a3c                filHotJnCount
                0x1fff8a40                flag_display
                0x1fff8a44                TempeInicial
                0x1fff8a48                Coeficiente
                0x1fff8a4a                tiempocalentamiento
                0x1fff8a4c                tPregunta
                0x1fff8a50                Tpulso
                0x1fff8a54                Flanco1
                0x1fff8a56                coldJnTemp
                0x1fff8a58                GuardaEEPROM
                0x1fff8a5a                hEst
                0x1fff8a5c                flagButton1
                0x1fff8a5e                MinutosActual
                0x1fff8a60                Inicio2
                0x1fff8a62                flag_ajuste2
                0x1fff8a64                conteoTecla
                0x1fff8a66                tiempoctrl
                0x1fff8a68                Opcion
                0x1fff8a69                controlT
                0x1fff8a6c                PendienteActual
                0x1fff8a70                patron3
                0x1fff8a72                flagButton0
                0x1fff8a74                flag_calcula
                0x1fff8a78                Rx_Buffer
                0x1fff8a84                Tp
                0x1fff8a86                flag_ajuste
                0x1fff8a88                y
                0x1fff8a8a                refresh
                0x1fff8a8c                sobrepaso
                0x1fff8a90                TemperaturaIdeal
                0x1fff8a94                tiemporecta
                0x1fff8a96                result
                0x1fff8a98                ProgramaSeleccionado
                0x1fff8a9a                flagdn
                0x1fff8a9c                Menu2
                0x1fff8a9e                tiempodn
                0x1fff8aa0                MenuAntt
                0x1fff8aa4                error
                0x1fff8aa8                hotJnCount
                0x1fff8aac                i2cbuf
                0x1fff8ab0                Tiempo
                0x1fff8ab2                h
                0x1fff8ab3                unidad
                0x1fff8ab4                patron2
                0x1fff8ab6                x1
                0x1fff8ab8                conteo
                0x1fff8aba                tup
                0x1fff8abc                Integral
                0x1fff8ac0                m1
                0x1fff8ac4                offset
                0x1fff8ac8                Password
                0x1fff8acc                x10
                0x1fff8ad0                penInicial
                0x1fff8ad4                flagButton3
                0x1fff8ad6                grafica
                0x1fff8ad8                Lectura2
                0x1fff8ada                tright
                0x1fff8adc                AlTem
                0x1fff8ade                Dibuja
                0x1fff8ae0                tiemposetpoint
                0x1fff8ae2                flag_setpoint
                0x1fff8ae4                MediaMovil
                0x1fff8ae8                Horas1
                0x1fff8b88                V0
                0x1fff8b8c                Ganancia
                0x1fff8b90                rampa
                0x1fff8b92                m_dec
                0x1fff8b93                Programa
                0x1fff8b94                pendiente
                0x1fff8b98                m
                0x1fff8b9c                mEstp
                0x1fff8b9e                estadoBuzzer
                0x1fff8ba0                Rx_Buffer4
                0x1fff8bac                Tpulsomin
                0x1fff8bb0                flag_ganancia
                0x1fff8bb2                TiempoRampa
                0x1fff8bb4                mEst
                0x1fff8bb6                Horas
                0x1fff8bb8                Menu
                0x1fff8bb9                Tciclo
                0x1fff8bba                visual
                0x1fff8bbc                estadoVentilador
                0x1fff8bbe                flagRampa
                0x1fff8bc0                tSobrepaso
 *fill*         0x1fff8bc2        0x2 
 COMMON         0x1fff8bc4       0x2c .\CortexM3\ARM_GCC_541\Debug\coldJnTemp.o
                0x1fff8bc4                promedio2
                0x1fff8bec                l2
                0x1fff8bed                h2
                0x1fff8bee                Prom1
 COMMON         0x1fff8bf0        0x4 .\CortexM3\ARM_GCC_541\Debug\MuflaGLCD.a(ADC.o)
                0x1fff8bf0                ADC_CountsPerVolt
 COMMON         0x1fff8bf4        0xa .\CortexM3\ARM_GCC_541\Debug\MuflaGLCD.a(ADC_SAR.o)
                0x1fff8bf4                ADC_SAR_countsPerVolt
                0x1fff8bf6                ADC_SAR_shift
                0x1fff8bf8                ADC_SAR_countsPer10Volt
                0x1fff8bfc                ADC_SAR_offset
 *fill*         0x1fff8bfe        0x2 
 COMMON         0x1fff8c00        0x2 .\CortexM3\ARM_GCC_541\Debug\MuflaGLCD.a(CyFlash.o)
                0x1fff8c00                dieTemperature
 *fill*         0x1fff8c02        0x2 
 COMMON         0x1fff8c04        0x4 c:/program files (x86)/cypress/psoc creator/4.4/psoc creator/import/gnu/arm/5.4.1/bin/../lib/gcc/arm-none-eabi/5.4.1/../../../../arm-none-eabi/lib/armv7-m\libg_nano.a(lib_a-reent.o)
                0x1fff8c04                errno
                0x1fff8c08                . = ALIGN (0x8)
 *(.ram.b)
                0x1fff8c08                _end = .
                0x1fff8c08                __end = .
                0x1fff8c08                PROVIDE (end, .)
                0x1fff8c08                PROVIDE (__bss_end__, .)
                0x0000d728                __cy_region_init_ram = LOADADDR (.data)
                0x000000c0                __cy_region_init_size_ram = (_edata - ADDR (.data))
                0x00000a80                __cy_region_zero_size_ram = (_end - _edata)

.heap           0x1fff8c08      0x200 load address 0x0000d7e8
                0x1fff8c08                . = _end
                0x1fff8e08                . = (. + 0x200)
 *fill*         0x1fff8c08      0x200 
                0x1fff8e08                __cy_heap_limit = .

.stack          0x20007800      0x800
                0x20007800                __cy_stack_limit = .
                0x20008000                . = (. + 0x800)
 *fill*         0x20007800      0x800 
                0x00000001                ASSERT ((__cy_stack_limit >= __cy_heap_limit), region RAM overflowed with stack)
                0x00000000                cy_checksum_exclude_size = (CY_APPL_LOADABLE == 0x1)?SIZEOF (.cy_checksum_exclude):0x0
                0x00000001                ASSERT ((cy_checksum_exclude_size <= CY_CHECKSUM_EXCLUDE_SIZE), CY_BOOT: Section .cy_checksum_exclude size exceedes specified limit.)

.cyloadermeta
 *(.cyloadermeta)

.cyloadablemeta
 *(.cyloadablemeta)

.cyconfigecc    0x80000000      0x3d8
 *(.cyconfigecc)
 .cyconfigecc   0x80000000      0x3d8 .\CortexM3\ARM_GCC_541\Debug\cymetadata.o
                0x80000000                cy_meta_configecc

.cycustnvl      0x90000000        0x4
 *(.cycustnvl)
 .cycustnvl     0x90000000        0x4 .\CortexM3\ARM_GCC_541\Debug\cymetadata.o
                0x90000000                cy_meta_custnvl

.cywolatch      0x90100000        0x4
 *(.cywolatch)
 .cywolatch     0x90100000        0x4 .\CortexM3\ARM_GCC_541\Debug\cymetadata.o
                0x90100000                cy_meta_wonvl

.cyeeprom       0x90200000        0x0
 *(.cyeeprom)
                0x00000001                ASSERT ((. <= ((0x90200000 + ee_offset) + ee_size)), .cyeeprom data will not fit in EEPROM)

.cyflashprotect
                0x90400000      0x100
 *(.cyflashprotect)
 .cyflashprotect
                0x90400000      0x100 .\CortexM3\ARM_GCC_541\Debug\cymetadata.o
                0x90400000                cy_meta_flashprotect

.cymeta         0x90500000        0xc
 *(.cymeta)
 .cymeta        0x90500000        0xc .\CortexM3\ARM_GCC_541\Debug\cymetadata.o
                0x90500000                cy_metadata

.rel.dyn        0x0000d7e8        0x0 load address 0x9050000c
 .rel.iplt      0x0000d7e8        0x0 c:/program files (x86)/cypress/psoc creator/4.4/psoc creator/import/gnu/arm/5.4.1/bin/../lib/gcc/arm-none-eabi/5.4.1/armv7-m/crtbegin.o

.stab
 *(.stab)

.stabstr
 *(.stabstr)

.debug
 *(.debug)

.line
 *(.line)

.debug_srcinfo
 *(.debug_srcinfo)

.debug_sfnames
 *(.debug_sfnames)

.debug_aranges  0x00000000     0x1400
 *(.debug_aranges)
 .debug_aranges
                0x00000000       0x60 .\CortexM3\ARM_GCC_541\Debug\main.o
 .debug_aranges
                0x00000060       0x28 .\CortexM3\ARM_GCC_541\Debug\coldJnTemp.o
 .debug_aranges
                0x00000088       0x28 .\CortexM3\ARM_GCC_541\Debug\removeoffsetnoise.o
 .debug_aranges
                0x000000b0       0xd0 .\CortexM3\ARM_GCC_541\Debug\ks0108.o
 .debug_aranges
                0x00000180       0x50 .\CortexM3\ARM_GCC_541\Debug\Funciones.o
 .debug_aranges
                0x000001d0       0x58 .\CortexM3\ARM_GCC_541\Debug\cyfitter_cfg.o
 .debug_aranges
                0x00000228       0x18 .\CortexM3\ARM_GCC_541\Debug\cymetadata.o
 .debug_aranges
                0x00000240       0x48 .\CortexM3\ARM_GCC_541\Debug\Cm3Start.o
 .debug_aranges
                0x00000288      0x2a0 .\CortexM3\ARM_GCC_541\Debug\MuflaGLCD.a(CyLib.o)
 .debug_aranges
                0x00000528       0x98 .\CortexM3\ARM_GCC_541\Debug\MuflaGLCD.a(cyPm.o)
 .debug_aranges
                0x000005c0       0xe8 .\CortexM3\ARM_GCC_541\Debug\MuflaGLCD.a(ADC.o)
 .debug_aranges
                0x000006a8       0x38 .\CortexM3\ARM_GCC_541\Debug\MuflaGLCD.a(ADC_INT.o)
 .debug_aranges
                0x000006e0       0x70 .\CortexM3\ARM_GCC_541\Debug\MuflaGLCD.a(ADC_Ext_CP_Clk.o)
 .debug_aranges
                0x00000750       0x80 .\CortexM3\ARM_GCC_541\Debug\MuflaGLCD.a(ADC_theACLK.o)
 .debug_aranges
                0x000007d0       0x80 .\CortexM3\ARM_GCC_541\Debug\MuflaGLCD.a(Reloj.o)
 .debug_aranges
                0x00000850       0x30 .\CortexM3\ARM_GCC_541\Debug\MuflaGLCD.a(Thermocouple_1.o)
 .debug_aranges
                0x00000880       0xf0 .\CortexM3\ARM_GCC_541\Debug\MuflaGLCD.a(UART_1.o)
 .debug_aranges
                0x00000970       0x70 .\CortexM3\ARM_GCC_541\Debug\MuflaGLCD.a(UART_1_IntClock.o)
 .debug_aranges
                0x000009e0       0x88 .\CortexM3\ARM_GCC_541\Debug\MuflaGLCD.a(Timer.o)
 .debug_aranges
                0x00000a68       0x78 .\CortexM3\ARM_GCC_541\Debug\MuflaGLCD.a(EEPROM.o)
 .debug_aranges
                0x00000ae0       0x80 .\CortexM3\ARM_GCC_541\Debug\MuflaGLCD.a(RX1.o)
 .debug_aranges
                0x00000b60       0x38 .\CortexM3\ARM_GCC_541\Debug\MuflaGLCD.a(SSR.o)
 .debug_aranges
                0x00000b98       0x38 .\CortexM3\ARM_GCC_541\Debug\MuflaGLCD.a(DOOR.o)
 .debug_aranges
                0x00000bd0       0x38 .\CortexM3\ARM_GCC_541\Debug\MuflaGLCD.a(LCD1.o)
 .debug_aranges
                0x00000c08       0x38 .\CortexM3\ARM_GCC_541\Debug\MuflaGLCD.a(LCD2.o)
 .debug_aranges
                0x00000c40       0xa8 .\CortexM3\ARM_GCC_541\Debug\MuflaGLCD.a(ADC_SAR.o)
 .debug_aranges
                0x00000ce8       0x20 .\CortexM3\ARM_GCC_541\Debug\MuflaGLCD.a(ADC_SAR_INT.o)
 .debug_aranges
                0x00000d08       0x80 .\CortexM3\ARM_GCC_541\Debug\MuflaGLCD.a(ADC_SAR_IRQ.o)
 .debug_aranges
                0x00000d88       0x80 .\CortexM3\ARM_GCC_541\Debug\MuflaGLCD.a(ADC_SAR_theACLK.o)
 .debug_aranges
                0x00000e08       0x38 .\CortexM3\ARM_GCC_541\Debug\MuflaGLCD.a(VENT1.o)
 .debug_aranges
                0x00000e40       0x38 .\CortexM3\ARM_GCC_541\Debug\MuflaGLCD.a(LCD3.o)
 .debug_aranges
                0x00000e78       0x38 .\CortexM3\ARM_GCC_541\Debug\MuflaGLCD.a(ENABLE.o)
 .debug_aranges
                0x00000eb0       0x38 .\CortexM3\ARM_GCC_541\Debug\MuflaGLCD.a(CS_1.o)
 .debug_aranges
                0x00000ee8       0x38 .\CortexM3\ARM_GCC_541\Debug\MuflaGLCD.a(D_I.o)
 .debug_aranges
                0x00000f20       0x38 .\CortexM3\ARM_GCC_541\Debug\MuflaGLCD.a(R_W.o)
 .debug_aranges
                0x00000f58       0x38 .\CortexM3\ARM_GCC_541\Debug\MuflaGLCD.a(CS_2.o)
 .debug_aranges
                0x00000f90       0x38 .\CortexM3\ARM_GCC_541\Debug\MuflaGLCD.a(RESET.o)
 .debug_aranges
                0x00000fc8       0x38 .\CortexM3\ARM_GCC_541\Debug\MuflaGLCD.a(DB_0.o)
 .debug_aranges
                0x00001000       0x38 .\CortexM3\ARM_GCC_541\Debug\MuflaGLCD.a(DB_1.o)
 .debug_aranges
                0x00001038       0x38 .\CortexM3\ARM_GCC_541\Debug\MuflaGLCD.a(DB_2.o)
 .debug_aranges
                0x00001070       0x38 .\CortexM3\ARM_GCC_541\Debug\MuflaGLCD.a(DB_3.o)
 .debug_aranges
                0x000010a8       0x38 .\CortexM3\ARM_GCC_541\Debug\MuflaGLCD.a(DB_4.o)
 .debug_aranges
                0x000010e0       0x38 .\CortexM3\ARM_GCC_541\Debug\MuflaGLCD.a(DB_5.o)
 .debug_aranges
                0x00001118       0x38 .\CortexM3\ARM_GCC_541\Debug\MuflaGLCD.a(DB_6.o)
 .debug_aranges
                0x00001150       0x38 .\CortexM3\ARM_GCC_541\Debug\MuflaGLCD.a(DB_7.o)
 .debug_aranges
                0x00001188       0x38 .\CortexM3\ARM_GCC_541\Debug\MuflaGLCD.a(UP.o)
 .debug_aranges
                0x000011c0       0x38 .\CortexM3\ARM_GCC_541\Debug\MuflaGLCD.a(DOWN.o)
 .debug_aranges
                0x000011f8       0x38 .\CortexM3\ARM_GCC_541\Debug\MuflaGLCD.a(RIGHT.o)
 .debug_aranges
                0x00001230       0x38 .\CortexM3\ARM_GCC_541\Debug\MuflaGLCD.a(LEFT.o)
 .debug_aranges
                0x00001268       0x38 .\CortexM3\ARM_GCC_541\Debug\MuflaGLCD.a(BUZZER.o)
 .debug_aranges
                0x000012a0       0x38 .\CortexM3\ARM_GCC_541\Debug\MuflaGLCD.a(VENT2.o)
 .debug_aranges
                0x000012d8       0x20 .\CortexM3\ARM_GCC_541\Debug\MuflaGLCD.a(CyBootAsmGnu.o)
 .debug_aranges
                0x000012f8       0x88 .\CortexM3\ARM_GCC_541\Debug\MuflaGLCD.a(CyFlash.o)
 .debug_aranges
                0x00001380       0x80 .\CortexM3\ARM_GCC_541\Debug\MuflaGLCD.a(CySpc.o)

.debug_pubnames
 *(.debug_pubnames)

.debug_info     0x00000000    0x1489e
 *(.debug_info .gnu.linkonce.wi.*)
 .debug_info    0x00000000     0x7952 .\CortexM3\ARM_GCC_541\Debug\main.o
 .debug_info    0x00007952      0x25e .\CortexM3\ARM_GCC_541\Debug\coldJnTemp.o
 .debug_info    0x00007bb0      0x1cf .\CortexM3\ARM_GCC_541\Debug\removeoffsetnoise.o
 .debug_info    0x00007d7f     0x23c1 .\CortexM3\ARM_GCC_541\Debug\ks0108.o
 .debug_info    0x0000a140     0x1dbb .\CortexM3\ARM_GCC_541\Debug\Funciones.o
 .debug_info    0x0000befb      0x6c3 .\CortexM3\ARM_GCC_541\Debug\cyfitter_cfg.o
 .debug_info    0x0000c5be      0x135 .\CortexM3\ARM_GCC_541\Debug\cymetadata.o
 .debug_info    0x0000c6f3      0x3bb .\CortexM3\ARM_GCC_541\Debug\Cm3Start.o
 .debug_info    0x0000caae     0x1374 .\CortexM3\ARM_GCC_541\Debug\MuflaGLCD.a(CyLib.o)
 .debug_info    0x0000de22      0xa2a .\CortexM3\ARM_GCC_541\Debug\MuflaGLCD.a(cyPm.o)
 .debug_info    0x0000e84c      0xb0f .\CortexM3\ARM_GCC_541\Debug\MuflaGLCD.a(ADC.o)
 .debug_info    0x0000f35b       0xd3 .\CortexM3\ARM_GCC_541\Debug\MuflaGLCD.a(ADC_INT.o)
 .debug_info    0x0000f42e      0x283 .\CortexM3\ARM_GCC_541\Debug\MuflaGLCD.a(ADC_Ext_CP_Clk.o)
 .debug_info    0x0000f6b1      0x2c4 .\CortexM3\ARM_GCC_541\Debug\MuflaGLCD.a(ADC_theACLK.o)
 .debug_info    0x0000f975      0x2d2 .\CortexM3\ARM_GCC_541\Debug\MuflaGLCD.a(Reloj.o)
 .debug_info    0x0000fc47      0x2d0 .\CortexM3\ARM_GCC_541\Debug\MuflaGLCD.a(Thermocouple_1.o)
 .debug_info    0x0000ff17      0x60c .\CortexM3\ARM_GCC_541\Debug\MuflaGLCD.a(UART_1.o)
 .debug_info    0x00010523      0x283 .\CortexM3\ARM_GCC_541\Debug\MuflaGLCD.a(UART_1_IntClock.o)
 .debug_info    0x000107a6      0x295 .\CortexM3\ARM_GCC_541\Debug\MuflaGLCD.a(Timer.o)
 .debug_info    0x00010a3b      0x630 .\CortexM3\ARM_GCC_541\Debug\MuflaGLCD.a(EEPROM.o)
 .debug_info    0x0001106b      0x2d2 .\CortexM3\ARM_GCC_541\Debug\MuflaGLCD.a(RX1.o)
 .debug_info    0x0001133d      0x11f .\CortexM3\ARM_GCC_541\Debug\MuflaGLCD.a(SSR.o)
 .debug_info    0x0001145c      0x11f .\CortexM3\ARM_GCC_541\Debug\MuflaGLCD.a(DOOR.o)
 .debug_info    0x0001157b      0x11f .\CortexM3\ARM_GCC_541\Debug\MuflaGLCD.a(LCD1.o)
 .debug_info    0x0001169a      0x11f .\CortexM3\ARM_GCC_541\Debug\MuflaGLCD.a(LCD2.o)
 .debug_info    0x000117b9      0x5c0 .\CortexM3\ARM_GCC_541\Debug\MuflaGLCD.a(ADC_SAR.o)
 .debug_info    0x00011d79       0x92 .\CortexM3\ARM_GCC_541\Debug\MuflaGLCD.a(ADC_SAR_INT.o)
 .debug_info    0x00011e0b      0x2d2 .\CortexM3\ARM_GCC_541\Debug\MuflaGLCD.a(ADC_SAR_IRQ.o)
 .debug_info    0x000120dd      0x2c4 .\CortexM3\ARM_GCC_541\Debug\MuflaGLCD.a(ADC_SAR_theACLK.o)
 .debug_info    0x000123a1      0x11f .\CortexM3\ARM_GCC_541\Debug\MuflaGLCD.a(VENT1.o)
 .debug_info    0x000124c0      0x11f .\CortexM3\ARM_GCC_541\Debug\MuflaGLCD.a(LCD3.o)
 .debug_info    0x000125df      0x11f .\CortexM3\ARM_GCC_541\Debug\MuflaGLCD.a(ENABLE.o)
 .debug_info    0x000126fe      0x11f .\CortexM3\ARM_GCC_541\Debug\MuflaGLCD.a(CS_1.o)
 .debug_info    0x0001281d      0x11f .\CortexM3\ARM_GCC_541\Debug\MuflaGLCD.a(D_I.o)
 .debug_info    0x0001293c      0x11f .\CortexM3\ARM_GCC_541\Debug\MuflaGLCD.a(R_W.o)
 .debug_info    0x00012a5b      0x11f .\CortexM3\ARM_GCC_541\Debug\MuflaGLCD.a(CS_2.o)
 .debug_info    0x00012b7a      0x11f .\CortexM3\ARM_GCC_541\Debug\MuflaGLCD.a(RESET.o)
 .debug_info    0x00012c99      0x11f .\CortexM3\ARM_GCC_541\Debug\MuflaGLCD.a(DB_0.o)
 .debug_info    0x00012db8      0x11f .\CortexM3\ARM_GCC_541\Debug\MuflaGLCD.a(DB_1.o)
 .debug_info    0x00012ed7      0x11f .\CortexM3\ARM_GCC_541\Debug\MuflaGLCD.a(DB_2.o)
 .debug_info    0x00012ff6      0x11f .\CortexM3\ARM_GCC_541\Debug\MuflaGLCD.a(DB_3.o)
 .debug_info    0x00013115      0x11f .\CortexM3\ARM_GCC_541\Debug\MuflaGLCD.a(DB_4.o)
 .debug_info    0x00013234      0x11f .\CortexM3\ARM_GCC_541\Debug\MuflaGLCD.a(DB_5.o)
 .debug_info    0x00013353      0x11f .\CortexM3\ARM_GCC_541\Debug\MuflaGLCD.a(DB_6.o)
 .debug_info    0x00013472      0x11f .\CortexM3\ARM_GCC_541\Debug\MuflaGLCD.a(DB_7.o)
 .debug_info    0x00013591      0x11f .\CortexM3\ARM_GCC_541\Debug\MuflaGLCD.a(UP.o)
 .debug_info    0x000136b0      0x11f .\CortexM3\ARM_GCC_541\Debug\MuflaGLCD.a(DOWN.o)
 .debug_info    0x000137cf      0x11f .\CortexM3\ARM_GCC_541\Debug\MuflaGLCD.a(RIGHT.o)
 .debug_info    0x000138ee      0x11f .\CortexM3\ARM_GCC_541\Debug\MuflaGLCD.a(LEFT.o)
 .debug_info    0x00013a0d      0x11f .\CortexM3\ARM_GCC_541\Debug\MuflaGLCD.a(BUZZER.o)
 .debug_info    0x00013b2c      0x11f .\CortexM3\ARM_GCC_541\Debug\MuflaGLCD.a(VENT2.o)
 .debug_info    0x00013c4b       0xb6 .\CortexM3\ARM_GCC_541\Debug\MuflaGLCD.a(CyBootAsmGnu.o)
 .debug_info    0x00013d01      0x64d .\CortexM3\ARM_GCC_541\Debug\MuflaGLCD.a(CyFlash.o)
 .debug_info    0x0001434e      0x550 .\CortexM3\ARM_GCC_541\Debug\MuflaGLCD.a(CySpc.o)

.debug_abbrev   0x00000000     0x3549
 *(.debug_abbrev)
 .debug_abbrev  0x00000000      0x209 .\CortexM3\ARM_GCC_541\Debug\main.o
 .debug_abbrev  0x00000209      0x136 .\CortexM3\ARM_GCC_541\Debug\coldJnTemp.o
 .debug_abbrev  0x0000033f      0x119 .\CortexM3\ARM_GCC_541\Debug\removeoffsetnoise.o
 .debug_abbrev  0x00000458      0x261 .\CortexM3\ARM_GCC_541\Debug\ks0108.o
 .debug_abbrev  0x000006b9      0x204 .\CortexM3\ARM_GCC_541\Debug\Funciones.o
 .debug_abbrev  0x000008bd      0x20d .\CortexM3\ARM_GCC_541\Debug\cyfitter_cfg.o
 .debug_abbrev  0x00000aca       0x66 .\CortexM3\ARM_GCC_541\Debug\cymetadata.o
 .debug_abbrev  0x00000b30      0x1e8 .\CortexM3\ARM_GCC_541\Debug\Cm3Start.o
 .debug_abbrev  0x00000d18      0x254 .\CortexM3\ARM_GCC_541\Debug\MuflaGLCD.a(CyLib.o)
 .debug_abbrev  0x00000f6c      0x1ab .\CortexM3\ARM_GCC_541\Debug\MuflaGLCD.a(cyPm.o)
 .debug_abbrev  0x00001117      0x1cd .\CortexM3\ARM_GCC_541\Debug\MuflaGLCD.a(ADC.o)
 .debug_abbrev  0x000012e4       0x42 .\CortexM3\ARM_GCC_541\Debug\MuflaGLCD.a(ADC_INT.o)
 .debug_abbrev  0x00001326      0x139 .\CortexM3\ARM_GCC_541\Debug\MuflaGLCD.a(ADC_Ext_CP_Clk.o)
 .debug_abbrev  0x0000145f      0x121 .\CortexM3\ARM_GCC_541\Debug\MuflaGLCD.a(ADC_theACLK.o)
 .debug_abbrev  0x00001580      0x173 .\CortexM3\ARM_GCC_541\Debug\MuflaGLCD.a(Reloj.o)
 .debug_abbrev  0x000016f3      0x15c .\CortexM3\ARM_GCC_541\Debug\MuflaGLCD.a(Thermocouple_1.o)
 .debug_abbrev  0x0000184f      0x175 .\CortexM3\ARM_GCC_541\Debug\MuflaGLCD.a(UART_1.o)
 .debug_abbrev  0x000019c4      0x139 .\CortexM3\ARM_GCC_541\Debug\MuflaGLCD.a(UART_1_IntClock.o)
 .debug_abbrev  0x00001afd      0x11a .\CortexM3\ARM_GCC_541\Debug\MuflaGLCD.a(Timer.o)
 .debug_abbrev  0x00001c17      0x14e .\CortexM3\ARM_GCC_541\Debug\MuflaGLCD.a(EEPROM.o)
 .debug_abbrev  0x00001d65      0x173 .\CortexM3\ARM_GCC_541\Debug\MuflaGLCD.a(RX1.o)
 .debug_abbrev  0x00001ed8       0x90 .\CortexM3\ARM_GCC_541\Debug\MuflaGLCD.a(SSR.o)
 .debug_abbrev  0x00001f68       0x90 .\CortexM3\ARM_GCC_541\Debug\MuflaGLCD.a(DOOR.o)
 .debug_abbrev  0x00001ff8       0x90 .\CortexM3\ARM_GCC_541\Debug\MuflaGLCD.a(LCD1.o)
 .debug_abbrev  0x00002088       0x90 .\CortexM3\ARM_GCC_541\Debug\MuflaGLCD.a(LCD2.o)
 .debug_abbrev  0x00002118      0x1ac .\CortexM3\ARM_GCC_541\Debug\MuflaGLCD.a(ADC_SAR.o)
 .debug_abbrev  0x000022c4       0x42 .\CortexM3\ARM_GCC_541\Debug\MuflaGLCD.a(ADC_SAR_INT.o)
 .debug_abbrev  0x00002306      0x173 .\CortexM3\ARM_GCC_541\Debug\MuflaGLCD.a(ADC_SAR_IRQ.o)
 .debug_abbrev  0x00002479      0x121 .\CortexM3\ARM_GCC_541\Debug\MuflaGLCD.a(ADC_SAR_theACLK.o)
 .debug_abbrev  0x0000259a       0x90 .\CortexM3\ARM_GCC_541\Debug\MuflaGLCD.a(VENT1.o)
 .debug_abbrev  0x0000262a       0x90 .\CortexM3\ARM_GCC_541\Debug\MuflaGLCD.a(LCD3.o)
 .debug_abbrev  0x000026ba       0x90 .\CortexM3\ARM_GCC_541\Debug\MuflaGLCD.a(ENABLE.o)
 .debug_abbrev  0x0000274a       0x90 .\CortexM3\ARM_GCC_541\Debug\MuflaGLCD.a(CS_1.o)
 .debug_abbrev  0x000027da       0x90 .\CortexM3\ARM_GCC_541\Debug\MuflaGLCD.a(D_I.o)
 .debug_abbrev  0x0000286a       0x90 .\CortexM3\ARM_GCC_541\Debug\MuflaGLCD.a(R_W.o)
 .debug_abbrev  0x000028fa       0x90 .\CortexM3\ARM_GCC_541\Debug\MuflaGLCD.a(CS_2.o)
 .debug_abbrev  0x0000298a       0x90 .\CortexM3\ARM_GCC_541\Debug\MuflaGLCD.a(RESET.o)
 .debug_abbrev  0x00002a1a       0x90 .\CortexM3\ARM_GCC_541\Debug\MuflaGLCD.a(DB_0.o)
 .debug_abbrev  0x00002aaa       0x90 .\CortexM3\ARM_GCC_541\Debug\MuflaGLCD.a(DB_1.o)
 .debug_abbrev  0x00002b3a       0x90 .\CortexM3\ARM_GCC_541\Debug\MuflaGLCD.a(DB_2.o)
 .debug_abbrev  0x00002bca       0x90 .\CortexM3\ARM_GCC_541\Debug\MuflaGLCD.a(DB_3.o)
 .debug_abbrev  0x00002c5a       0x90 .\CortexM3\ARM_GCC_541\Debug\MuflaGLCD.a(DB_4.o)
 .debug_abbrev  0x00002cea       0x90 .\CortexM3\ARM_GCC_541\Debug\MuflaGLCD.a(DB_5.o)
 .debug_abbrev  0x00002d7a       0x90 .\CortexM3\ARM_GCC_541\Debug\MuflaGLCD.a(DB_6.o)
 .debug_abbrev  0x00002e0a       0x90 .\CortexM3\ARM_GCC_541\Debug\MuflaGLCD.a(DB_7.o)
 .debug_abbrev  0x00002e9a       0x90 .\CortexM3\ARM_GCC_541\Debug\MuflaGLCD.a(UP.o)
 .debug_abbrev  0x00002f2a       0x90 .\CortexM3\ARM_GCC_541\Debug\MuflaGLCD.a(DOWN.o)
 .debug_abbrev  0x00002fba       0x90 .\CortexM3\ARM_GCC_541\Debug\MuflaGLCD.a(RIGHT.o)
 .debug_abbrev  0x0000304a       0x90 .\CortexM3\ARM_GCC_541\Debug\MuflaGLCD.a(LEFT.o)
 .debug_abbrev  0x000030da       0x90 .\CortexM3\ARM_GCC_541\Debug\MuflaGLCD.a(BUZZER.o)
 .debug_abbrev  0x0000316a       0x90 .\CortexM3\ARM_GCC_541\Debug\MuflaGLCD.a(VENT2.o)
 .debug_abbrev  0x000031fa       0x14 .\CortexM3\ARM_GCC_541\Debug\MuflaGLCD.a(CyBootAsmGnu.o)
 .debug_abbrev  0x0000320e      0x1a7 .\CortexM3\ARM_GCC_541\Debug\MuflaGLCD.a(CyFlash.o)
 .debug_abbrev  0x000033b5      0x194 .\CortexM3\ARM_GCC_541\Debug\MuflaGLCD.a(CySpc.o)

.debug_line     0x00000000     0x578f
 *(.debug_line)
 .debug_line    0x00000000      0xca2 .\CortexM3\ARM_GCC_541\Debug\main.o
 .debug_line    0x00000ca2      0x1c7 .\CortexM3\ARM_GCC_541\Debug\coldJnTemp.o
 .debug_line    0x00000e69      0x1ad .\CortexM3\ARM_GCC_541\Debug\removeoffsetnoise.o
 .debug_line    0x00001016      0x683 .\CortexM3\ARM_GCC_541\Debug\ks0108.o
 .debug_line    0x00001699      0x468 .\CortexM3\ARM_GCC_541\Debug\Funciones.o
 .debug_line    0x00001b01      0x20d .\CortexM3\ARM_GCC_541\Debug\cyfitter_cfg.o
 .debug_line    0x00001d0e      0x141 .\CortexM3\ARM_GCC_541\Debug\cymetadata.o
 .debug_line    0x00001e4f      0x234 .\CortexM3\ARM_GCC_541\Debug\Cm3Start.o
 .debug_line    0x00002083      0x816 .\CortexM3\ARM_GCC_541\Debug\MuflaGLCD.a(CyLib.o)
 .debug_line    0x00002899      0x367 .\CortexM3\ARM_GCC_541\Debug\MuflaGLCD.a(cyPm.o)
 .debug_line    0x00002c00      0x39a .\CortexM3\ARM_GCC_541\Debug\MuflaGLCD.a(ADC.o)
 .debug_line    0x00002f9a       0x80 .\CortexM3\ARM_GCC_541\Debug\MuflaGLCD.a(ADC_INT.o)
 .debug_line    0x0000301a      0x17d .\CortexM3\ARM_GCC_541\Debug\MuflaGLCD.a(ADC_Ext_CP_Clk.o)
 .debug_line    0x00003197      0x19d .\CortexM3\ARM_GCC_541\Debug\MuflaGLCD.a(ADC_theACLK.o)
 .debug_line    0x00003334      0x132 .\CortexM3\ARM_GCC_541\Debug\MuflaGLCD.a(Reloj.o)
 .debug_line    0x00003466      0x11e .\CortexM3\ARM_GCC_541\Debug\MuflaGLCD.a(Thermocouple_1.o)
 .debug_line    0x00003584      0x2c0 .\CortexM3\ARM_GCC_541\Debug\MuflaGLCD.a(UART_1.o)
 .debug_line    0x00003844      0x17e .\CortexM3\ARM_GCC_541\Debug\MuflaGLCD.a(UART_1_IntClock.o)
 .debug_line    0x000039c2      0x153 .\CortexM3\ARM_GCC_541\Debug\MuflaGLCD.a(Timer.o)
 .debug_line    0x00003b15      0x264 .\CortexM3\ARM_GCC_541\Debug\MuflaGLCD.a(EEPROM.o)
 .debug_line    0x00003d79      0x130 .\CortexM3\ARM_GCC_541\Debug\MuflaGLCD.a(RX1.o)
 .debug_line    0x00003ea9       0x90 .\CortexM3\ARM_GCC_541\Debug\MuflaGLCD.a(SSR.o)