Archive member included to satisfy reference by file (symbol)

.\CortexM3\ARM_GCC_541\Debug\MuflaGLCD.a(CyLib.o)
                              .\CortexM3\ARM_GCC_541\Debug\Cm3Start.o (CyHalt)
.\CortexM3\ARM_GCC_541\Debug\MuflaGLCD.a(cyPm.o)
                              .\CortexM3\ARM_GCC_541\Debug\MuflaGLCD.a(CyLib.o) (CyPmReadStatus)
.\CortexM3\ARM_GCC_541\Debug\MuflaGLCD.a(ADC.o)
                              .\CortexM3\ARM_GCC_541\Debug\main.o (ADC_Start)
.\CortexM3\ARM_GCC_541\Debug\MuflaGLCD.a(ADC_INT.o)
                              .\CortexM3\ARM_GCC_541\Debug\MuflaGLCD.a(ADC.o) (ADC_ISR1)
.\CortexM3\ARM_GCC_541\Debug\MuflaGLCD.a(ADC_Ext_CP_Clk.o)
                              .\CortexM3\ARM_GCC_541\Debug\MuflaGLCD.a(ADC.o) (ADC_Ext_CP_Clk_SetModeRegister)
.\CortexM3\ARM_GCC_541\Debug\MuflaGLCD.a(ADC_theACLK.o)
                              .\CortexM3\ARM_GCC_541\Debug\MuflaGLCD.a(ADC.o) (ADC_theACLK_SetModeRegister)
.\CortexM3\ARM_GCC_541\Debug\MuflaGLCD.a(Reloj.o)
                              .\CortexM3\ARM_GCC_541\Debug\main.o (Reloj_StartEx)
.\CortexM3\ARM_GCC_541\Debug\MuflaGLCD.a(Thermocouple_1.o)
                              .\CortexM3\ARM_GCC_541\Debug\main.o (Thermocouple_1_GetTemperature)
.\CortexM3\ARM_GCC_541\Debug\MuflaGLCD.a(UART_1.o)
                              .\CortexM3\ARM_GCC_541\Debug\main.o (UART_1_Start)
.\CortexM3\ARM_GCC_541\Debug\MuflaGLCD.a(UART_1_IntClock.o)
                              .\CortexM3\ARM_GCC_541\Debug\MuflaGLCD.a(UART_1.o) (UART_1_IntClock_Start)
.\CortexM3\ARM_GCC_541\Debug\MuflaGLCD.a(Timer.o)
                              .\CortexM3\ARM_GCC_541\Debug\main.o (Timer_Start)
.\CortexM3\ARM_GCC_541\Debug\MuflaGLCD.a(EEPROM.o)
                              .\CortexM3\ARM_GCC_541\Debug\main.o (EEPROM_Start)
.\CortexM3\ARM_GCC_541\Debug\MuflaGLCD.a(RX1.o)
                              .\CortexM3\ARM_GCC_541\Debug\main.o (RX1_StartEx)
.\CortexM3\ARM_GCC_541\Debug\MuflaGLCD.a(SSR.o)
                              .\CortexM3\ARM_GCC_541\Debug\main.o (SSR_Write)
.\CortexM3\ARM_GCC_541\Debug\MuflaGLCD.a(DOOR.o)
                              .\CortexM3\ARM_GCC_541\Debug\main.o (DOOR_Read)
.\CortexM3\ARM_GCC_541\Debug\MuflaGLCD.a(LCD1.o)
                              .\CortexM3\ARM_GCC_541\Debug\main.o (LCD1_Write)
.\CortexM3\ARM_GCC_541\Debug\MuflaGLCD.a(LCD2.o)
                              .\CortexM3\ARM_GCC_541\Debug\main.o (LCD2_Write)
.\CortexM3\ARM_GCC_541\Debug\MuflaGLCD.a(ADC_SAR.o)
                              .\CortexM3\ARM_GCC_541\Debug\main.o (ADC_SAR_Start)
.\CortexM3\ARM_GCC_541\Debug\MuflaGLCD.a(ADC_SAR_INT.o)
                              .\CortexM3\ARM_GCC_541\Debug\MuflaGLCD.a(ADC_SAR.o) (ADC_SAR_ISR)
.\CortexM3\ARM_GCC_541\Debug\MuflaGLCD.a(ADC_SAR_IRQ.o)
                              .\CortexM3\ARM_GCC_541\Debug\main.o (ADC_SAR_IRQ_StartEx)
.\CortexM3\ARM_GCC_541\Debug\MuflaGLCD.a(ADC_SAR_theACLK.o)
                              .\CortexM3\ARM_GCC_541\Debug\MuflaGLCD.a(ADC_SAR.o) (ADC_SAR_theACLK_SetModeRegister)
.\CortexM3\ARM_GCC_541\Debug\MuflaGLCD.a(VENT1.o)
                              .\CortexM3\ARM_GCC_541\Debug\main.o (VENT1_Write)
.\CortexM3\ARM_GCC_541\Debug\MuflaGLCD.a(LCD3.o)
                              .\CortexM3\ARM_GCC_541\Debug\main.o (LCD3_Write)
.\CortexM3\ARM_GCC_541\Debug\MuflaGLCD.a(ENABLE.o)
                              .\CortexM3\ARM_GCC_541\Debug\ks0108.o (ENABLE_Write)
.\CortexM3\ARM_GCC_541\Debug\MuflaGLCD.a(CS_1.o)
                              .\CortexM3\ARM_GCC_541\Debug\ks0108.o (CS_1_Write)
.\CortexM3\ARM_GCC_541\Debug\MuflaGLCD.a(D_I.o)
                              .\CortexM3\ARM_GCC_541\Debug\ks0108.o (D_I_Write)
.\CortexM3\ARM_GCC_541\Debug\MuflaGLCD.a(R_W.o)
                              .\CortexM3\ARM_GCC_541\Debug\ks0108.o (R_W_Write)
.\CortexM3\ARM_GCC_541\Debug\MuflaGLCD.a(CS_2.o)
                              .\CortexM3\ARM_GCC_541\Debug\ks0108.o (CS_2_Write)
.\CortexM3\ARM_GCC_541\Debug\MuflaGLCD.a(RESET.o)
                              .\CortexM3\ARM_GCC_541\Debug\ks0108.o (RESET_Write)
.\CortexM3\ARM_GCC_541\Debug\MuflaGLCD.a(DB_0.o)
                              .\CortexM3\ARM_GCC_541\Debug\ks0108.o (DB_0_Write)
.\CortexM3\ARM_GCC_541\Debug\MuflaGLCD.a(DB_1.o)
                              .\CortexM3\ARM_GCC_541\Debug\ks0108.o (DB_1_Write)
.\CortexM3\ARM_GCC_541\Debug\MuflaGLCD.a(DB_2.o)
                              .\CortexM3\ARM_GCC_541\Debug\ks0108.o (DB_2_Write)
.\CortexM3\ARM_GCC_541\Debug\MuflaGLCD.a(DB_3.o)
                              .\CortexM3\ARM_GCC_541\Debug\ks0108.o (DB_3_Write)
.\CortexM3\ARM_GCC_541\Debug\MuflaGLCD.a(DB_4.o)
                              .\CortexM3\ARM_GCC_541\Debug\ks0108.o (DB_4_Write)
.\CortexM3\ARM_GCC_541\Debug\MuflaGLCD.a(DB_5.o)
                              .\CortexM3\ARM_GCC_541\Debug\ks0108.o (DB_5_Write)
.\CortexM3\ARM_GCC_541\Debug\MuflaGLCD.a(DB_6.o)
                              .\CortexM3\ARM_GCC_541\Debug\ks0108.o (DB_6_Write)
[...]
Memory Configuration

Name             Origin             Length             Attributes
rom              0x00000000         0x00040000         xr
ram              0x1fff8000         0x00010000         xrw
*default*        0x00000000         0xffffffff

Linker script and memory map

LOAD c:/program files (x86)/cypress/psoc creator/4.3/psoc creator/import/gnu/arm/5.4.1/bin/../lib/gcc/arm-none-eabi/5.4.1/armv7-m/crti.o
LOAD c:/program files (x86)/cypress/psoc creator/4.3/psoc creator/import/gnu/arm/5.4.1/bin/../lib/gcc/arm-none-eabi/5.4.1/armv7-m/crtbegin.o
LOAD c:/program files (x86)/cypress/psoc creator/4.3/psoc creator/import/gnu/arm/5.4.1/bin/../lib/gcc/arm-none-eabi/5.4.1/../../../../arm-none-eabi/lib/armv7-m/crt0.o
START GROUP
LOAD .\CortexM3\ARM_GCC_541\Debug\main.o
LOAD .\CortexM3\ARM_GCC_541\Debug\coldJnTemp.o
LOAD .\CortexM3\ARM_GCC_541\Debug\removeoffsetnoise.o
LOAD .\CortexM3\ARM_GCC_541\Debug\ks0108.o
LOAD .\CortexM3\ARM_GCC_541\Debug\Funciones.o
LOAD .\CortexM3\ARM_GCC_541\Debug\cyfitter_cfg.o
LOAD .\CortexM3\ARM_GCC_541\Debug\cymetadata.o
LOAD .\CortexM3\ARM_GCC_541\Debug\Cm3Start.o
LOAD .\CortexM3\ARM_GCC_541\Debug\MuflaGLCD.a
LOAD C:\Program Files (x86)\Cypress\PSoC Creator\4.3\PSoC Creator\psoc\content\cycomponentlibrary\CyComponentLibrary.cylib\CortexM3\ARM_GCC_541\Debug\CyComponentLibrary.a
END GROUP
START GROUP
LOAD c:/program files (x86)/cypress/psoc creator/4.3/psoc creator/import/gnu/arm/5.4.1/bin/../lib/gcc/arm-none-eabi/5.4.1/armv7-m\libgcc.a
LOAD c:/program files (x86)/cypress/psoc creator/4.3/psoc creator/import/gnu/arm/5.4.1/bin/../lib/gcc/arm-none-eabi/5.4.1/../../../../arm-none-eabi/lib/armv7-m\libg_nano.a
LOAD c:/program files (x86)/cypress/psoc creator/4.3/psoc creator/import/gnu/arm/5.4.1/bin/../lib/gcc/arm-none-eabi/5.4.1/../../../../arm-none-eabi/lib/armv7-m\libc_nano.a
END GROUP
START GROUP
LOAD c:/program files (x86)/cypress/psoc creator/4.3/psoc creator/import/gnu/arm/5.4.1/bin/../lib/gcc/arm-none-eabi/5.4.1/armv7-m\libgcc.a
LOAD c:/program files (x86)/cypress/psoc creator/4.3/psoc creator/import/gnu/arm/5.4.1/bin/../lib/gcc/arm-none-eabi/5.4.1/../../../../arm-none-eabi/lib/armv7-m\libc_nano.a
END GROUP
LOAD c:/program files (x86)/cypress/psoc creator/4.3/psoc creator/import/gnu/arm/5.4.1/bin/../lib/gcc/arm-none-eabi/5.4.1/armv7-m/crtend.o
LOAD c:/program files (x86)/cypress/psoc creator/4.3/psoc creator/import/gnu/arm/5.4.1/bin/../lib/gcc/arm-none-eabi/5.4.1/armv7-m/crtn.o
START GROUP
LOAD c:/program files (x86)/cypress/psoc creator/4.3/psoc creator/import/gnu/arm/5.4.1/bin/../lib/gcc/arm-none-eabi/5.4.1/armv7-m\libgcc.a
LOAD c:/program files (x86)/cypress/psoc creator/4.3/psoc creator/import/gnu/arm/5.4.1/bin/../lib/gcc/arm-none-eabi/5.4.1/../../../../arm-none-eabi/lib/armv7-m\libc.a
LOAD c:/program files (x86)/cypress/psoc creator/4.3/psoc creator/import/gnu/arm/5.4.1/bin/../lib/gcc/arm-none-eabi/5.4.1/../../../../arm-none-eabi/lib/armv7-m\libnosys.a
END GROUP
                0x00000000                CY_APPL_ORIGIN = 0x0
                0x00000100                CY_FLASH_ROW_SIZE = 0x100
                0x00000020                CY_ECC_ROW_SIZE = 0x20
                0x00000000                CY_EE_IN_BTLDR = 0x0
                0x00000000                CY_APPL_LOADABLE = 0x0
                0x00000800                CY_EE_SIZE = 0x800
                0x00000001                CY_APPL_NUM = 0x1
                0x00000001                CY_APPL_MAX = 0x1
                0x00000040                CY_METADATA_SIZE = 0x40
                0x00000000                CY_APPL_LOADABLE = 0x0
                0x00000000                CY_CHECKSUM_EXCLUDE_SIZE = ALIGN (0x0, CY_FLASH_ROW_SIZE)
                [!provide]                PROVIDE (__cy_heap_start, _end)
                0x00000001                PROVIDE (__cy_region_num, ((__cy_regions_end - __cy_regions) / 0x10))
                0x20008000                PROVIDE (__cy_stack, (ORIGIN (ram) + LENGTH (ram)))
                [!provide]                PROVIDE (__cy_heap_end, (__cy_stack - 0x800))

.cybootloader   0x00000000        0x0
 *(.cybootloader)
                0x00000000                appl1_start = CY_APPL_ORIGIN?CY_APPL_ORIGIN:ALIGN (CY_FLASH_ROW_SIZE)
                0x0001ff00                appl2_start = (appl1_start + ALIGN ((((LENGTH (rom) - appl1_start) - (0x2 * CY_FLASH_ROW_SIZE)) / 0x2), CY_FLASH_ROW_SIZE))
                0x00000000                appl_start = (CY_APPL_NUM == 0x1)?appl1_start:appl2_start
                0x00000000                ecc_offset = ((appl_start / CY_FLASH_ROW_SIZE) * CY_ECC_ROW_SIZE)
                0x00000000                ee_offset = (CY_APPL_LOADABLE && ! (CY_EE_IN_BTLDR))?((CY_EE_SIZE / CY_APPL_MAX) * (CY_APPL_NUM - 0x1)):0x0
                0x00000800                ee_size = (CY_APPL_LOADABLE && ! (CY_EE_IN_BTLDR))?(CY_EE_SIZE / CY_APPL_MAX):CY_EE_SIZE
                [!provide]                PROVIDE (CY_ECC_OFFSET, ecc_offset)

.text           0x00000000     0xb084
 CREATE_OBJECT_SYMBOLS
                0x00000000                PROVIDE (__cy_interrupt_vector, RomVectors)
 *(.romvectors)
 .romvectors    0x00000000       0x10 .\CortexM3\ARM_GCC_541\Debug\Cm3Start.o
                0x00000000                RomVectors
                0x00000001                ASSERT ((. != __cy_interrupt_vector), No interrupt vector)
                0x00000001                ASSERT (CY_APPL_ORIGIN?(SIZEOF (.cybootloader) <= CY_APPL_ORIGIN):0x1, Wrong image location)
                0x00000010                PROVIDE (__cy_reset, Reset)
 *(.text.Reset)
 .text.Reset    0x00000010       0x18 .\CortexM3\ARM_GCC_541\Debug\Cm3Start.o
                0x00000010                Reset
                0x00000001                ASSERT ((. != __cy_reset), No reset code)
 *(.dma_init)
                0x00000001                ASSERT ((((appl_start + .) <= 0x10000) || 0x1), DMA Init must be within the first 64k of flash)
 *(.text .text.* .gnu.linkonce.t.*)
 .text          0x00000028       0x5c c:/program files (x86)/cypress/psoc creator/4.3/psoc creator/import/gnu/arm/5.4.1/bin/../lib/gcc/arm-none-eabi/5.4.1/armv7-m/crtbegin.o
 .text.ADC_SAR_ISR_LOC
                0x00000084       0x1c .\CortexM3\ARM_GCC_541\Debug\main.o
                0x00000084                ADC_SAR_ISR_LOC
 .text.Reloj2   0x000000a0      0x19c .\CortexM3\ARM_GCC_541\Debug\main.o
                0x000000a0                Reloj2
 .text.inteRX1  0x0000023c       0x94 .\CortexM3\ARM_GCC_541\Debug\main.o
                0x0000023c                inteRX1
 .text.ActualizaRecta
                0x000002d0       0xf4 .\CortexM3\ARM_GCC_541\Debug\main.o
                0x000002d0                ActualizaRecta
 *fill*         0x000003c4        0x4 
 .text.Controla
                0x000003c8      0x5fc .\CortexM3\ARM_GCC_541\Debug\main.o
                0x000003c8                Controla
 .text.leeTermocupla
                0x000009c4      0x16c .\CortexM3\ARM_GCC_541\Debug\main.o
                0x000009c4                leeTermocupla
 .text.main     0x00000b30     0x3c34 .\CortexM3\ARM_GCC_541\Debug\main.o
                0x00000b30                main
 .text.MeasureColdJnSensorTemp
                0x00004764       0x90 .\CortexM3\ARM_GCC_541\Debug\coldJnTemp.o
                0x00004764                MeasureColdJnSensorTemp
 .text.FilterSignal
                0x000047f4       0x38 .\CortexM3\ARM_GCC_541\Debug\removeoffsetnoise.o
                0x000047f4                FilterSignal
 .text.vLcdDataWrite
                0x0000482c       0x98 .\CortexM3\ARM_GCC_541\Debug\ks0108.o
                0x0000482c                vLcdDataWrite
 .text.glcd_writeByte
                0x000048c4       0x48 .\CortexM3\ARM_GCC_541\Debug\ks0108.o
                0x000048c4                glcd_writeByte
 .text.glcd_update
                0x0000490c       0x7c .\CortexM3\ARM_GCC_541\Debug\ks0108.o
                0x0000490c                glcd_update
 .text.glcd_fillScreen
                0x00004988       0x28 .\CortexM3\ARM_GCC_541\Debug\ks0108.o
                0x00004988                glcd_fillScreen
 .text.glcd_init
                0x000049b0       0x84 .\CortexM3\ARM_GCC_541\Debug\ks0108.o
                0x000049b0                glcd_init
 .text.glcd_pixel
                0x00004a34       0x48 .\CortexM3\ARM_GCC_541\Debug\ks0108.o
                0x00004a34                glcd_pixel
 .text.glcd_line
                0x00004a7c       0xec .\CortexM3\ARM_GCC_541\Debug\ks0108.o
                0x00004a7c                glcd_line
 .text.glcd_rect
                0x00004b68       0x84 .\CortexM3\ARM_GCC_541\Debug\ks0108.o
                0x00004b68                glcd_rect
 .text.glcd_circle
                0x00004bec      0x124 .\CortexM3\ARM_GCC_541\Debug\ks0108.o
                0x00004bec                glcd_circle
 .text.glcd_text57
                0x00004d10      0x128 .\CortexM3\ARM_GCC_541\Debug\ks0108.o
                0x00004d10                glcd_text57
 .text.displayMenu
                0x00004e38       0xb4 .\CortexM3\ARM_GCC_541\Debug\ks0108.o
                0x00004e38                displayMenu
 .text.displayTemps
                0x00004eec      0x234 .\CortexM3\ARM_GCC_541\Debug\ks0108.o
                0x00004eec                displayTemps
 .text.displayTiempo
                0x00005120      0x12c .\CortexM3\ARM_GCC_541\Debug\ks0108.o
                0x00005120                displayTiempo
 .text.displayTemperatura
                0x0000524c      0x118 .\CortexM3\ARM_GCC_541\Debug\ks0108.o
                0x0000524c                displayTemperatura
 .text.glcd_imagen
                0x00005364       0x5c .\CortexM3\ARM_GCC_541\Debug\ks0108.o
                0x00005364                glcd_imagen
 .text.displayT
                0x000053c0       0x4c .\CortexM3\ARM_GCC_541\Debug\ks0108.o
                0x000053c0                displayT
 .text.displayFloat
                0x0000540c       0x54 .\CortexM3\ARM_GCC_541\Debug\ks0108.o
                0x0000540c                displayFloat
 .text.displayContrasena
                0x00005460       0x80 .\CortexM3\ARM_GCC_541\Debug\ks0108.o
                0x00005460                displayContrasena
 .text.extraeDecimal
                0x000054e0       0x28 .\CortexM3\ARM_GCC_541\Debug\Funciones.o
                0x000054e0                extraeDecimal
 .text.convert8
                0x00005508       0x14 .\CortexM3\ARM_GCC_541\Debug\Funciones.o
                0x00005508                convert8
 .text.convert16
                0x0000551c        0x8 .\CortexM3\ARM_GCC_541\Debug\Funciones.o
                0x0000551c                convert16
 *fill*         0x00005524        0x4 
 .text.leeEEPROM
                0x00005528      0x58c .\CortexM3\ARM_GCC_541\Debug\Funciones.o
                0x00005528                leeEEPROM
 .text.PidePassword
                0x00005ab4      0x41c .\CortexM3\ARM_GCC_541\Debug\Funciones.o
                0x00005ab4                PidePassword
 .text.MuestraSegmento
                0x00005ed0      0x51c .\CortexM3\ARM_GCC_541\Debug\Funciones.o
                0x00005ed0                MuestraSegmento
 .text.CyClockStartupError
                0x000063ec        0x4 .\CortexM3\ARM_GCC_541\Debug\cyfitter_cfg.o
 .text.cfg_write_bytes32
                0x000063f0       0x34 .\CortexM3\ARM_GCC_541\Debug\cyfitter_cfg.o
 .text.CYMEMZERO
                0x00006424        0xc .\CortexM3\ARM_GCC_541\Debug\cyfitter_cfg.o
 .text.AnalogSetDefault
                0x00006430       0x84 .\CortexM3\ARM_GCC_541\Debug\cyfitter_cfg.o
 .text.CYCONFIGCPY
                0x000064b4        0x8 .\CortexM3\ARM_GCC_541\Debug\cyfitter_cfg.o
 .text.ClockSetup
                0x000064bc       0xf4 .\CortexM3\ARM_GCC_541\Debug\cyfitter_cfg.o
 .text.cyfitter_cfg
                0x000065b0      0x178 .\CortexM3\ARM_GCC_541\Debug\cyfitter_cfg.o
                0x000065b0                cyfitter_cfg
 .text.IntDefaultHandler
                0x00006728       0x10 .\CortexM3\ARM_GCC_541\Debug\Cm3Start.o
                0x00006728                IntDefaultHandler
 .text._sbrk    0x00006738       0x30 .\CortexM3\ARM_GCC_541\Debug\Cm3Start.o
                0x00006738                _sbrk
 .text.Start_c  0x00006768       0x4c .\CortexM3\ARM_GCC_541\Debug\Cm3Start.o
                0x00006768                Start_c
 .text.initialize_psoc
                0x000067b4       0x68 .\CortexM3\ARM_GCC_541\Debug\Cm3Start.o
                0x000067b4                initialize_psoc
 .text.CyHalt   0x0000681c        0x4 .\CortexM3\ARM_GCC_541\Debug\MuflaGLCD.a(CyLib.o)
                0x0000681c                CyHalt
 .text.CySoftwareReset
                0x00006820       0x10 .\CortexM3\ARM_GCC_541\Debug\MuflaGLCD.a(CyLib.o)
                0x00006820                CySoftwareReset
 .text.CyDelay  0x00006830       0x2c .\CortexM3\ARM_GCC_541\Debug\MuflaGLCD.a(CyLib.o)
                0x00006830                CyDelay
 .text.CyDelayUs
                0x0000685c       0x14 .\CortexM3\ARM_GCC_541\Debug\MuflaGLCD.a(CyLib.o)
                0x0000685c                CyDelayUs
 .text.CyIntSetVector
                0x00006870       0x28 .\CortexM3\ARM_GCC_541\Debug\MuflaGLCD.a(CyLib.o)
                0x00006870                CyIntSetVector
 .text.CyIntSetPriority
                0x00006898       0x30 .\CortexM3\ARM_GCC_541\Debug\MuflaGLCD.a(CyLib.o)
                0x00006898                CyIntSetPriority
 .text.ADC_GainCompensation
                0x000068c8       0xe0 .\CortexM3\ARM_GCC_541\Debug\MuflaGLCD.a(ADC.o)
 .text.ADC_SetDSMRef0Reg
                0x000069a8       0x4c .\CortexM3\ARM_GCC_541\Debug\MuflaGLCD.a(ADC.o)
 .text.ADC_InitConfig
                0x000069f4      0x268 .\CortexM3\ARM_GCC_541\Debug\MuflaGLCD.a(ADC.o)
 .text.ADC_Init
                0x00006c5c       0xfc .\CortexM3\ARM_GCC_541\Debug\MuflaGLCD.a(ADC.o)
                0x00006c5c                ADC_Init
 .text.ADC_Enable
                0x00006d58       0xd8 .\CortexM3\ARM_GCC_541\Debug\MuflaGLCD.a(ADC.o)
                0x00006d58                ADC_Enable
 .text.ADC_Start
                0x00006e30       0x28 .\CortexM3\ARM_GCC_541\Debug\MuflaGLCD.a(ADC.o)
                0x00006e30                ADC_Start
 .text.ADC_Stop
                0x00006e58       0xe4 .\CortexM3\ARM_GCC_541\Debug\MuflaGLCD.a(ADC.o)
                0x00006e58                ADC_Stop
 .text.ADC_StartConvert
                0x00006f3c       0x10 .\CortexM3\ARM_GCC_541\Debug\MuflaGLCD.a(ADC.o)
                0x00006f3c                ADC_StartConvert
 .text.ADC_StopConvert
                0x00006f4c       0x10 .\CortexM3\ARM_GCC_541\Debug\MuflaGLCD.a(ADC.o)
                0x00006f4c                ADC_StopConvert
 .text.ADC_IsEndConversion
                0x00006f5c       0x30 .\CortexM3\ARM_GCC_541\Debug\MuflaGLCD.a(ADC.o)
                0x00006f5c                ADC_IsEndConversion
 .text.ADC_GetResult32
                0x00006f8c       0x6c .\CortexM3\ARM_GCC_541\Debug\MuflaGLCD.a(ADC.o)
                0x00006f8c                ADC_GetResult32
 .text.ADC_CountsTo_uVolts
                0x00006ff8       0x78 .\CortexM3\ARM_GCC_541\Debug\MuflaGLCD.a(ADC.o)
                0x00006ff8                ADC_CountsTo_uVolts
 .text.ADC_SelectConfiguration
                0x00007070       0x64 .\CortexM3\ARM_GCC_541\Debug\MuflaGLCD.a(ADC.o)
                0x00007070                ADC_SelectConfiguration
 .text.ADC_ISR1
                0x000070d4        0x4 .\CortexM3\ARM_GCC_541\Debug\MuflaGLCD.a(ADC_INT.o)
                0x000070d4                ADC_ISR1
 .text.ADC_ISR2
                0x000070d8        0x4 .\CortexM3\ARM_GCC_541\Debug\MuflaGLCD.a(ADC_INT.o)
                0x000070d8                ADC_ISR2
 .text.ADC_ISR3
                0x000070dc        0x4 .\CortexM3\ARM_GCC_541\Debug\MuflaGLCD.a(ADC_INT.o)
                0x000070dc                ADC_ISR3
 .text.ADC_Ext_CP_Clk_GetDividerRegister
                0x000070e0        0xc .\CortexM3\ARM_GCC_541\Debug\MuflaGLCD.a(ADC_Ext_CP_Clk.o)
                0x000070e0                ADC_Ext_CP_Clk_GetDividerRegister
 .text.ADC_Ext_CP_Clk_SetModeRegister
                0x000070ec       0x14 .\CortexM3\ARM_GCC_541\Debug\MuflaGLCD.a(ADC_Ext_CP_Clk.o)
                0x000070ec                ADC_Ext_CP_Clk_SetModeRegister
 .text.ADC_Ext_CP_Clk_GetSourceRegister
                0x00007100       0x10 .\CortexM3\ARM_GCC_541\Debug\MuflaGLCD.a(ADC_Ext_CP_Clk.o)
                0x00007100                ADC_Ext_CP_Clk_GetSourceRegister
 .text.ADC_Ext_CP_Clk_SetDividerRegister
                0x00007110       0xd8 .\CortexM3\ARM_GCC_541\Debug\MuflaGLCD.a(ADC_Ext_CP_Clk.o)
                0x00007110                ADC_Ext_CP_Clk_SetDividerRegister
 .text.ADC_theACLK_GetDividerRegister
                0x000071e8        0xc .\CortexM3\ARM_GCC_541\Debug\MuflaGLCD.a(ADC_theACLK.o)
                0x000071e8                ADC_theACLK_GetDividerRegister
 .text.ADC_theACLK_SetModeRegister
                0x000071f4       0x14 .\CortexM3\ARM_GCC_541\Debug\MuflaGLCD.a(ADC_theACLK.o)
                0x000071f4                ADC_theACLK_SetModeRegister
 .text.ADC_theACLK_GetSourceRegister
                0x00007208       0x10 .\CortexM3\ARM_GCC_541\Debug\MuflaGLCD.a(ADC_theACLK.o)
                0x00007208                ADC_theACLK_GetSourceRegister
 .text.ADC_theACLK_SetDividerRegister
                0x00007218       0xdc .\CortexM3\ARM_GCC_541\Debug\MuflaGLCD.a(ADC_theACLK.o)
                0x00007218                ADC_theACLK_SetDividerRegister
 .text.Reloj_SetVector
                0x000072f4        0xc .\CortexM3\ARM_GCC_541\Debug\MuflaGLCD.a(Reloj.o)
                0x000072f4                Reloj_SetVector
 .text.Reloj_SetPriority
                0x00007300       0x10 .\CortexM3\ARM_GCC_541\Debug\MuflaGLCD.a(Reloj.o)
                0x00007300                Reloj_SetPriority
 .text.Reloj_Enable
                0x00007310        0xc .\CortexM3\ARM_GCC_541\Debug\MuflaGLCD.a(Reloj.o)
                0x00007310                Reloj_Enable
 .text.Reloj_Disable
                0x0000731c        0xc .\CortexM3\ARM_GCC_541\Debug\MuflaGLCD.a(Reloj.o)
                0x0000731c                Reloj_Disable
 .text.Reloj_StartEx
                0x00007328       0x1c .\CortexM3\ARM_GCC_541\Debug\MuflaGLCD.a(Reloj.o)
                0x00007328                Reloj_StartEx
 .text.Thermocouple_1_MultShift24
                0x00007344       0x38 .\CortexM3\ARM_GCC_541\Debug\MuflaGLCD.a(Thermocouple_1.o)
                0x00007344                Thermocouple_1_MultShift24
 .text.Thermocouple_1_GetTemperature
                0x0000737c       0xec .\CortexM3\ARM_GCC_541\Debug\MuflaGLCD.a(Thermocouple_1.o)
                0x0000737c                Thermocouple_1_GetTemperature
 .text.Thermocouple_1_GetVoltage
                0x00007468       0x54 .\CortexM3\ARM_GCC_541\Debug\MuflaGLCD.a(Thermocouple_1.o)
                0x00007468                Thermocouple_1_GetVoltage
 .text.UART_1_Init
                0x000074bc       0x24 .\CortexM3\ARM_GCC_541\Debug\MuflaGLCD.a(UART_1.o)
                0x000074bc                UART_1_Init
 .text.UART_1_Enable
                0x000074e0       0x38 .\CortexM3\ARM_GCC_541\Debug\MuflaGLCD.a(UART_1.o)
                0x000074e0                UART_1_Enable
 .text.UART_1_Start
                0x00007518       0x1c .\CortexM3\ARM_GCC_541\Debug\MuflaGLCD.a(UART_1.o)
                0x00007518                UART_1_Start
 .text.UART_1_ReadRxData
                0x00007534        0xc .\CortexM3\ARM_GCC_541\Debug\MuflaGLCD.a(UART_1.o)
                0x00007534                UART_1_ReadRxData
 .text.UART_1_ReadRxStatus
                0x00007540       0x10 .\CortexM3\ARM_GCC_541\Debug\MuflaGLCD.a(UART_1.o)
                0x00007540                UART_1_ReadRxStatus
 .text.UART_1_GetByte
                0x00007550       0x14 .\CortexM3\ARM_GCC_541\Debug\MuflaGLCD.a(UART_1.o)
                0x00007550                UART_1_GetByte
 .text.UART_1_IntClock_Start
                0x00007564       0x1c .\CortexM3\ARM_GCC_541\Debug\MuflaGLCD.a(UART_1_IntClock.o)
                0x00007564                UART_1_IntClock_Start
 .text.Timer_Enable
                0x00007580       0x28 .\CortexM3\ARM_GCC_541\Debug\MuflaGLCD.a(Timer.o)
                0x00007580                Timer_Enable
 .text.Timer_SetInterruptMode
                0x000075a8        0xc .\CortexM3\ARM_GCC_541\Debug\MuflaGLCD.a(Timer.o)
                0x000075a8                Timer_SetInterruptMode
 .text.Timer_WritePeriod
                0x000075b4        0xc .\CortexM3\ARM_GCC_541\Debug\MuflaGLCD.a(Timer.o)
                0x000075b4                Timer_WritePeriod
 .text.Timer_WriteCounter
                0x000075c0        0xc .\CortexM3\ARM_GCC_541\Debug\MuflaGLCD.a(Timer.o)
                0x000075c0                Timer_WriteCounter
 .text.Timer_Init
                0x000075cc       0x68 .\CortexM3\ARM_GCC_541\Debug\MuflaGLCD.a(Timer.o)
                0x000075cc                Timer_Init
 .text.Timer_Start
                0x00007634       0x1c .\CortexM3\ARM_GCC_541\Debug\MuflaGLCD.a(Timer.o)
                0x00007634                Timer_Start
 .text.EEPROM_Enable
                0x00007650        0xc .\CortexM3\ARM_GCC_541\Debug\MuflaGLCD.a(EEPROM.o)
                0x00007650                EEPROM_Enable
 .text.EEPROM_Start
                0x0000765c        0x8 .\CortexM3\ARM_GCC_541\Debug\MuflaGLCD.a(EEPROM.o)
                0x0000765c                EEPROM_Start
 .text.EEPROM_WriteByte
                0x00007664       0xd0 .\CortexM3\ARM_GCC_541\Debug\MuflaGLCD.a(EEPROM.o)
                0x00007664                EEPROM_WriteByte
 .text.EEPROM_ReadByte
                0x00007734       0x28 .\CortexM3\ARM_GCC_541\Debug\MuflaGLCD.a(EEPROM.o)
                0x00007734                EEPROM_ReadByte
 .text.RX1_SetVector
                0x0000775c        0xc .\CortexM3\ARM_GCC_541\Debug\MuflaGLCD.a(RX1.o)
                0x0000775c                RX1_SetVector
 .text.RX1_SetPriority
                0x00007768       0x10 .\CortexM3\ARM_GCC_541\Debug\MuflaGLCD.a(RX1.o)
                0x00007768                RX1_SetPriority
 .text.RX1_Enable
                0x00007778        0xc .\CortexM3\ARM_GCC_541\Debug\MuflaGLCD.a(RX1.o)
                0x00007778                RX1_Enable
 .text.RX1_Disable
                0x00007784        0xc .\CortexM3\ARM_GCC_541\Debug\MuflaGLCD.a(RX1.o)
                0x00007784                RX1_Disable
 .text.RX1_StartEx
                0x00007790       0x1c .\CortexM3\ARM_GCC_541\Debug\MuflaGLCD.a(RX1.o)
                0x00007790                RX1_StartEx
 .text.SSR_Write
                0x000077ac       0x18 .\CortexM3\ARM_GCC_541\Debug\MuflaGLCD.a(SSR.o)
                0x000077ac                SSR_Write
 .text.DOOR_Read
                0x000077c4       0x10 .\CortexM3\ARM_GCC_541\Debug\MuflaGLCD.a(DOOR.o)
                0x000077c4                DOOR_Read
 .text.LCD1_Write
                0x000077d4       0x18 .\CortexM3\ARM_GCC_541\Debug\MuflaGLCD.a(LCD1.o)
                0x000077d4                LCD1_Write
 .text.LCD2_Write
                0x000077ec       0x18 .\CortexM3\ARM_GCC_541\Debug\MuflaGLCD.a(LCD2.o)
                0x000077ec                LCD2_Write
 .text.ADC_SAR_CalcGain
                0x00007804       0x5c .\CortexM3\ARM_GCC_541\Debug\MuflaGLCD.a(ADC_SAR.o)
 .text.ADC_SAR_Enable
                0x00007860       0x94 .\CortexM3\ARM_GCC_541\Debug\MuflaGLCD.a(ADC_SAR.o)
                0x00007860                ADC_SAR_Enable
 .text.ADC_SAR_SetResolution
                0x000078f4       0x38 .\CortexM3\ARM_GCC_541\Debug\MuflaGLCD.a(ADC_SAR.o)
                0x000078f4                ADC_SAR_SetResolution
 .text.ADC_SAR_Init
                0x0000792c       0x3c .\CortexM3\ARM_GCC_541\Debug\MuflaGLCD.a(ADC_SAR.o)
                0x0000792c                ADC_SAR_Init
 .text.ADC_SAR_Start
                0x00007968       0x1c .\CortexM3\ARM_GCC_541\Debug\MuflaGLCD.a(ADC_SAR.o)
                0x00007968                ADC_SAR_Start
 .text.ADC_SAR_StartConvert
                0x00007984       0x10 .\CortexM3\ARM_GCC_541\Debug\MuflaGLCD.a(ADC_SAR.o)
                0x00007984                ADC_SAR_StartConvert
 .text.ADC_SAR_CountsTo_mVolts
                0x00007994       0x58 .\CortexM3\ARM_GCC_541\Debug\MuflaGLCD.a(ADC_SAR.o)
                0x00007994                ADC_SAR_CountsTo_mVolts
 .text.ADC_SAR_ISR
                0x000079ec        0x4 .\CortexM3\ARM_GCC_541\Debug\MuflaGLCD.a(ADC_SAR_INT.o)
                0x000079ec                ADC_SAR_ISR
 .text.ADC_SAR_IRQ_SetVector
                0x000079f0        0xc .\CortexM3\ARM_GCC_541\Debug\MuflaGLCD.a(ADC_SAR_IRQ.o)
                0x000079f0                ADC_SAR_IRQ_SetVector
 .text.ADC_SAR_IRQ_SetPriority
                0x000079fc       0x10 .\CortexM3\ARM_GCC_541\Debug\MuflaGLCD.a(ADC_SAR_IRQ.o)
                0x000079fc                ADC_SAR_IRQ_SetPriority
 .text.ADC_SAR_IRQ_Enable
                0x00007a0c        0xc .\CortexM3\ARM_GCC_541\Debug\MuflaGLCD.a(ADC_SAR_IRQ.o)
                0x00007a0c                ADC_SAR_IRQ_Enable
 .text.ADC_SAR_IRQ_Disable
                0x00007a18        0xc .\CortexM3\ARM_GCC_541\Debug\MuflaGLCD.a(ADC_SAR_IRQ.o)
                0x00007a18                ADC_SAR_IRQ_Disable
 .text.ADC_SAR_IRQ_StartEx
                0x00007a24       0x1c .\CortexM3\ARM_GCC_541\Debug\MuflaGLCD.a(ADC_SAR_IRQ.o)
                0x00007a24                ADC_SAR_IRQ_StartEx
 .text.ADC_SAR_theACLK_SetModeRegister
                0x00007a40       0x14 .\CortexM3\ARM_GCC_541\Debug\MuflaGLCD.a(ADC_SAR_theACLK.o)
                0x00007a40                ADC_SAR_theACLK_SetModeRegister
 .text.VENT1_Write
                0x00007a54       0x18 .\CortexM3\ARM_GCC_541\Debug\MuflaGLCD.a(VENT1.o)
                0x00007a54                VENT1_Write
 .text.LCD3_Write
                0x00007a6c       0x18 .\CortexM3\ARM_GCC_541\Debug\MuflaGLCD.a(LCD3.o)
                0x00007a6c                LCD3_Write
 .text.ENABLE_Write
                0x00007a84       0x18 .\CortexM3\ARM_GCC_541\Debug\MuflaGLCD.a(ENABLE.o)
                0x00007a84                ENABLE_Write
 .text.CS_1_Write
                0x00007a9c       0x18 .\CortexM3\ARM_GCC_541\Debug\MuflaGLCD.a(CS_1.o)
                0x00007a9c                CS_1_Write
 .text.D_I_Write
                0x00007ab4       0x18 .\CortexM3\ARM_GCC_541\Debug\MuflaGLCD.a(D_I.o)
                0x00007ab4                D_I_Write
 .text.R_W_Write
                0x00007acc       0x18 .\CortexM3\ARM_GCC_541\Debug\MuflaGLCD.a(R_W.o)
                0x00007acc                R_W_Write
 .text.CS_2_Write
                0x00007ae4       0x18 .\CortexM3\ARM_GCC_541\Debug\MuflaGLCD.a(CS_2.o)
                0x00007ae4                CS_2_Write
 .text.RESET_Write
                0x00007afc       0x18 .\CortexM3\ARM_GCC_541\Debug\MuflaGLCD.a(RESET.o)
                0x00007afc                RESET_Write
 .text.DB_0_Write
                0x00007b14       0x18 .\CortexM3\ARM_GCC_541\Debug\MuflaGLCD.a(DB_0.o)
                0x00007b14                DB_0_Write
 .text.DB_1_Write
                0x00007b2c       0x18 .\CortexM3\ARM_GCC_541\Debug\MuflaGLCD.a(DB_1.o)
                0x00007b2c                DB_1_Write
 .text.DB_2_Write
                0x00007b44       0x18 .\CortexM3\ARM_GCC_541\Debug\MuflaGLCD.a(DB_2.o)
                0x00007b44                DB_2_Write
 .text.DB_3_Write
                0x00007b5c       0x18 .\CortexM3\ARM_GCC_541\Debug\MuflaGLCD.a(DB_3.o)
                0x00007b5c                DB_3_Write
 .text.DB_4_Write
                0x00007b74       0x18 .\CortexM3\ARM_GCC_541\Debug\MuflaGLCD.a(DB_4.o)
                0x00007b74                DB_4_Write
 .text.DB_5_Write
                0x00007b8c       0x18 .\CortexM3\ARM_GCC_541\Debug\MuflaGLCD.a(DB_5.o)
                0x00007b8c                DB_5_Write
 .text.DB_6_Write
                0x00007ba4       0x18 .\CortexM3\ARM_GCC_541\Debug\MuflaGLCD.a(DB_6.o)
                0x00007ba4                DB_6_Write
 .text.DB_7_Write
                0x00007bbc       0x18 .\CortexM3\ARM_GCC_541\Debug\MuflaGLCD.a(DB_7.o)
                0x00007bbc                DB_7_Write
 .text.UP_Read  0x00007bd4       0x10 .\CortexM3\ARM_GCC_541\Debug\MuflaGLCD.a(UP.o)
                0x00007bd4                UP_Read
 .text.DOWN_Read
                0x00007be4       0x10 .\CortexM3\ARM_GCC_541\Debug\MuflaGLCD.a(DOWN.o)
                0x00007be4                DOWN_Read
 .text.RIGHT_Read
                0x00007bf4       0x10 .\CortexM3\ARM_GCC_541\Debug\MuflaGLCD.a(RIGHT.o)
                0x00007bf4                RIGHT_Read
 .text.LEFT_Read
                0x00007c04       0x10 .\CortexM3\ARM_GCC_541\Debug\MuflaGLCD.a(LEFT.o)
                0x00007c04                LEFT_Read
 .text.BUZZER_Write
                0x00007c14       0x18 .\CortexM3\ARM_GCC_541\Debug\MuflaGLCD.a(BUZZER.o)
                0x00007c14                BUZZER_Write
 *fill*         0x00007c2c        0x4 
 .text          0x00007c30       0x20 .\CortexM3\ARM_GCC_541\Debug\MuflaGLCD.a(CyBootAsmGnu.o)
                0x00007c30                CyDelayCycles
                0x00007c40                CyEnterCriticalSection
                0x00007c48                CyExitCriticalSection
 .text.CySetTempInt
                0x00007c50       0x60 .\CortexM3\ARM_GCC_541\Debug\MuflaGLCD.a(CyFlash.o)
 .text.CyFlashGetSpcAlgorithm
                0x00007cb0       0x4c .\CortexM3\ARM_GCC_541\Debug\MuflaGLCD.a(CyFlash.o)
                0x00007cb0                CyFlashGetSpcAlgorithm
 .text.CySetTemp
                0x00007cfc       0x14 .\CortexM3\ARM_GCC_541\Debug\MuflaGLCD.a(CyFlash.o)
                0x00007cfc                CySetTemp
 .text.CyEEPROM_Start
                0x00007d10       0x54 .\CortexM3\ARM_GCC_541\Debug\MuflaGLCD.a(CyFlash.o)
                0x00007d10                CyEEPROM_Start
 .text.CyEEPROM_ReadReserve
                0x00007d64       0x1c .\CortexM3\ARM_GCC_541\Debug\MuflaGLCD.a(CyFlash.o)
                0x00007d64                CyEEPROM_ReadReserve
 .text.CyEEPROM_ReadRelease
                0x00007d80       0x10 .\CortexM3\ARM_GCC_541\Debug\MuflaGLCD.a(CyFlash.o)
                0x00007d80                CyEEPROM_ReadRelease
 .text.CySpcStart
                0x00007d90       0x24 .\CortexM3\ARM_GCC_541\Debug\MuflaGLCD.a(CySpc.o)
                0x00007d90                CySpcStart
 .text.CySpcReadData
                0x00007db4       0x34 .\CortexM3\ARM_GCC_541\Debug\MuflaGLCD.a(CySpc.o)
                0x00007db4                CySpcReadData
 .text.CySpcLoadMultiByte
                0x00007de8       0x78 .\CortexM3\ARM_GCC_541\Debug\MuflaGLCD.a(CySpc.o)
                0x00007de8                CySpcLoadMultiByte
 .text.CySpcWriteRow
                0x00007e60       0x4c .\CortexM3\ARM_GCC_541\Debug\MuflaGLCD.a(CySpc.o)
                0x00007e60                CySpcWriteRow
 .text.CySpcGetTemp
                0x00007eac       0x3c .\CortexM3\ARM_GCC_541\Debug\MuflaGLCD.a(CySpc.o)
                0x00007eac                CySpcGetTemp
 .text.CySpcLock
                0x00007ee8       0x4c .\CortexM3\ARM_GCC_541\Debug\MuflaGLCD.a(CySpc.o)
                0x00007ee8                CySpcLock
 .text.CySpcUnlock
                0x00007f34       0x38 .\CortexM3\ARM_GCC_541\Debug\MuflaGLCD.a(CySpc.o)
                0x00007f34                CySpcUnlock
 .text.CySpcGetAlgorithm
                0x00007f6c       0x28 .\CortexM3\ARM_GCC_541\Debug\MuflaGLCD.a(CySpc.o)
                0x00007f6c                CySpcGetAlgorithm
 .text          0x00007f94      0x370 c:/program files (x86)/cypress/psoc creator/4.3/psoc creator/import/gnu/arm/5.4.1/bin/../lib/gcc/arm-none-eabi/5.4.1/armv7-m\libgcc.a(_arm_addsubdf3.o)
                0x00007f94                __aeabi_drsub
                0x00007f9c                __aeabi_dsub
                0x00007f9c                __subdf3
                0x00007fa0                __aeabi_dadd
                0x00007fa0                __adddf3
                0x00008218                __floatunsidf
                0x00008218                __aeabi_ui2d
                0x00008238                __floatsidf
                0x00008238                __aeabi_i2d
                0x0000825c                __aeabi_f2d
                0x0000825c                __extendsfdf2
                0x00008298                __floatundidf
                0x00008298                __aeabi_ul2d
                0x000082a8                __floatdidf
                0x000082a8                __aeabi_l2d
 .text          0x00008304      0x424 c:/program files (x86)/cypress/psoc creator/4.3/psoc creator/import/gnu/arm/5.4.1/bin/../lib/gcc/arm-none-eabi/5.4.1/armv7-m\libgcc.a(_arm_muldivdf3.o)
                0x00008304                __aeabi_dmul
                0x00008304                __muldf3
                0x00008558                __divdf3
                0x00008558                __aeabi_ddiv
 .text          0x00008728      0x110 c:/program files (x86)/cypress/psoc creator/4.3/psoc creator/import/gnu/arm/5.4.1/bin/../lib/gcc/arm-none-eabi/5.4.1/armv7-m\libgcc.a(_arm_cmpdf2.o)
                0x00008728                __gtdf2
                0x00008728                __gedf2
                0x00008730                __ltdf2
                0x00008730                __ledf2
                0x00008738                __nedf2
                0x00008738                __eqdf2
                0x00008738                __cmpdf2
                0x000087b4                __aeabi_cdrcmple
                0x000087c4                __aeabi_cdcmpeq
                0x000087c4                __aeabi_cdcmple
                0x000087d4                __aeabi_dcmpeq
                0x000087e8                __aeabi_dcmplt
                0x000087fc                __aeabi_dcmple
                0x00008810                __aeabi_dcmpge
                0x00008824                __aeabi_dcmpgt
 .text          0x00008838       0x40 c:/program files (x86)/cypress/psoc creator/4.3/psoc creator/import/gnu/arm/5.4.1/bin/../lib/gcc/arm-none-eabi/5.4.1/armv7-m\libgcc.a(_arm_fixunsdfsi.o)
                0x00008838                __aeabi_d2uiz
                0x00008838                __fixunsdfsi
 .text          0x00008878       0xa0 c:/program files (x86)/cypress/psoc creator/4.3/psoc creator/import/gnu/arm/5.4.1/bin/../lib/gcc/arm-none-eabi/5.4.1/armv7-m\libgcc.a(_arm_truncdfsf2.o)
                0x00008878                __truncdfsf2
                0x00008878                __aeabi_d2f
 .text          0x00008918      0x21c c:/program files (x86)/cypress/psoc creator/4.3/psoc creator/import/gnu/arm/5.4.1/bin/../lib/gcc/arm-none-eabi/5.4.1/armv7-m\libgcc.a(_arm_addsubsf3.o)
                0x00008918                __aeabi_frsub
                0x00008920                __subsf3
                0x00008920                __aeabi_fsub
                0x00008924                __aeabi_fadd
                0x00008924                __addsf3
                0x00008a84                __aeabi_ui2f
                0x00008a84                __floatunsisf
                0x00008a8c                __aeabi_i2f
                0x00008a8c                __floatsisf
                0x00008aa8                __aeabi_ul2f
                0x00008aa8                __floatundisf
                0x00008ab8                __aeabi_l2f
                0x00008ab8                __floatdisf
 .text          0x00008b34      0x2a0 c:/program files (x86)/cypress/psoc creator/4.3/psoc creator/import/gnu/arm/5.4.1/bin/../lib/gcc/arm-none-eabi/5.4.1/armv7-m\libgcc.a(_arm_muldivsf3.o)
                0x00008b34                __mulsf3
                0x00008b34                __aeabi_fmul
                0x00008c9c                __aeabi_fdiv
                0x00008c9c                __divsf3
 .text          0x00008dd4       0xec c:/program files (x86)/cypress/psoc creator/4.3/psoc creator/import/gnu/arm/5.4.1/bin/../lib/gcc/arm-none-eabi/5.4.1/armv7-m\libgcc.a(_arm_cmpsf2.o)
                0x00008dd4                __gesf2
                0x00008dd4                __gtsf2
                0x00008ddc                __lesf2
                0x00008ddc                __ltsf2
                0x00008de4                __nesf2
                0x00008de4                __eqsf2
                0x00008de4                __cmpsf2
                0x00008e44                __aeabi_cfrcmple
                0x00008e4c                __aeabi_cfcmpeq
                0x00008e4c                __aeabi_cfcmple
                0x00008e5c                __aeabi_fcmpeq
                0x00008e70                __aeabi_fcmplt
                0x00008e84                __aeabi_fcmple
                0x00008e98                __aeabi_fcmpge
                0x00008eac                __aeabi_fcmpgt
 .text          0x00008ec0       0x4c c:/program files (x86)/cypress/psoc creator/4.3/psoc creator/import/gnu/arm/5.4.1/bin/../lib/gcc/arm-none-eabi/5.4.1/armv7-m\libgcc.a(_arm_fixsfsi.o)
                0x00008ec0                __aeabi_f2iz
                0x00008ec0                __fixsfsi
 .text          0x00008f0c       0x40 c:/program files (x86)/cypress/psoc creator/4.3/psoc creator/import/gnu/arm/5.4.1/bin/../lib/gcc/arm-none-eabi/5.4.1/armv7-m\libgcc.a(_arm_fixunssfsi.o)
                0x00008f0c                __fixunssfsi
                0x00008f0c                __aeabi_f2uiz
 .text.__errno  0x00008f4c        0xc c:/program files (x86)/cypress/psoc creator/4.3/psoc creator/import/gnu/arm/5.4.1/bin/../lib/gcc/arm-none-eabi/5.4.1/../../../../arm-none-eabi/lib/armv7-m\libg_nano.a(lib_a-errno.o)
                0x00008f4c                __errno
 .text.__libc_init_array
                0x00008f58       0x4c c:/program files (x86)/cypress/psoc creator/4.3/psoc creator/import/gnu/arm/5.4.1/bin/../lib/gcc/arm-none-eabi/5.4.1/../../../../arm-none-eabi/lib/armv7-m\libg_nano.a(lib_a-init.o)
                0x00008f58                __libc_init_array
 .text.memcpy   0x00008fa4       0x16 c:/program files (x86)/cypress/psoc creator/4.3/psoc creator/import/gnu/arm/5.4.1/bin/../lib/gcc/arm-none-eabi/5.4.1/../../../../arm-none-eabi/lib/armv7-m\libg_nano.a(lib_a-memcpy-stub.o)
                0x00008fa4                memcpy
 .text.memset   0x00008fba       0x10 c:/program files (x86)/cypress/psoc creator/4.3/psoc creator/import/gnu/arm/5.4.1/bin/../lib/gcc/arm-none-eabi/5.4.1/../../../../arm-none-eabi/lib/armv7-m\libg_nano.a(lib_a-memset.o)
                0x00008fba                memset
 .text.__cvt    0x00008fca       0xc0 c:/program files (x86)/cypress/psoc creator/4.3/psoc creator/import/gnu/arm/5.4.1/bin/../lib/gcc/arm-none-eabi/5.4.1/../../../../arm-none-eabi/lib/armv7-m\libg_nano.a(lib_a-nano-vfprintf_float.o)
                0x00008fca                __cvt
 .text.__exponent
                0x0000908a       0x62 c:/program files (x86)/cypress/psoc creator/4.3/psoc creator/import/gnu/arm/5.4.1/bin/../lib/gcc/arm-none-eabi/5.4.1/../../../../arm-none-eabi/lib/armv7-m\libg_nano.a(lib_a-nano-vfprintf_float.o)
                0x0000908a                __exponent
 .text._printf_float
                0x000090ec      0x488 c:/program files (x86)/cypress/psoc creator/4.3/psoc creator/import/gnu/arm/5.4.1/bin/../lib/gcc/arm-none-eabi/5.4.1/../../../../arm-none-eabi/lib/armv7-m\libg_nano.a(lib_a-nano-vfprintf_float.o)
                0x000090ec                _printf_float
 .text._printf_common
                0x00009574       0xec c:/program files (x86)/cypress/psoc creator/4.3/psoc creator/import/gnu/arm/5.4.1/bin/../lib/gcc/arm-none-eabi/5.4.1/../../../../arm-none-eabi/lib/armv7-m\libg_nano.a(lib_a-nano-vfprintf_i.o)
                0x00009574                _printf_common
 .text._printf_i
                0x00009660      0x24c c:/program files (x86)/cypress/psoc creator/4.3/psoc creator/import/gnu/arm/5.4.1/bin/../lib/gcc/arm-none-eabi/5.4.1/../../../../arm-none-eabi/lib/armv7-m\libg_nano.a(lib_a-nano-vfprintf_i.o)
                0x00009660                _printf_i
 .text.sprintf  0x000098ac       0x48 c:/program files (x86)/cypress/psoc creator/4.3/psoc creator/import/gnu/arm/5.4.1/bin/../lib/gcc/arm-none-eabi/5.4.1/../../../../arm-none-eabi/lib/armv7-m\libg_nano.a(lib_a-sprintf.o)
                0x000098ac                siprintf
                0x000098ac                sprintf
 .text.strcpy   0x000098f4       0x10 c:/program files (x86)/cypress/psoc creator/4.3/psoc creator/import/gnu/arm/5.4.1/bin/../lib/gcc/arm-none-eabi/5.4.1/../../../../arm-none-eabi/lib/armv7-m\libg_nano.a(lib_a-strcpy.o)
                0x000098f4                strcpy
 .text          0x00009904       0x10 c:/program files (x86)/cypress/psoc creator/4.3/psoc creator/import/gnu/arm/5.4.1/bin/../lib/gcc/arm-none-eabi/5.4.1/../../../../arm-none-eabi/lib/armv7-m\libg_nano.a(lib_a-strlen.o)
                0x00009904                strlen
 .text.quorem   0x00009914      0x116 c:/program files (x86)/cypress/psoc creator/4.3/psoc creator/import/gnu/arm/5.4.1/bin/../lib/gcc/arm-none-eabi/5.4.1/../../../../arm-none-eabi/lib/armv7-m\libg_nano.a(lib_a-dtoa.o)
 *fill*         0x00009a2a        0x6 
 .text._dtoa_r  0x00009a30      0xb30 c:/program files (x86)/cypress/psoc creator/4.3/psoc creator/import/gnu/arm/5.4.1/bin/../lib/gcc/arm-none-eabi/5.4.1/../../../../arm-none-eabi/lib/armv7-m\libg_nano.a(lib_a-dtoa.o)
                0x00009a30                _dtoa_r
 .text._localeconv_r
                0x0000a560        0x8 c:/program files (x86)/cypress/psoc creator/4.3/psoc creator/import/gnu/arm/5.4.1/bin/../lib/gcc/arm-none-eabi/5.4.1/../../../../arm-none-eabi/lib/armv7-m\libg_nano.a(lib_a-locale.o)
                0x0000a560                _localeconv_r
 .text.malloc   0x0000a568       0x10 c:/program files (x86)/cypress/psoc creator/4.3/psoc creator/import/gnu/arm/5.4.1/bin/../lib/gcc/arm-none-eabi/5.4.1/../../../../arm-none-eabi/lib/armv7-m\libg_nano.a(lib_a-malloc.o)
                0x0000a568                malloc
 .text.memchr   0x0000a578       0x1c c:/program files (x86)/cypress/psoc creator/4.3/psoc creator/import/gnu/arm/5.4.1/bin/../lib/gcc/arm-none-eabi/5.4.1/../../../../arm-none-eabi/lib/armv7-m\libg_nano.a(lib_a-memchr-stub.o)
                0x0000a578                memchr
 .text._Balloc  0x0000a594       0x6a c:/program files (x86)/cypress/psoc creator/4.3/psoc creator/import/gnu/arm/5.4.1/bin/../lib/gcc/arm-none-eabi/5.4.1/../../../../arm-none-eabi/lib/armv7-m\libg_nano.a(lib_a-mprec.o)
                0x0000a594                _Balloc
 .text._Bfree   0x0000a5fe       0x2e c:/program files (x86)/cypress/psoc creator/4.3/psoc creator/import/gnu/arm/5.4.1/bin/../lib/gcc/arm-none-eabi/5.4.1/../../../../arm-none-eabi/lib/armv7-m\libg_nano.a(lib_a-mprec.o)
                0x0000a5fe                _Bfree
 .text.__multadd
                0x0000a62c       0x76 c:/program files (x86)/cypress/psoc creator/4.3/psoc creator/import/gnu/arm/5.4.1/bin/../lib/gcc/arm-none-eabi/5.4.1/../../../../arm-none-eabi/lib/armv7-m\libg_nano.a(lib_a-mprec.o)
                0x0000a62c                __multadd
 .text.__hi0bits
                0x0000a6a2       0x40 c:/program files (x86)/cypress/psoc creator/4.3/psoc creator/import/gnu/arm/5.4.1/bin/../lib/gcc/arm-none-eabi/5.4.1/../../../../arm-none-eabi/lib/armv7-m\libg_nano.a(lib_a-mprec.o)
                0x0000a6a2                __hi0bits
 .text.__lo0bits
                0x0000a6e2       0x5a c:/program files (x86)/cypress/psoc creator/4.3/psoc creator/import/gnu/arm/5.4.1/bin/../lib/gcc/arm-none-eabi/5.4.1/../../../../arm-none-eabi/lib/armv7-m\libg_nano.a(lib_a-mprec.o)
                0x0000a6e2                __lo0bits
 .text.__i2b    0x0000a73c       0x12 c:/program files (x86)/cypress/psoc creator/4.3/psoc creator/import/gnu/arm/5.4.1/bin/../lib/gcc/arm-none-eabi/5.4.1/../../../../arm-none-eabi/lib/armv7-m\libg_nano.a(lib_a-mprec.o)
                0x0000a73c                __i2b
 .text.__multiply
                0x0000a74e      0x120 c:/program files (x86)/cypress/psoc creator/4.3/psoc creator/import/gnu/arm/5.4.1/bin/../lib/gcc/arm-none-eabi/5.4.1/../../../../arm-none-eabi/lib/armv7-m\libg_nano.a(lib_a-mprec.o)
                0x0000a74e                __multiply
 *fill*         0x0000a86e        0x2 
 .text.__pow5mult
                0x0000a870       0x9c c:/program files (x86)/cypress/psoc creator/4.3/psoc creator/import/gnu/arm/5.4.1/bin/../lib/gcc/arm-none-eabi/5.4.1/../../../../arm-none-eabi/lib/armv7-m\libg_nano.a(lib_a-mprec.o)
                0x0000a870                __pow5mult
 .text.__lshift
                0x0000a90c       0xa2 c:/program files (x86)/cypress/psoc creator/4.3/psoc creator/import/gnu/arm/5.4.1/bin/../lib/gcc/arm-none-eabi/5.4.1/../../../../arm-none-eabi/lib/armv7-m\libg_nano.a(lib_a-mprec.o)
                0x0000a90c                __lshift
 .text.__mcmp   0x0000a9ae       0x38 c:/program files (x86)/cypress/psoc creator/4.3/psoc creator/import/gnu/arm/5.4.1/bin/../lib/gcc/arm-none-eabi/5.4.1/../../../../arm-none-eabi/lib/armv7-m\libg_nano.a(lib_a-mprec.o)
                0x0000a9ae                __mcmp
 .text.__mdiff  0x0000a9e6       0xbe c:/program files (x86)/cypress/psoc creator/4.3/psoc creator/import/gnu/arm/5.4.1/bin/../lib/gcc/arm-none-eabi/5.4.1/../../../../arm-none-eabi/lib/armv7-m\libg_nano.a(lib_a-mprec.o)
                0x0000a9e6                __mdiff
 .text.__d2b    0x0000aaa4       0x9c c:/program files (x86)/cypress/psoc creator/4.3/psoc creator/import/gnu/arm/5.4.1/bin/../lib/gcc/arm-none-eabi/5.4.1/../../../../arm-none-eabi/lib/armv7-m\libg_nano.a(lib_a-mprec.o)
                0x0000aaa4                __d2b
 .text._calloc_r
                0x0000ab40       0x1c c:/program files (x86)/cypress/psoc creator/4.3/psoc creator/import/gnu/arm/5.4.1/bin/../lib/gcc/arm-none-eabi/5.4.1/../../../../arm-none-eabi/lib/armv7-m\libg_nano.a(lib_a-nano-callocr.o)
                0x0000ab40                _calloc_r
 .text._free_r  0x0000ab5c       0x98 c:/program files (x86)/cypress/psoc creator/4.3/psoc creator/import/gnu/arm/5.4.1/bin/../lib/gcc/arm-none-eabi/5.4.1/../../../../arm-none-eabi/lib/armv7-m\libg_nano.a(lib_a-nano-freer.o)
                0x0000ab5c                _free_r
 .text._malloc_r
                0x0000abf4       0xbc c:/program files (x86)/cypress/psoc creator/4.3/psoc creator/import/gnu/arm/5.4.1/bin/../lib/gcc/arm-none-eabi/5.4.1/../../../../arm-none-eabi/lib/armv7-m\libg_nano.a(lib_a-nano-mallocr.o)
                0x0000abf4                _malloc_r
 .text.__ssputs_r
                0x0000acb0       0xb2 c:/program files (x86)/cypress/psoc creator/4.3/psoc creator/import/gnu/arm/5.4.1/bin/../lib/gcc/arm-none-eabi/5.4.1/../../../../arm-none-eabi/lib/armv7-m\libg_nano.a(lib_a-nano-svfprintf.o)
                0x0000acb0                __ssputs_r
 *fill*         0x0000ad62        0x2 
 .text._svfprintf_r
                0x0000ad64      0x1e8 c:/program files (x86)/cypress/psoc creator/4.3/psoc creator/import/gnu/arm/5.4.1/bin/../lib/gcc/arm-none-eabi/5.4.1/../../../../arm-none-eabi/lib/armv7-m\libg_nano.a(lib_a-nano-svfprintf.o)
                0x0000ad64                _svfiprintf_r
                0x0000ad64                _svfprintf_r
 .text._sbrk_r  0x0000af4c       0x20 c:/program files (x86)/cypress/psoc creator/4.3/psoc creator/import/gnu/arm/5.4.1/bin/../lib/gcc/arm-none-eabi/5.4.1/../../../../arm-none-eabi/lib/armv7-m\libg_nano.a(lib_a-sbrkr.o)
                0x0000af4c                _sbrk_r
 .text.memmove  0x0000af6c       0x36 c:/program files (x86)/cypress/psoc creator/4.3/psoc creator/import/gnu/arm/5.4.1/bin/../lib/gcc/arm-none-eabi/5.4.1/../../../../arm-none-eabi/lib/armv7-m\libg_nano.a(lib_a-memmove.o)
                0x0000af6c                memmove
 .text.__malloc_lock
                0x0000afa2        0x2 c:/program files (x86)/cypress/psoc creator/4.3/psoc creator/import/gnu/arm/5.4.1/bin/../lib/gcc/arm-none-eabi/5.4.1/../../../../arm-none-eabi/lib/armv7-m\libg_nano.a(lib_a-mlock.o)
                0x0000afa2                __malloc_lock
 .text.__malloc_unlock
                0x0000afa4        0x2 c:/program files (x86)/cypress/psoc creator/4.3/psoc creator/import/gnu/arm/5.4.1/bin/../lib/gcc/arm-none-eabi/5.4.1/../../../../arm-none-eabi/lib/armv7-m\libg_nano.a(lib_a-mlock.o)
                0x0000afa4                __malloc_unlock
 .text._realloc_r
                0x0000afa6       0x4c c:/program files (x86)/cypress/psoc creator/4.3/psoc creator/import/gnu/arm/5.4.1/bin/../lib/gcc/arm-none-eabi/5.4.1/../../../../arm-none-eabi/lib/armv7-m\libg_nano.a(lib_a-nano-reallocr.o)
                0x0000afa6                _realloc_r
 .text._malloc_usable_size_r
                0x0000aff2       0x14 c:/program files (x86)/cypress/psoc creator/4.3/psoc creator/import/gnu/arm/5.4.1/bin/../lib/gcc/arm-none-eabi/5.4.1/../../../../arm-none-eabi/lib/armv7-m\libg_nano.a(lib_a-nano-msizer.o)
                0x0000aff2                _malloc_usable_size_r
 *fill*         0x0000b006        0x2 
 .text          0x0000b008       0x2c c:/program files (x86)/cypress/psoc creator/4.3/psoc creator/import/gnu/arm/5.4.1/bin/../lib/gcc/arm-none-eabi/5.4.1/armv7-m\libgcc.a(_arm_unorddf2.o)
                0x0000b008                __unorddf2
                0x0000b008                __aeabi_dcmpun
 .text          0x0000b034       0x50 c:/program files (x86)/cypress/psoc creator/4.3/psoc creator/import/gnu/arm/5.4.1/bin/../lib/gcc/arm-none-eabi/5.4.1/armv7-m\libgcc.a(_arm_fixdfsi.o)
                0x0000b034                __aeabi_d2iz
                0x0000b034                __fixdfsi
 *(.plt)
 *(.gnu.warning)
 *(.glue_7t)
 .glue_7t       0x0000b084        0x0 linker stubs
 *(.glue_7)
 .glue_7        0x0000b084        0x0 linker stubs
 *(.vfp11_veneer)
 .vfp11_veneer  0x0000b084        0x0 linker stubs
 *(.bootloader)
 *(.ARM.extab* .gnu.linkonce.armextab.*)
 *(.gcc_except_table)

.v4_bx          0x0000b084        0x0
 .v4_bx         0x0000b084        0x0 linker stubs

.iplt           0x0000b084        0x0
 .iplt          0x0000b084        0x0 c:/program files (x86)/cypress/psoc creator/4.3/psoc creator/import/gnu/arm/5.4.1/bin/../lib/gcc/arm-none-eabi/5.4.1/armv7-m/crtbegin.o

.eh_frame_hdr
 *(.eh_frame_hdr)

.eh_frame       0x0000b084        0x4
 *(.eh_frame)
 .eh_frame      0x0000b084        0x0 c:/program files (x86)/cypress/psoc creator/4.3/psoc creator/import/gnu/arm/5.4.1/bin/../lib/gcc/arm-none-eabi/5.4.1/armv7-m/crtbegin.o
 .eh_frame      0x0000b084        0x4 c:/program files (x86)/cypress/psoc creator/4.3/psoc creator/import/gnu/arm/5.4.1/bin/../lib/gcc/arm-none-eabi/5.4.1/armv7-m/crtend.o
                [!provide]                PROVIDE (__exidx_start, .)

.ARM.exidx
 *(.ARM.exidx* .gnu.linkonce.armexidx.*)
                0x0000b088                __exidx_end = .

.rodata         0x0000b088      0xbc0
 *(.rodata .rodata.* .gnu.linkonce.r.*)
 .rodata.str1.4
                0x0000b088      0x32b .\CortexM3\ARM_GCC_541\Debug\main.o
                                0x33b (size before relaxing)
 *fill*         0x0000b3b3        0x1 
 .rodata        0x0000b3b4      0x5e4 .\CortexM3\ARM_GCC_541\Debug\ks0108.o
                0x0000b3b4                FONT
                0x0000b4b4                FONT2
                0x0000b598                Horno
 .rodata.str1.4
                0x0000b998       0x2d .\CortexM3\ARM_GCC_541\Debug\ks0108.o
                                 0x31 (size before relaxing)
 *fill*         0x0000b9c5        0x3 
 .rodata.str1.4
                0x0000b9c8       0x38 .\CortexM3\ARM_GCC_541\Debug\Funciones.o
                                 0x55 (size before relaxing)
 .rodata        0x0000ba00       0x44 .\CortexM3\ARM_GCC_541\Debug\cyfitter_cfg.o
 .rodata        0x0000ba44       0x6c .\CortexM3\ARM_GCC_541\Debug\MuflaGLCD.a(Thermocouple_1.o)
 .rodata.str1.1
                0x0000bab0        0x2 c:/program files (x86)/cypress/psoc creator/4.3/psoc creator/import/gnu/arm/5.4.1/bin/../lib/gcc/arm-none-eabi/5.4.1/../../../../arm-none-eabi/lib/armv7-m\libg_nano.a(lib_a-impure.o)
 .rodata.str1.1
                0x0000bab2       0x12 c:/program files (x86)/cypress/psoc creator/4.3/psoc creator/import/gnu/arm/5.4.1/bin/../lib/gcc/arm-none-eabi/5.4.1/../../../../arm-none-eabi/lib/armv7-m\libg_nano.a(lib_a-nano-vfprintf_float.o)
 .rodata.str1.1
                0x0000bac4       0x22 c:/program files (x86)/cypress/psoc creator/4.3/psoc creator/import/gnu/arm/5.4.1/bin/../lib/gcc/arm-none-eabi/5.4.1/../../../../arm-none-eabi/lib/armv7-m\libg_nano.a(lib_a-nano-vfprintf_i.o)
 .rodata.str1.1
                0x0000bae6        0xd c:/program files (x86)/cypress/psoc creator/4.3/psoc creator/import/gnu/arm/5.4.1/bin/../lib/gcc/arm-none-eabi/5.4.1/../../../../arm-none-eabi/lib/armv7-m\libg_nano.a(lib_a-dtoa.o)
                                  0xf (size before relaxing)
 .rodata.str1.1
                0x0000baf3        0x8 c:/program files (x86)/cypress/psoc creator/4.3/psoc creator/import/gnu/arm/5.4.1/bin/../lib/gcc/arm-none-eabi/5.4.1/../../../../arm-none-eabi/lib/armv7-m\libg_nano.a(lib_a-locale.o)
                                  0xb (size before relaxing)
 *fill*         0x0000bafb        0x5 
 .rodata.__mprec_tens
                0x0000bb00       0xc8 c:/program files (x86)/cypress/psoc creator/4.3/psoc creator/import/gnu/arm/5.4.1/bin/../lib/gcc/arm-none-eabi/5.4.1/../../../../arm-none-eabi/lib/armv7-m\libg_nano.a(lib_a-mprec.o)
                0x0000bb00                __mprec_tens
 .rodata.p05.5408
                0x0000bbc8        0xc c:/program files (x86)/cypress/psoc creator/4.3/psoc creator/import/gnu/arm/5.4.1/bin/../lib/gcc/arm-none-eabi/5.4.1/../../../../arm-none-eabi/lib/armv7-m\libg_nano.a(lib_a-mprec.o)
 *fill*         0x0000bbd4        0x4 
 .rodata.__mprec_bigtens
                0x0000bbd8       0x28 c:/program files (x86)/cypress/psoc creator/4.3/psoc creator/import/gnu/arm/5.4.1/bin/../lib/gcc/arm-none-eabi/5.4.1/../../../../arm-none-eabi/lib/armv7-m\libg_nano.a(lib_a-mprec.o)
                0x0000bbd8                __mprec_bigtens
 .rodata.str1.1
                0x0000bc00       0x11 c:/program files (x86)/cypress/psoc creator/4.3/psoc creator/import/gnu/arm/5.4.1/bin/../lib/gcc/arm-none-eabi/5.4.1/../../../../arm-none-eabi/lib/armv7-m\libg_nano.a(lib_a-nano-svfprintf.o)
                0x0000bc14                . = ALIGN (0x4)
 *fill*         0x0000bc11        0x3 
 *(.init)
 .init          0x0000bc14        0x4 c:/program files (x86)/cypress/psoc creator/4.3/psoc creator/import/gnu/arm/5.4.1/bin/../lib/gcc/arm-none-eabi/5.4.1/armv7-m/crti.o
                0x0000bc14                _init
 .init          0x0000bc18        0x8 c:/program files (x86)/cypress/psoc creator/4.3/psoc creator/import/gnu/arm/5.4.1/bin/../lib/gcc/arm-none-eabi/5.4.1/armv7-m/crtn.o
                0x0000bc20                . = ALIGN (0x4)
                0x0000bc20                __preinit_array_start = .
 *(.preinit_array)
                0x0000bc20                __preinit_array_end = .
                0x0000bc20                . = ALIGN (0x4)
                0x0000bc20                __init_array_start = .
 *(SORT(.init_array.*))
 *(.init_array)
 .init_array    0x0000bc20        0x4 c:/program files (x86)/cypress/psoc creator/4.3/psoc creator/import/gnu/arm/5.4.1/bin/../lib/gcc/arm-none-eabi/5.4.1/armv7-m/crtbegin.o
 .init_array    0x0000bc24        0x4 .\CortexM3\ARM_GCC_541\Debug\Cm3Start.o
                0x0000bc28                __init_array_end = .
                0x0000bc28                . = ALIGN (0x4)
 *(.fini)
 .fini          0x0000bc28        0x4 c:/program files (x86)/cypress/psoc creator/4.3/psoc creator/import/gnu/arm/5.4.1/bin/../lib/gcc/arm-none-eabi/5.4.1/armv7-m/crti.o
                0x0000bc28                _fini
 .fini          0x0000bc2c        0x8 c:/program files (x86)/cypress/psoc creator/4.3/psoc creator/import/gnu/arm/5.4.1/bin/../lib/gcc/arm-none-eabi/5.4.1/armv7-m/crtn.o
                0x0000bc34                . = ALIGN (0x4)
                0x0000bc34                __fini_array_start = .
 *(.fini_array)
 .fini_array    0x0000bc34        0x4 c:/program files (x86)/cypress/psoc creator/4.3/psoc creator/import/gnu/arm/5.4.1/bin/../lib/gcc/arm-none-eabi/5.4.1/armv7-m/crtbegin.o
 *(SORT(.fini_array.*))
                0x0000bc38                __fini_array_end = .
                0x0000bc38                . = ALIGN (0x4)
 *crtbegin.o(.ctors)
 *(EXCLUDE_FILE(*crtend.o) .ctors)
 *(SORT(.ctors.*))
 *crtend.o(.ctors)
                0x0000bc38                . = ALIGN (0x4)
 *crtbegin.o(.dtors)
 *(EXCLUDE_FILE(*crtend.o) .dtors)
 *(SORT(.dtors.*))
 *crtend.o(.dtors)
                0x0000bc38                . = ALIGN (0x4)
                0x0000bc38                __cy_regions = .
                0x0000bc38        0x4 LONG 0xbc48 __cy_region_init_ram
                0x0000bc3c        0x4 LONG 0x1fff80c8 __cy_region_start_data
                0x0000bc40        0x4 LONG 0xc0 __cy_region_init_size_ram
                0x0000bc44        0x4 LONG 0xa28 __cy_region_zero_size_ram
                0x0000bc48                __cy_regions_end = .
                0x0000bc48                . = ALIGN (0x8)
                0x0000bc48                _etext = .

.cy_checksum_exclude
                0x0000bc48        0x0
 *(.cy_checksum_exclude)

.ramvectors     0x1fff8000       0xc0
                0x1fff8000                __cy_region_start_ram = .
 *(.ramvectors)
 .ramvectors    0x1fff8000       0xc0 .\CortexM3\ARM_GCC_541\Debug\Cm3Start.o
                0x1fff8000                CyRamVectors

.noinit         0x1fff80c0        0x1
 *(.noinit)
 .noinit        0x1fff80c0        0x1 .\CortexM3\ARM_GCC_541\Debug\MuflaGLCD.a(CyLib.o)
                0x1fff80c0                CyResetStatus

.data           0x1fff80c8       0xc0 load address 0x0000bc48
                0x1fff80c8                __cy_region_start_data = .
 *(.jcr)
 .jcr           0x1fff80c8        0x0 c:/program files (x86)/cypress/psoc creator/4.3/psoc creator/import/gnu/arm/5.4.1/bin/../lib/gcc/arm-none-eabi/5.4.1/armv7-m/crtbegin.o
 .jcr           0x1fff80c8        0x4 c:/program files (x86)/cypress/psoc creator/4.3/psoc creator/import/gnu/arm/5.4.1/bin/../lib/gcc/arm-none-eabi/5.4.1/armv7-m/crtend.o
 *(.got.plt)
 *(.got)
 *(.shdata)
 *(.data .data.* .gnu.linkonce.d.*)
 .data          0x1fff80cc        0x4 .\CortexM3\ARM_GCC_541\Debug\main.o
                0x1fff80cc                penMufla
 .data          0x1fff80d0        0x4 .\CortexM3\ARM_GCC_541\Debug\Cm3Start.o
 .data          0x1fff80d4       0x10 .\CortexM3\ARM_GCC_541\Debug\MuflaGLCD.a(CyLib.o)
                0x1fff80d4                cydelay_32k_ms
                0x1fff80d8                cydelay_freq_khz
                0x1fff80dc                cydelay_freq_mhz
                0x1fff80e0                cydelay_freq_hz
 .data          0x1fff80e4        0x1 .\CortexM3\ARM_GCC_541\Debug\MuflaGLCD.a(ADC.o)
                0x1fff80e4                ADC_Config
 *fill*         0x1fff80e5        0x3 
 .data.impure_data
                0x1fff80e8       0x60 c:/program files (x86)/cypress/psoc creator/4.3/psoc creator/import/gnu/arm/5.4.1/bin/../lib/gcc/arm-none-eabi/5.4.1/../../../../arm-none-eabi/lib/armv7-m\libg_nano.a(lib_a-impure.o)
 .data._impure_ptr
                0x1fff8148        0x4 c:/program files (x86)/cypress/psoc creator/4.3/psoc creator/import/gnu/arm/5.4.1/bin/../lib/gcc/arm-none-eabi/5.4.1/../../../../arm-none-eabi/lib/armv7-m\libg_nano.a(lib_a-impure.o)
                0x1fff8148                _impure_ptr
 .data.lconv    0x1fff814c       0x38 c:/program files (x86)/cypress/psoc creator/4.3/psoc creator/import/gnu/arm/5.4.1/bin/../lib/gcc/arm-none-eabi/5.4.1/../../../../arm-none-eabi/lib/armv7-m\libg_nano.a(lib_a-locale.o)
                0x1fff8188                . = ALIGN (0x8)
 *fill*         0x1fff8184        0x4 
 *(.ram)
                0x1fff8188                _edata = .

.igot.plt       0x1fff8188        0x0 load address 0x0000bd08
 .igot.plt      0x1fff8188        0x0 c:/program files (x86)/cypress/psoc creator/4.3/psoc creator/import/gnu/arm/5.4.1/bin/../lib/gcc/arm-none-eabi/5.4.1/armv7-m/crtbegin.o

.bss            0x1fff8188      0xa28 load address 0x0000bd08
                0x1fff8188                PROVIDE (__bss_start__, .)
 *(.shbss)
 *(.bss .bss.* .gnu.linkonce.b.*)
 .bss           0x1fff8188       0x1c c:/program files (x86)/cypress/psoc creator/4.3/psoc creator/import/gnu/arm/5.4.1/bin/../lib/gcc/arm-none-eabi/5.4.1/armv7-m/crtbegin.o
 .bss           0x1fff81a4       0x1e .\CortexM3\ARM_GCC_541\Debug\main.o
                0x1fff81a4                dataReady
                0x1fff81a5                RX_Wr_Index2
                0x1fff81a8                X
                0x1fff81b0                Testerilizacion
                0x1fff81b4                Testerilizacionp
                0x1fff81b8                Contrasena
                0x1fff81bc                RX_Counter2
                0x1fff81bd                RX_Rd_Index2
                0x1fff81be                RX_Counter
                0x1fff81bf                RX_Rd_Index
                0x1fff81c0                RX_Wr_Index
                0x1fff81c1                first
 *fill*         0x1fff81c2        0x2 
 .bss           0x1fff81c4        0x4 .\CortexM3\ARM_GCC_541\Debug\removeoffsetnoise.o
 .bss           0x1fff81c8       0x14 .\CortexM3\ARM_GCC_541\Debug\MuflaGLCD.a(ADC.o)
                0x1fff81d4                ADC_stopConversion
                0x1fff81d5                ADC_convDone
                0x1fff81d6                ADC_initVar
                0x1fff81d7                ADC_started
                0x1fff81d8                ADC_Offset
 .bss           0x1fff81dc        0x2 .\CortexM3\ARM_GCC_541\Debug\MuflaGLCD.a(UART_1.o)
                0x1fff81dc                UART_1_initVar
 .bss           0x1fff81de        0x1 .\CortexM3\ARM_GCC_541\Debug\MuflaGLCD.a(Timer.o)
                0x1fff81de                Timer_initVar
 .bss           0x1fff81df        0x1 .\CortexM3\ARM_GCC_541\Debug\MuflaGLCD.a(ADC_SAR.o)
                0x1fff81df                ADC_SAR_initVar
 .bss           0x1fff81e0        0x8 .\CortexM3\ARM_GCC_541\Debug\MuflaGLCD.a(CySpc.o)
                0x1fff81e0                SpcLockState
 .bss.__malloc_sbrk_start
                0x1fff81e8        0x4 c:/program files (x86)/cypress/psoc creator/4.3/psoc creator/import/gnu/arm/5.4.1/bin/../lib/gcc/arm-none-eabi/5.4.1/../../../../arm-none-eabi/lib/armv7-m\libg_nano.a(lib_a-nano-mallocr.o)
                0x1fff81e8                __malloc_sbrk_start
 .bss.__malloc_free_list
                0x1fff81ec        0x4 c:/program files (x86)/cypress/psoc creator/4.3/psoc creator/import/gnu/arm/5.4.1/bin/../lib/gcc/arm-none-eabi/5.4.1/../../../../arm-none-eabi/lib/armv7-m\libg_nano.a(lib_a-nano-mallocr.o)
                0x1fff81ec                __malloc_free_list
 *(COMMON)
 COMMON         0x1fff81f0      0x978 .\CortexM3\ARM_GCC_541\Debug\main.o
                0x1fff81f0                HorasActual
                0x1fff81f2                Minutos
                0x1fff81f4                Finalizo
                0x1fff81f8                GananciaIn
                0x1fff81fc                Temperatura1
                0x1fff829c                conteoPregunta
                0x1fff829e                mensaje
                0x1fff82a0                gananciaIn
                0x1fff82a2                flag_clear2
                0x1fff82a4                Pausa
                0x1fff82a5                Opcion2
                0x1fff82a8                b
                0x1fff82ac                pwm1
                0x1fff82ad                Dato2
                0x1fff82ae                pwm2
                0x1fff82b0                flagButton2
                0x1fff82b4                promedio
                0x1fff841c                Aumento
                0x1fff8420                Control
                0x1fff8422                n
                0x1fff8423                Dato_Exitoso
                0x1fff8424                MenuAnt
                0x1fff8426                EstadoPaso
                0x1fff8428                Segmento
                0x1fff8429                Dato3
                0x1fff842a                Segmentos
                0x1fff842c                Rx_Buffer3
                0x1fff8438                flagBorrado
                0x1fff843a                imprime
                0x1fff843c                tiempoup
                0x1fff843e                PantallaPrincipal
                0x1fff8440                Temperature
                0x1fff8444                Test
                0x1fff8446                flagup
                0x1fff8448                output
                0x1fff844c                hEstp
                0x1fff8450                tcColdJnuVolt
                0x1fff8454                ctr
                0x1fff8456                b_dec
                0x1fff8458                Setpoint
                0x1fff845c                Temperatura
                0x1fff8460                dibujo
                0x1fff8462                b16
                0x1fff8464                displayStr
                0x1fff84c8                Lectura
                0x1fff84ca                Derivativo
                0x1fff84cb                Dato_Exitoso2
                0x1fff84cc                TiempoControl
                0x1fff84ce                entro
                0x1fff84d0                Minutos1
                0x1fff8570                tcHotJnuVolt
                0x1fff8574                tcTemp
                0x1fff8578                tiempos
                0x1fff857a                tiemporeset
                0x1fff857c                x100
                0x1fff857e                tiempos3
                0x1fff8580                tcuVolt
                0x1fff8584                valor
                0x1fff8588                Desconectado
                0x1fff858c                DifPendiente
                0x1fff8590                l
                0x1fff8592                pulsoAumentar
                0x1fff8594                m_int
                0x1fff8598                Prom
                0x1fff859c                estadoSSR
                0x1fff859e                flagTemperatura
                0x1fff85a0                Inicio
                0x1fff85a4                Potencia
                0x1fff85a8                tinicio
                0x1fff85ac                Pendiente
                0x1fff85b0                tGrafica
                0x1fff85b4                displayData
                0x1fff89b4                Ajusten
                0x1fff89b6                flag_clear3
                0x1fff89b8                CicloLibre
                0x1fff89b9                MenuAntt2
                0x1fff89ba                Flanco3
                0x1fff89bc                z
                0x1fff89bd                tiempo_esterilizacion
                0x1fff89be                TiempoActual
                0x1fff89c0                pulsoDisminuir
                0x1fff89c2                Flanco2
                0x1fff89c4                Tc
                0x1fff89c6                flagFinalizo
                0x1fff89c8                i
                0x1fff89cc                Rx_Buffer2
                0x1fff89d8                Flanco
                0x1fff89da                Alarma
                0x1fff89dc                flag_tiempocalentamiento
                0x1fff89de                Ajuste
                0x1fff89e0                Menus
                0x1fff8a00                PotenciaEntregada
                0x1fff8a04                TipoClave
                0x1fff8a08                filHotJnCount
                0x1fff8a0c                flag_display
                0x1fff8a10                TempeInicial
                0x1fff8a14                Coeficiente
                0x1fff8a16                tiempocalentamiento
                0x1fff8a18                tPregunta
                0x1fff8a1c                Tpulso
                0x1fff8a20                Flanco1
                0x1fff8a22                coldJnTemp
                0x1fff8a24                GuardaEEPROM
                0x1fff8a26                hEst
                0x1fff8a28                flagButton1
                0x1fff8a2a                MinutosActual
                0x1fff8a2c                Inicio2
                0x1fff8a2e                tiempoctrl
                0x1fff8a30                Opcion
                0x1fff8a34                PendienteActual
                0x1fff8a38                flagButton0
                0x1fff8a3a                flag_calcula
                0x1fff8a3c                Rx_Buffer
                0x1fff8a48                Tp
                0x1fff8a4a                y
                0x1fff8a4c                TemperaturaIdeal
                0x1fff8a50                tiemporecta
                0x1fff8a52                result
                0x1fff8a54                ProgramaSeleccionado
                0x1fff8a56                flagdn
                0x1fff8a58                Menu2
                0x1fff8a5a                tiempodn
                0x1fff8a5c                MenuAntt
                0x1fff8a60                error
                0x1fff8a64                hotJnCount
                0x1fff8a68                i2cbuf
                0x1fff8a6c                Tiempo
                0x1fff8a6e                h
                0x1fff8a6f                unidad
                0x1fff8a70                x1
                0x1fff8a72                conteo
                0x1fff8a73                Integral
                0x1fff8a74                offset
                0x1fff8a78                Password
                0x1fff8a7c                x10
                0x1fff8a80                penInicial
                0x1fff8a84                flagButton3
                0x1fff8a86                grafica
                0x1fff8a88                Lectura2
                0x1fff8a8a                AlTem
                0x1fff8a8c                Dibuja
                0x1fff8a8e                tiemposetpoint
                0x1fff8a90                flag_setpoint
                0x1fff8a92                MediaMovil
                0x1fff8a94                Horas1
                0x1fff8b34                V0
                0x1fff8b38                Ganancia
                0x1fff8b3c                rampa
                0x1fff8b3e                m_dec
                0x1fff8b3f                Programa
                0x1fff8b40                pendiente
                0x1fff8b44                m
                0x1fff8b48                mEstp
                0x1fff8b4a                estadoBuzzer
                0x1fff8b4c                Rx_Buffer4
                0x1fff8b58                flag_ganancia
                0x1fff8b5a                TiempoRampa
                0x1fff8b5c                mEst
                0x1fff8b5e                Horas
                0x1fff8b60                Menu
                0x1fff8b61                Tciclo
                0x1fff8b62                visual
                0x1fff8b64                estadoVentilador
                0x1fff8b66                flagRampa
 COMMON         0x1fff8b68       0x2c .\CortexM3\ARM_GCC_541\Debug\coldJnTemp.o
                0x1fff8b68                promedio2
                0x1fff8b90                l2
                0x1fff8b91                h2
                0x1fff8b92                Prom1
 COMMON         0x1fff8b94        0x4 .\CortexM3\ARM_GCC_541\Debug\MuflaGLCD.a(ADC.o)
                0x1fff8b94                ADC_CountsPerVolt
 COMMON         0x1fff8b98        0xa .\CortexM3\ARM_GCC_541\Debug\MuflaGLCD.a(ADC_SAR.o)
                0x1fff8b98                ADC_SAR_countsPerVolt
                0x1fff8b9a                ADC_SAR_shift
                0x1fff8b9c                ADC_SAR_countsPer10Volt
                0x1fff8ba0                ADC_SAR_offset
 *fill*         0x1fff8ba2        0x2 
 COMMON         0x1fff8ba4        0x2 .\CortexM3\ARM_GCC_541\Debug\MuflaGLCD.a(CyFlash.o)
                0x1fff8ba4                dieTemperature
 *fill*         0x1fff8ba6        0x2 
 COMMON         0x1fff8ba8        0x4 c:/program files (x86)/cypress/psoc creator/4.3/psoc creator/import/gnu/arm/5.4.1/bin/../lib/gcc/arm-none-eabi/5.4.1/../../../../arm-none-eabi/lib/armv7-m\libg_nano.a(lib_a-reent.o)
                0x1fff8ba8                errno
                0x1fff8bb0                . = ALIGN (0x8)
 *fill*         0x1fff8bac        0x4 
 *(.ram.b)
                0x1fff8bb0                _end = .
                0x1fff8bb0                __end = .
                0x1fff8bb0                PROVIDE (end, .)
                0x1fff8bb0                PROVIDE (__bss_end__, .)
                0x0000bc48                __cy_region_init_ram = LOADADDR (.data)
                0x000000c0                __cy_region_init_size_ram = (_edata - ADDR (.data))
                0x00000a28                __cy_region_zero_size_ram = (_end - _edata)

.heap           0x1fff8bb0      0x200 load address 0x0000bd08
                0x1fff8bb0                . = _end
                0x1fff8db0                . = (. + 0x200)
 *fill*         0x1fff8bb0      0x200 
                0x1fff8db0                __cy_heap_limit = .

.stack          0x20007800      0x800
                0x20007800                __cy_stack_limit = .
                0x20008000                . = (. + 0x800)
 *fill*         0x20007800      0x800 
                0x00000001                ASSERT ((__cy_stack_limit >= __cy_heap_limit), region RAM overflowed with stack)
                0x00000000                cy_checksum_exclude_size = (CY_APPL_LOADABLE == 0x1)?SIZEOF (.cy_checksum_exclude):0x0
                0x00000001                ASSERT ((cy_checksum_exclude_size <= CY_CHECKSUM_EXCLUDE_SIZE), CY_BOOT: Section .cy_checksum_exclude size exceedes specified limit.)

.cyloadermeta
 *(.cyloadermeta)

.cyloadablemeta
 *(.cyloadablemeta)

.cyconfigecc    0x80000000      0x3d8
 *(.cyconfigecc)
 .cyconfigecc   0x80000000      0x3d8 .\CortexM3\ARM_GCC_541\Debug\cymetadata.o
                0x80000000                cy_meta_configecc

.cycustnvl      0x90000000        0x4
 *(.cycustnvl)
 .cycustnvl     0x90000000        0x4 .\CortexM3\ARM_GCC_541\Debug\cymetadata.o
                0x90000000                cy_meta_custnvl

.cywolatch      0x90100000        0x4
 *(.cywolatch)
 .cywolatch     0x90100000        0x4 .\CortexM3\ARM_GCC_541\Debug\cymetadata.o
                0x90100000                cy_meta_wonvl

.cyeeprom       0x90200000        0x0
 *(.cyeeprom)
                0x00000001                ASSERT ((. <= ((0x90200000 + ee_offset) + ee_size)), .cyeeprom data will not fit in EEPROM)

.cyflashprotect
                0x90400000      0x100
 *(.cyflashprotect)
 .cyflashprotect
                0x90400000      0x100 .\CortexM3\ARM_GCC_541\Debug\cymetadata.o
                0x90400000                cy_meta_flashprotect

.cymeta         0x90500000        0xc
 *(.cymeta)
 .cymeta        0x90500000        0xc .\CortexM3\ARM_GCC_541\Debug\cymetadata.o
                0x90500000                cy_metadata

.rel.dyn        0x0000bd08        0x0 load address 0x9050000c
 .rel.iplt      0x0000bd08        0x0 c:/program files (x86)/cypress/psoc creator/4.3/psoc creator/import/gnu/arm/5.4.1/bin/../lib/gcc/arm-none-eabi/5.4.1/armv7-m/crtbegin.o

.stab
 *(.stab)

.stabstr
 *(.stabstr)

.debug
 *(.debug)

.line
 *(.line)

.debug_srcinfo
 *(.debug_srcinfo)

.debug_sfnames
 *(.debug_sfnames)

.debug_aranges  0x00000000     0x13c8
 *(.debug_aranges)
 .debug_aranges
                0x00000000       0x60 .\CortexM3\ARM_GCC_541\Debug\main.o
 .debug_aranges
                0x00000060       0x28 .\CortexM3\ARM_GCC_541\Debug\coldJnTemp.o
 .debug_aranges
                0x00000088       0x28 .\CortexM3\ARM_GCC_541\Debug\removeoffsetnoise.o
 .debug_aranges
                0x000000b0       0xd0 .\CortexM3\ARM_GCC_541\Debug\ks0108.o
 .debug_aranges
                0x00000180       0x50 .\CortexM3\ARM_GCC_541\Debug\Funciones.o
 .debug_aranges
                0x000001d0       0x58 .\CortexM3\ARM_GCC_541\Debug\cyfitter_cfg.o
 .debug_aranges
                0x00000228       0x18 .\CortexM3\ARM_GCC_541\Debug\cymetadata.o
 .debug_aranges
                0x00000240       0x48 .\CortexM3\ARM_GCC_541\Debug\Cm3Start.o
 .debug_aranges
                0x00000288      0x2a0 .\CortexM3\ARM_GCC_541\Debug\MuflaGLCD.a(CyLib.o)
 .debug_aranges
                0x00000528       0x98 .\CortexM3\ARM_GCC_541\Debug\MuflaGLCD.a(cyPm.o)
 .debug_aranges
                0x000005c0       0xe8 .\CortexM3\ARM_GCC_541\Debug\MuflaGLCD.a(ADC.o)
 .debug_aranges
                0x000006a8       0x38 .\CortexM3\ARM_GCC_541\Debug\MuflaGLCD.a(ADC_INT.o)
 .debug_aranges
                0x000006e0       0x70 .\CortexM3\ARM_GCC_541\Debug\MuflaGLCD.a(ADC_Ext_CP_Clk.o)
 .debug_aranges
                0x00000750       0x80 .\CortexM3\ARM_GCC_541\Debug\MuflaGLCD.a(ADC_theACLK.o)
 .debug_aranges
                0x000007d0       0x80 .\CortexM3\ARM_GCC_541\Debug\MuflaGLCD.a(Reloj.o)
 .debug_aranges
                0x00000850       0x30 .\CortexM3\ARM_GCC_541\Debug\MuflaGLCD.a(Thermocouple_1.o)
 .debug_aranges
                0x00000880       0xf0 .\CortexM3\ARM_GCC_541\Debug\MuflaGLCD.a(UART_1.o)
 .debug_aranges
                0x00000970       0x70 .\CortexM3\ARM_GCC_541\Debug\MuflaGLCD.a(UART_1_IntClock.o)
 .debug_aranges
                0x000009e0       0x88 .\CortexM3\ARM_GCC_541\Debug\MuflaGLCD.a(Timer.o)
 .debug_aranges
                0x00000a68       0x78 .\CortexM3\ARM_GCC_541\Debug\MuflaGLCD.a(EEPROM.o)
 .debug_aranges
                0x00000ae0       0x80 .\CortexM3\ARM_GCC_541\Debug\MuflaGLCD.a(RX1.o)
 .debug_aranges
                0x00000b60       0x38 .\CortexM3\ARM_GCC_541\Debug\MuflaGLCD.a(SSR.o)
 .debug_aranges
                0x00000b98       0x38 .\CortexM3\ARM_GCC_541\Debug\MuflaGLCD.a(DOOR.o)
 .debug_aranges
                0x00000bd0       0x38 .\CortexM3\ARM_GCC_541\Debug\MuflaGLCD.a(LCD1.o)
 .debug_aranges
                0x00000c08       0x38 .\CortexM3\ARM_GCC_541\Debug\MuflaGLCD.a(LCD2.o)
 .debug_aranges
                0x00000c40       0xa8 .\CortexM3\ARM_GCC_541\Debug\MuflaGLCD.a(ADC_SAR.o)
 .debug_aranges
                0x00000ce8       0x20 .\CortexM3\ARM_GCC_541\Debug\MuflaGLCD.a(ADC_SAR_INT.o)
 .debug_aranges
                0x00000d08       0x80 .\CortexM3\ARM_GCC_541\Debug\MuflaGLCD.a(ADC_SAR_IRQ.o)
 .debug_aranges
                0x00000d88       0x80 .\CortexM3\ARM_GCC_541\Debug\MuflaGLCD.a(ADC_SAR_theACLK.o)
 .debug_aranges
                0x00000e08       0x38 .\CortexM3\ARM_GCC_541\Debug\MuflaGLCD.a(VENT1.o)
 .debug_aranges
                0x00000e40       0x38 .\CortexM3\ARM_GCC_541\Debug\MuflaGLCD.a(LCD3.o)
 .debug_aranges
                0x00000e78       0x38 .\CortexM3\ARM_GCC_541\Debug\MuflaGLCD.a(ENABLE.o)
 .debug_aranges
                0x00000eb0       0x38 .\CortexM3\ARM_GCC_541\Debug\MuflaGLCD.a(CS_1.o)
 .debug_aranges
                0x00000ee8       0x38 .\CortexM3\ARM_GCC_541\Debug\MuflaGLCD.a(D_I.o)
 .debug_aranges
                0x00000f20       0x38 .\CortexM3\ARM_GCC_541\Debug\MuflaGLCD.a(R_W.o)
 .debug_aranges
                0x00000f58       0x38 .\CortexM3\ARM_GCC_541\Debug\MuflaGLCD.a(CS_2.o)
 .debug_aranges
                0x00000f90       0x38 .\CortexM3\ARM_GCC_541\Debug\MuflaGLCD.a(RESET.o)
 .debug_aranges
                0x00000fc8       0x38 .\CortexM3\ARM_GCC_541\Debug\MuflaGLCD.a(DB_0.o)
 .debug_aranges
                0x00001000       0x38 .\CortexM3\ARM_GCC_541\Debug\MuflaGLCD.a(DB_1.o)
 .debug_aranges
                0x00001038       0x38 .\CortexM3\ARM_GCC_541\Debug\MuflaGLCD.a(DB_2.o)
 .debug_aranges
                0x00001070       0x38 .\CortexM3\ARM_GCC_541\Debug\MuflaGLCD.a(DB_3.o)
 .debug_aranges
                0x000010a8       0x38 .\CortexM3\ARM_GCC_541\Debug\MuflaGLCD.a(DB_4.o)
 .debug_aranges
                0x000010e0       0x38 .\CortexM3\ARM_GCC_541\Debug\MuflaGLCD.a(DB_5.o)
 .debug_aranges
                0x00001118       0x38 .\CortexM3\ARM_GCC_541\Debug\MuflaGLCD.a(DB_6.o)
 .debug_aranges
                0x00001150       0x38 .\CortexM3\ARM_GCC_541\Debug\MuflaGLCD.a(DB_7.o)
 .debug_aranges
                0x00001188       0x38 .\CortexM3\ARM_GCC_541\Debug\MuflaGLCD.a(UP.o)
 .debug_aranges
                0x000011c0       0x38 .\CortexM3\ARM_GCC_541\Debug\MuflaGLCD.a(DOWN.o)
 .debug_aranges
                0x000011f8       0x38 .\CortexM3\ARM_GCC_541\Debug\MuflaGLCD.a(RIGHT.o)
 .debug_aranges
                0x00001230       0x38 .\CortexM3\ARM_GCC_541\Debug\MuflaGLCD.a(LEFT.o)
 .debug_aranges
                0x00001268       0x38 .\CortexM3\ARM_GCC_541\Debug\MuflaGLCD.a(BUZZER.o)
 .debug_aranges
                0x000012a0       0x20 .\CortexM3\ARM_GCC_541\Debug\MuflaGLCD.a(CyBootAsmGnu.o)
 .debug_aranges
                0x000012c0       0x88 .\CortexM3\ARM_GCC_541\Debug\MuflaGLCD.a(CyFlash.o)
 .debug_aranges
                0x00001348       0x80 .\CortexM3\ARM_GCC_541\Debug\MuflaGLCD.a(CySpc.o)

.debug_pubnames
 *(.debug_pubnames)

.debug_info     0x00000000    0x1228b
 *(.debug_info .gnu.linkonce.wi.*)
 .debug_info    0x00000000     0x5c7a .\CortexM3\ARM_GCC_541\Debug\main.o
 .debug_info    0x00005c7a      0x25e .\CortexM3\ARM_GCC_541\Debug\coldJnTemp.o
 .debug_info    0x00005ed8      0x1cf .\CortexM3\ARM_GCC_541\Debug\removeoffsetnoise.o
 .debug_info    0x000060a7     0x23c1 .\CortexM3\ARM_GCC_541\Debug\ks0108.o
 .debug_info    0x00008468     0x159c .\CortexM3\ARM_GCC_541\Debug\Funciones.o
 .debug_info    0x00009a04      0x6c3 .\CortexM3\ARM_GCC_541\Debug\cyfitter_cfg.o
 .debug_info    0x0000a0c7      0x135 .\CortexM3\ARM_GCC_541\Debug\cymetadata.o
 .debug_info    0x0000a1fc      0x3bb .\CortexM3\ARM_GCC_541\Debug\Cm3Start.o
 .debug_info    0x0000a5b7     0x1374 .\CortexM3\ARM_GCC_541\Debug\MuflaGLCD.a(CyLib.o)
 .debug_info    0x0000b92b      0xa2a .\CortexM3\ARM_GCC_541\Debug\MuflaGLCD.a(cyPm.o)
 .debug_info    0x0000c355      0xb0f .\CortexM3\ARM_GCC_541\Debug\MuflaGLCD.a(ADC.o)
 .debug_info    0x0000ce64       0xd3 .\CortexM3\ARM_GCC_541\Debug\MuflaGLCD.a(ADC_INT.o)
 .debug_info    0x0000cf37      0x283 .\CortexM3\ARM_GCC_541\Debug\MuflaGLCD.a(ADC_Ext_CP_Clk.o)
 .debug_info    0x0000d1ba      0x2c4 .\CortexM3\ARM_GCC_541\Debug\MuflaGLCD.a(ADC_theACLK.o)
 .debug_info    0x0000d47e      0x2d2 .\CortexM3\ARM_GCC_541\Debug\MuflaGLCD.a(Reloj.o)
 .debug_info    0x0000d750      0x2d0 .\CortexM3\ARM_GCC_541\Debug\MuflaGLCD.a(Thermocouple_1.o)
 .debug_info    0x0000da20      0x60c .\CortexM3\ARM_GCC_541\Debug\MuflaGLCD.a(UART_1.o)
 .debug_info    0x0000e02c      0x283 .\CortexM3\ARM_GCC_541\Debug\MuflaGLCD.a(UART_1_IntClock.o)
 .debug_info    0x0000e2af      0x295 .\CortexM3\ARM_GCC_541\Debug\MuflaGLCD.a(Timer.o)
 .debug_info    0x0000e544      0x630 .\CortexM3\ARM_GCC_541\Debug\MuflaGLCD.a(EEPROM.o)
 .debug_info    0x0000eb74      0x2d2 .\CortexM3\ARM_GCC_541\Debug\MuflaGLCD.a(RX1.o)
 .debug_info    0x0000ee46      0x11f .\CortexM3\ARM_GCC_541\Debug\MuflaGLCD.a(SSR.o)
 .debug_info    0x0000ef65      0x11f .\CortexM3\ARM_GCC_541\Debug\MuflaGLCD.a(DOOR.o)
 .debug_info    0x0000f084      0x11f .\CortexM3\ARM_GCC_541\Debug\MuflaGLCD.a(LCD1.o)
 .debug_info    0x0000f1a3      0x11f .\CortexM3\ARM_GCC_541\Debug\MuflaGLCD.a(LCD2.o)
 .debug_info    0x0000f2c2      0x5c0 .\CortexM3\ARM_GCC_541\Debug\MuflaGLCD.a(ADC_SAR.o)
 .debug_info    0x0000f882       0x92 .\CortexM3\ARM_GCC_541\Debug\MuflaGLCD.a(ADC_SAR_INT.o)
 .debug_info    0x0000f914      0x2d2 .\CortexM3\ARM_GCC_541\Debug\MuflaGLCD.a(ADC_SAR_IRQ.o)
 .debug_info    0x0000fbe6      0x2c4 .\CortexM3\ARM_GCC_541\Debug\MuflaGLCD.a(ADC_SAR_theACLK.o)
 .debug_info    0x0000feaa      0x11f .\CortexM3\ARM_GCC_541\Debug\MuflaGLCD.a(VENT1.o)
 .debug_info    0x0000ffc9      0x11f .\CortexM3\ARM_GCC_541\Debug\MuflaGLCD.a(LCD3.o)
 .debug_info    0x000100e8      0x11f .\CortexM3\ARM_GCC_541\Debug\MuflaGLCD.a(ENABLE.o)
 .debug_info    0x00010207      0x11f .\CortexM3\ARM_GCC_541\Debug\MuflaGLCD.a(CS_1.o)
 .debug_info    0x00010326      0x11f .\CortexM3\ARM_GCC_541\Debug\MuflaGLCD.a(D_I.o)
 .debug_info    0x00010445      0x11f .\CortexM3\ARM_GCC_541\Debug\MuflaGLCD.a(R_W.o)
 .debug_info    0x00010564      0x11f .\CortexM3\ARM_GCC_541\Debug\MuflaGLCD.a(CS_2.o)
 .debug_info    0x00010683      0x11f .\CortexM3\ARM_GCC_541\Debug\MuflaGLCD.a(RESET.o)
 .debug_info    0x000107a2      0x11f .\CortexM3\ARM_GCC_541\Debug\MuflaGLCD.a(DB_0.o)
 .debug_info    0x000108c1      0x11f .\CortexM3\ARM_GCC_541\Debug\MuflaGLCD.a(DB_1.o)
 .debug_info    0x000109e0      0x11f .\CortexM3\ARM_GCC_541\Debug\MuflaGLCD.a(DB_2.o)
 .debug_info    0x00010aff      0x11f .\CortexM3\ARM_GCC_541\Debug\MuflaGLCD.a(DB_3.o)
 .debug_info    0x00010c1e      0x11f .\CortexM3\ARM_GCC_541\Debug\MuflaGLCD.a(DB_4.o)
 .debug_info    0x00010d3d      0x11f .\CortexM3\ARM_GCC_541\Debug\MuflaGLCD.a(DB_5.o)
 .debug_info    0x00010e5c      0x11f .\CortexM3\ARM_GCC_541\Debug\MuflaGLCD.a(DB_6.o)
 .debug_info    0x00010f7b      0x11f .\CortexM3\ARM_GCC_541\Debug\MuflaGLCD.a(DB_7.o)
 .debug_info    0x0001109a      0x11f .\CortexM3\ARM_GCC_541\Debug\MuflaGLCD.a(UP.o)
 .debug_info    0x000111b9      0x11f .\CortexM3\ARM_GCC_541\Debug\MuflaGLCD.a(DOWN.o)
 .debug_info    0x000112d8      0x11f .\CortexM3\ARM_GCC_541\Debug\MuflaGLCD.a(RIGHT.o)
 .debug_info    0x000113f7      0x11f .\CortexM3\ARM_GCC_541\Debug\MuflaGLCD.a(LEFT.o)
 .debug_info    0x00011516      0x11f .\CortexM3\ARM_GCC_541\Debug\MuflaGLCD.a(BUZZER.o)
 .debug_info    0x00011635       0xb9 .\CortexM3\ARM_GCC_541\Debug\MuflaGLCD.a(CyBootAsmGnu.o)
 .debug_info    0x000116ee      0x64d .\CortexM3\ARM_GCC_541\Debug\MuflaGLCD.a(CyFlash.o)
 .debug_info    0x00011d3b      0x550 .\CortexM3\ARM_GCC_541\Debug\MuflaGLCD.a(CySpc.o)

.debug_abbrev   0x00000000     0x346d
 *(.debug_abbrev)
 .debug_abbrev  0x00000000      0x1d9 .\CortexM3\ARM_GCC_541\Debug\main.o
 .debug_abbrev  0x000001d9      0x136 .\CortexM3\ARM_GCC_541\Debug\coldJnTemp.o
 .debug_abbrev  0x0000030f      0x119 .\CortexM3\ARM_GCC_541\Debug\removeoffsetnoise.o
 .debug_abbrev  0x00000428      0x261 .\CortexM3\ARM_GCC_541\Debug\ks0108.o
 .debug_abbrev  0x00000689      0x1e8 .\CortexM3\ARM_GCC_541\Debug\Funciones.o
 .debug_abbrev  0x00000871      0x20d .\CortexM3\ARM_GCC_541\Debug\cyfitter_cfg.o
 .debug_abbrev  0x00000a7e       0x66 .\CortexM3\ARM_GCC_541\Debug\cymetadata.o
 .debug_abbrev  0x00000ae4      0x1e8 .\CortexM3\ARM_GCC_541\Debug\Cm3Start.o
 .debug_abbrev  0x00000ccc      0x254 .\CortexM3\ARM_GCC_541\Debug\MuflaGLCD.a(CyLib.o)
 .debug_abbrev  0x00000f20      0x1ab .\CortexM3\ARM_GCC_541\Debug\MuflaGLCD.a(cyPm.o)
 .debug_abbrev  0x000010cb      0x1cd .\CortexM3\ARM_GCC_541\Debug\MuflaGLCD.a(ADC.o)
 .debug_abbrev  0x00001298       0x42 .\CortexM3\ARM_GCC_541\Debug\MuflaGLCD.a(ADC_INT.o)
 .debug_abbrev  0x000012da      0x139 .\CortexM3\ARM_GCC_541\Debug\MuflaGLCD.a(ADC_Ext_CP_Clk.o)
 .debug_abbrev  0x00001413      0x121 .\CortexM3\ARM_GCC_541\Debug\MuflaGLCD.a(ADC_theACLK.o)
 .debug_abbrev  0x00001534      0x173 .\CortexM3\ARM_GCC_541\Debug\MuflaGLCD.a(Reloj.o)
 .debug_abbrev  0x000016a7      0x15c .\CortexM3\ARM_GCC_541\Debug\MuflaGLCD.a(Thermocouple_1.o)
 .debug_abbrev  0x00001803      0x175 .\CortexM3\ARM_GCC_541\Debug\MuflaGLCD.a(UART_1.o)
 .debug_abbrev  0x00001978      0x139 .\CortexM3\ARM_GCC_541\Debug\MuflaGLCD.a(UART_1_IntClock.o)
 .debug_abbrev  0x00001ab1      0x11a .\CortexM3\ARM_GCC_541\Debug\MuflaGLCD.a(Timer.o)
 .debug_abbrev  0x00001bcb      0x14e .\CortexM3\ARM_GCC_541\Debug\MuflaGLCD.a(EEPROM.o)
 .debug_abbrev  0x00001d19      0x173 .\CortexM3\ARM_GCC_541\Debug\MuflaGLCD.a(RX1.o)
 .debug_abbrev  0x00001e8c       0x90 .\CortexM3\ARM_GCC_541\Debug\MuflaGLCD.a(SSR.o)
 .debug_abbrev  0x00001f1c       0x90 .\CortexM3\ARM_GCC_541\Debug\MuflaGLCD.a(DOOR.o)
 .debug_abbrev  0x00001fac       0x90 .\CortexM3\ARM_GCC_541\Debug\MuflaGLCD.a(LCD1.o)
 .debug_abbrev  0x0000203c       0x90 .\CortexM3\ARM_GCC_541\Debug\MuflaGLCD.a(LCD2.o)
 .debug_abbrev  0x000020cc      0x1ac .\CortexM3\ARM_GCC_541\Debug\MuflaGLCD.a(ADC_SAR.o)
 .debug_abbrev  0x00002278       0x42 .\CortexM3\ARM_GCC_541\Debug\MuflaGLCD.a(ADC_SAR_INT.o)
 .debug_abbrev  0x000022ba      0x173 .\CortexM3\ARM_GCC_541\Debug\MuflaGLCD.a(ADC_SAR_IRQ.o)
 .debug_abbrev  0x0000242d      0x121 .\CortexM3\ARM_GCC_541\Debug\MuflaGLCD.a(ADC_SAR_theACLK.o)
 .debug_abbrev  0x0000254e       0x90 .\CortexM3\ARM_GCC_541\Debug\MuflaGLCD.a(VENT1.o)
 .debug_abbrev  0x000025de       0x90 .\CortexM3\ARM_GCC_541\Debug\MuflaGLCD.a(LCD3.o)
 .debug_abbrev  0x0000266e       0x90 .\CortexM3\ARM_GCC_541\Debug\MuflaGLCD.a(ENABLE.o)
 .debug_abbrev  0x000026fe       0x90 .\CortexM3\ARM_GCC_541\Debug\MuflaGLCD.a(CS_1.o)
 .debug_abbrev  0x0000278e       0x90 .\CortexM3\ARM_GCC_541\Debug\MuflaGLCD.a(D_I.o)
 .debug_abbrev  0x0000281e       0x90 .\CortexM3\ARM_GCC_541\Debug\MuflaGLCD.a(R_W.o)
 .debug_abbrev  0x000028ae       0x90 .\CortexM3\ARM_GCC_541\Debug\MuflaGLCD.a(CS_2.o)
 .debug_abbrev  0x0000293e       0x90 .\CortexM3\ARM_GCC_541\Debug\MuflaGLCD.a(RESET.o)
 .debug_abbrev  0x000029ce       0x90 .\CortexM3\ARM_GCC_541\Debug\MuflaGLCD.a(DB_0.o)
 .debug_abbrev  0x00002a5e       0x90 .\CortexM3\ARM_GCC_541\Debug\MuflaGLCD.a(DB_1.o)
 .debug_abbrev  0x00002aee       0x90 .\CortexM3\ARM_GCC_541\Debug\MuflaGLCD.a(DB_2.o)
 .debug_abbrev  0x00002b7e       0x90 .\CortexM3\ARM_GCC_541\Debug\MuflaGLCD.a(DB_3.o)
 .debug_abbrev  0x00002c0e       0x90 .\CortexM3\ARM_GCC_541\Debug\MuflaGLCD.a(DB_4.o)
 .debug_abbrev  0x00002c9e       0x90 .\CortexM3\ARM_GCC_541\Debug\MuflaGLCD.a(DB_5.o)
 .debug_abbrev  0x00002d2e       0x90 .\CortexM3\ARM_GCC_541\Debug\MuflaGLCD.a(DB_6.o)
 .debug_abbrev  0x00002dbe       0x90 .\CortexM3\ARM_GCC_541\Debug\MuflaGLCD.a(DB_7.o)
 .debug_abbrev  0x00002e4e       0x90 .\CortexM3\ARM_GCC_541\Debug\MuflaGLCD.a(UP.o)
 .debug_abbrev  0x00002ede       0x90 .\CortexM3\ARM_GCC_541\Debug\MuflaGLCD.a(DOWN.o)
 .debug_abbrev  0x00002f6e       0x90 .\CortexM3\ARM_GCC_541\Debug\MuflaGLCD.a(RIGHT.o)
 .debug_abbrev  0x00002ffe       0x90 .\CortexM3\ARM_GCC_541\Debug\MuflaGLCD.a(LEFT.o)
 .debug_abbrev  0x0000308e       0x90 .\CortexM3\ARM_GCC_541\Debug\MuflaGLCD.a(BUZZER.o)
 .debug_abbrev  0x0000311e       0x14 .\CortexM3\ARM_GCC_541\Debug\MuflaGLCD.a(CyBootAsmGnu.o)
 .debug_abbrev  0x00003132      0x1a7 .\CortexM3\ARM_GCC_541\Debug\MuflaGLCD.a(CyFlash.o)
 .debug_abbrev  0x000032d9      0x194 .\CortexM3\ARM_GCC_541\Debug\MuflaGLCD.a(CySpc.o)

.debug_line     0x00000000     0x53fd
 *(.debug_line)
 .debug_line    0x00000000      0xa31 .\CortexM3\ARM_GCC_541\Debug\main.o
 .debug_line    0x00000a31      0x1c7 .\CortexM3\ARM_GCC_541\Debug\coldJnTemp.o
 .debug_line    0x00000bf8      0x1ad .\CortexM3\ARM_GCC_541\Debug\removeoffsetnoise.o
 .debug_line    0x00000da5      0x683 .\CortexM3\ARM_GCC_541\Debug\ks0108.o
 .debug_line    0x00001428      0x3d9 .\CortexM3\ARM_GCC_541\Debug\Funciones.o
 .debug_line    0x00001801      0x20d .\CortexM3\ARM_GCC_541\Debug\cyfitter_cfg.o
 .debug_line    0x00001a0e      0x141 .\CortexM3\ARM_GCC_541\Debug\cymetadata.o
 .debug_line    0x00001b4f      0x234 .\CortexM3\ARM_GCC_541\Debug\Cm3Start.o
 .debug_line    0x00001d83      0x816 .\CortexM3\ARM_GCC_541\Debug\MuflaGLCD.a(CyLib.o)
 .debug_line    0x00002599      0x367 .\CortexM3\ARM_GCC_541\Debug\MuflaGLCD.a(cyPm.o)
 .debug_line    0x00002900      0x39a .\CortexM3\ARM_GCC_541\Debug\MuflaGLCD.a(ADC.o)
 .debug_line    0x00002c9a       0x80 .\CortexM3\ARM_GCC_541\Debug\MuflaGLCD.a(ADC_INT.o)
 .debug_line    0x00002d1a      0x17d .\CortexM3\ARM_GCC_541\Debug\MuflaGLCD.a(ADC_Ext_CP_Clk.o)
 .debug_line    0x00002e97      0x19d .\CortexM3\ARM_GCC_541\Debug\MuflaGLCD.a(ADC_theACLK.o)
 .debug_line    0x00003034      0x132 .\CortexM3\ARM_GCC_541\Debug\MuflaGLCD.a(Reloj.o)
 .debug_line    0x00003166      0x11e .\CortexM3\ARM_GCC_541\Debug\MuflaGLCD.a(Thermocouple_1.o)
 .debug_line    0x00003284      0x2c0 .\CortexM3\ARM_GCC_541\Debug\MuflaGLCD.a(UART_1.o)
 .debug_line    0x00003544      0x17e .\CortexM3\ARM_GCC_541\Debug\MuflaGLCD.a(UART_1_IntClock.o)
 .debug_line    0x000036c2      0x153 .\CortexM3\ARM_GCC_541\Debug\MuflaGLCD.a(Timer.o)
 .debug_line    0x00003815      0x264 .\CortexM3\ARM_GCC_541\Debug\MuflaGLCD.a(EEPROM.o)
 .debug_line    0x00003a79      0x130 .\CortexM3\ARM_GCC_541\Debug\MuflaGLCD.a(RX1.o)
 .debug_line    0x00003ba9       0x90 .\CortexM3\ARM_GCC_541\Debug\MuflaGLCD.a(SSR.o)
 .debug_line    0x00003c39       0x91 .\CortexM3\ARM_GCC_541\Debug\MuflaGLCD.a(DOOR.o)
 .debug_line    0x00003cca       0x91 .\CortexM3\ARM_GCC_541\Debug\MuflaGLCD.a(LCD1.o)
 .debug_line    0x00003d5b       0x91 .\CortexM3\ARM_GCC_541\Debug\MuflaGLCD.a(LCD2.o)
 .debug_line    0x00003dec      0x21c .\CortexM3\ARM_GCC_541\Debug\MuflaGLCD.a(ADC_SAR.o)
 .debug_line    0x00004008       0x54 .\CortexM3\ARM_GCC_541\Debug\MuflaGLCD.a(ADC_SAR_INT.o)
 .debug_line    0x0000405c      0x138 .\CortexM3\ARM_GCC_541\Debug\MuflaGLCD.a(ADC_SAR_IRQ.o)
 .debug_line    0x00004194      0x1a1 .\CortexM3\ARM_GCC_541\Debug\MuflaGLCD.a(ADC_SAR_theACLK.o)
 .debug_line    0x00004335       0x92 .\CortexM3\ARM_GCC_541\Debug\MuflaGLCD.a(VENT1.o)
 .debug_line    0x000043c7       0x91 .\CortexM3\ARM_GCC_541\Debug\MuflaGLCD.a(LCD3.o)
 .debug_line    0x00004458       0x93 .\CortexM3\ARM_GCC_541\Debug\MuflaGLCD.a(ENABLE.o)
 .debug_line    0x000044eb       0x91 .\CortexM3\ARM_GCC_541\Debug\MuflaGLCD.a(CS_1.o)
 .debug_line    0x0000457c       0x90 .\CortexM3\ARM_GCC_541\Debug\MuflaGLCD.a(D_I.o)
 .debug_line    0x0000460c       0x90 .\CortexM3\ARM_GCC_541\Debug\MuflaGLCD.a(R_W.o)
 .debug_line    0x0000469c       0x91 .\CortexM3\ARM_GCC_541\Debug\MuflaGLCD.a(CS_2.o)
 .debug_line    0x0000472d       0x92 .\CortexM3\ARM_GCC_541\Debug\MuflaGLCD.a(RESET.o)
 .debug_line    0x000047bf       0x91 .\CortexM3\ARM_GCC_541\Debug\MuflaGLCD.a(DB_0.o)
 .debug_line    0x00004850       0x91 .\CortexM3\ARM_GCC_541\Debug\MuflaGLCD.a(DB_1.o)
 .debug_line    0x000048e1       0x91 .\CortexM3\ARM_GCC_541\Debug\MuflaGLCD.a(DB_2.o)
 .debug_line    0x00004972       0x91 .\CortexM3\ARM_GCC_541\Debug\MuflaGLCD.a(DB_3.o)
 .debug_line    0x00004a03       0x91 .\CortexM3\ARM_GCC_541\Debug\MuflaGLCD.a(DB_4.o)
 .debug_line    0x00004a94       0x91 .\CortexM3\ARM_GCC_541\Debug\MuflaGLCD.a(DB_5.o)
 .debug_line    0x00004b25       0x91 .\CortexM3\ARM_GCC_541\Debug\MuflaGLCD.a(DB_6.o)