Archive member included to satisfy reference by file (symbol)

.\CortexM3\ARM_GCC_541\Debug\LCD.a(CyLib.o)
                              .\CortexM3\ARM_GCC_541\Debug\Cm3Start.o (CyHalt)
.\CortexM3\ARM_GCC_541\Debug\LCD.a(cyPm.o)
                              .\CortexM3\ARM_GCC_541\Debug\LCD.a(CyLib.o) (CyPmReadStatus)
.\CortexM3\ARM_GCC_541\Debug\LCD.a(ADC.o)
                              .\CortexM3\ARM_GCC_541\Debug\main.o (ADC_Start)
.\CortexM3\ARM_GCC_541\Debug\LCD.a(ADC_INT.o)
                              .\CortexM3\ARM_GCC_541\Debug\LCD.a(ADC.o) (ADC_ISR1)
.\CortexM3\ARM_GCC_541\Debug\LCD.a(ADC_Ext_CP_Clk.o)
                              .\CortexM3\ARM_GCC_541\Debug\LCD.a(ADC.o) (ADC_Ext_CP_Clk_SetModeRegister)
.\CortexM3\ARM_GCC_541\Debug\LCD.a(ADC_theACLK.o)
                              .\CortexM3\ARM_GCC_541\Debug\LCD.a(ADC.o) (ADC_theACLK_SetModeRegister)
.\CortexM3\ARM_GCC_541\Debug\LCD.a(LED.o)
                              .\CortexM3\ARM_GCC_541\Debug\main.o (LED_Write)
.\CortexM3\ARM_GCC_541\Debug\LCD.a(Reloj.o)
                              .\CortexM3\ARM_GCC_541\Debug\main.o (Reloj_StartEx)
.\CortexM3\ARM_GCC_541\Debug\LCD.a(Thermocouple_1.o)
                              .\CortexM3\ARM_GCC_541\Debug\main.o (Thermocouple_1_GetTemperature)
.\CortexM3\ARM_GCC_541\Debug\LCD.a(UART_1.o)
                              .\CortexM3\ARM_GCC_541\Debug\main.o (UART_1_Start)
.\CortexM3\ARM_GCC_541\Debug\LCD.a(UART_1_IntClock.o)
                              .\CortexM3\ARM_GCC_541\Debug\LCD.a(UART_1.o) (UART_1_IntClock_Start)
.\CortexM3\ARM_GCC_541\Debug\LCD.a(Timer.o)
                              .\CortexM3\ARM_GCC_541\Debug\main.o (Timer_Start)
.\CortexM3\ARM_GCC_541\Debug\LCD.a(UART_2.o)
                              .\CortexM3\ARM_GCC_541\Debug\main.o (UART_2_Start)
.\CortexM3\ARM_GCC_541\Debug\LCD.a(RX2.o)
                              .\CortexM3\ARM_GCC_541\Debug\main.o (RX2_StartEx)
.\CortexM3\ARM_GCC_541\Debug\LCD.a(UART_2_IntClock.o)
                              .\CortexM3\ARM_GCC_541\Debug\LCD.a(UART_2.o) (UART_2_IntClock_Start)
.\CortexM3\ARM_GCC_541\Debug\LCD.a(EEPROM.o)
                              .\CortexM3\ARM_GCC_541\Debug\main.o (EEPROM_Start)
.\CortexM3\ARM_GCC_541\Debug\LCD.a(RX1.o)
                              .\CortexM3\ARM_GCC_541\Debug\main.o (RX1_StartEx)
.\CortexM3\ARM_GCC_541\Debug\LCD.a(SSR.o)
                              .\CortexM3\ARM_GCC_541\Debug\main.o (SSR_Write)
.\CortexM3\ARM_GCC_541\Debug\LCD.a(DOOR.o)
                              .\CortexM3\ARM_GCC_541\Debug\main.o (DOOR_Read)
.\CortexM3\ARM_GCC_541\Debug\LCD.a(LCD1.o)
                              .\CortexM3\ARM_GCC_541\Debug\main.o (LCD1_Write)
.\CortexM3\ARM_GCC_541\Debug\LCD.a(LCD2.o)
                              .\CortexM3\ARM_GCC_541\Debug\main.o (LCD2_Write)
.\CortexM3\ARM_GCC_541\Debug\LCD.a(ADC_SAR.o)
                              .\CortexM3\ARM_GCC_541\Debug\main.o (ADC_SAR_Start)
.\CortexM3\ARM_GCC_541\Debug\LCD.a(ADC_SAR_INT.o)
                              .\CortexM3\ARM_GCC_541\Debug\LCD.a(ADC_SAR.o) (ADC_SAR_ISR)
.\CortexM3\ARM_GCC_541\Debug\LCD.a(ADC_SAR_IRQ.o)
                              .\CortexM3\ARM_GCC_541\Debug\main.o (ADC_SAR_IRQ_StartEx)
.\CortexM3\ARM_GCC_541\Debug\LCD.a(ADC_SAR_theACLK.o)
                              .\CortexM3\ARM_GCC_541\Debug\LCD.a(ADC_SAR.o) (ADC_SAR_theACLK_SetModeRegister)
.\CortexM3\ARM_GCC_541\Debug\LCD.a(VENT1.o)
                              .\CortexM3\ARM_GCC_541\Debug\main.o (VENT1_Write)
.\CortexM3\ARM_GCC_541\Debug\LCD.a(I2C.o)
                              .\CortexM3\ARM_GCC_541\Debug\main.o (I2C_Start)
.\CortexM3\ARM_GCC_541\Debug\LCD.a(I2C_INT.o)
                              .\CortexM3\ARM_GCC_541\Debug\LCD.a(I2C.o) (I2C_ISR)
.\CortexM3\ARM_GCC_541\Debug\LCD.a(I2C_MASTER.o)
                              .\CortexM3\ARM_GCC_541\Debug\main.o (I2C_MasterWriteBuf)
.\CortexM3\ARM_GCC_541\Debug\LCD.a(Timer2.o)
                              .\CortexM3\ARM_GCC_541\Debug\main.o (Timer2_Start)
.\CortexM3\ARM_GCC_541\Debug\LCD.a(leeT.o)
                              .\CortexM3\ARM_GCC_541\Debug\main.o (leeT_StartEx)
.\CortexM3\ARM_GCC_541\Debug\LCD.a(UART_3.o)
                              .\CortexM3\ARM_GCC_541\Debug\main.o (UART_3_Start)
.\CortexM3\ARM_GCC_541\Debug\LCD.a(UART_3_IntClock.o)
                              .\CortexM3\ARM_GCC_541\Debug\LCD.a(UART_3.o) (UART_3_IntClock_Start)
.\CortexM3\ARM_GCC_541\Debug\LCD.a(CyBootAsmGnu.o)
                              .\CortexM3\ARM_GCC_541\Debug\cyfitter_cfg.o (CyDelayCycles)
.\CortexM3\ARM_GCC_541\Debug\LCD.a(CyFlash.o)
                              .\CortexM3\ARM_GCC_541\Debug\LCD.a(EEPROM.o) (dieTemperature)
.\CortexM3\ARM_GCC_541\Debug\LCD.a(CySpc.o)
                              .\CortexM3\ARM_GCC_541\Debug\LCD.a(EEPROM.o) (CySpcStart)
.\CortexM3\ARM_GCC_541\Debug\LCD.a(cyutils.o)
                              .\CortexM3\ARM_GCC_541\Debug\LCD.a(Timer2.o) (CySetReg24)
[...]
Memory Configuration

Name             Origin             Length             Attributes
rom              0x00000000         0x00040000         xr
ram              0x1fff8000         0x00010000         xrw
*default*        0x00000000         0xffffffff

Linker script and memory map

LOAD c:/program files/cypress/psoc creator/4.3/psoc creator/import/gnu/arm/5.4.1/bin/../lib/gcc/arm-none-eabi/5.4.1/armv7-m/crti.o
LOAD c:/program files/cypress/psoc creator/4.3/psoc creator/import/gnu/arm/5.4.1/bin/../lib/gcc/arm-none-eabi/5.4.1/armv7-m/crtbegin.o
LOAD c:/program files/cypress/psoc creator/4.3/psoc creator/import/gnu/arm/5.4.1/bin/../lib/gcc/arm-none-eabi/5.4.1/../../../../arm-none-eabi/lib/armv7-m/crt0.o
START GROUP
LOAD .\CortexM3\ARM_GCC_541\Debug\main.o
LOAD .\CortexM3\ARM_GCC_541\Debug\coldJnTemp.o
LOAD .\CortexM3\ARM_GCC_541\Debug\removeoffsetnoise.o
LOAD .\CortexM3\ARM_GCC_541\Debug\cyfitter_cfg.o
LOAD .\CortexM3\ARM_GCC_541\Debug\cymetadata.o
LOAD .\CortexM3\ARM_GCC_541\Debug\Cm3Start.o
LOAD .\CortexM3\ARM_GCC_541\Debug\LCD.a
LOAD C:\Program Files\Cypress\PSoC Creator\4.3\PSoC Creator\psoc\content\cycomponentlibrary\CyComponentLibrary.cylib\CortexM3\ARM_GCC_541\Debug\CyComponentLibrary.a
END GROUP
START GROUP
LOAD c:/program files/cypress/psoc creator/4.3/psoc creator/import/gnu/arm/5.4.1/bin/../lib/gcc/arm-none-eabi/5.4.1/armv7-m\libgcc.a
LOAD c:/program files/cypress/psoc creator/4.3/psoc creator/import/gnu/arm/5.4.1/bin/../lib/gcc/arm-none-eabi/5.4.1/../../../../arm-none-eabi/lib/armv7-m\libg_nano.a
LOAD c:/program files/cypress/psoc creator/4.3/psoc creator/import/gnu/arm/5.4.1/bin/../lib/gcc/arm-none-eabi/5.4.1/../../../../arm-none-eabi/lib/armv7-m\libc_nano.a
END GROUP
START GROUP
LOAD c:/program files/cypress/psoc creator/4.3/psoc creator/import/gnu/arm/5.4.1/bin/../lib/gcc/arm-none-eabi/5.4.1/armv7-m\libgcc.a
LOAD c:/program files/cypress/psoc creator/4.3/psoc creator/import/gnu/arm/5.4.1/bin/../lib/gcc/arm-none-eabi/5.4.1/../../../../arm-none-eabi/lib/armv7-m\libc_nano.a
END GROUP
LOAD c:/program files/cypress/psoc creator/4.3/psoc creator/import/gnu/arm/5.4.1/bin/../lib/gcc/arm-none-eabi/5.4.1/armv7-m/crtend.o
LOAD c:/program files/cypress/psoc creator/4.3/psoc creator/import/gnu/arm/5.4.1/bin/../lib/gcc/arm-none-eabi/5.4.1/armv7-m/crtn.o
START GROUP
LOAD c:/program files/cypress/psoc creator/4.3/psoc creator/import/gnu/arm/5.4.1/bin/../lib/gcc/arm-none-eabi/5.4.1/armv7-m\libgcc.a
LOAD c:/program files/cypress/psoc creator/4.3/psoc creator/import/gnu/arm/5.4.1/bin/../lib/gcc/arm-none-eabi/5.4.1/../../../../arm-none-eabi/lib/armv7-m\libc.a
LOAD c:/program files/cypress/psoc creator/4.3/psoc creator/import/gnu/arm/5.4.1/bin/../lib/gcc/arm-none-eabi/5.4.1/../../../../arm-none-eabi/lib/armv7-m\libnosys.a
END GROUP
                0x00000000                CY_APPL_ORIGIN = 0x0
                0x00000100                CY_FLASH_ROW_SIZE = 0x100
                0x00000020                CY_ECC_ROW_SIZE = 0x20
                0x00000000                CY_EE_IN_BTLDR = 0x0
                0x00000000                CY_APPL_LOADABLE = 0x0
                0x00000800                CY_EE_SIZE = 0x800
                0x00000001                CY_APPL_NUM = 0x1
                0x00000001                CY_APPL_MAX = 0x1
                0x00000040                CY_METADATA_SIZE = 0x40
                0x00000000                CY_APPL_LOADABLE = 0x0
                0x00000000                CY_CHECKSUM_EXCLUDE_SIZE = ALIGN (0x0, CY_FLASH_ROW_SIZE)
                [!provide]                PROVIDE (__cy_heap_start, _end)
                0x00000001                PROVIDE (__cy_region_num, ((__cy_regions_end - __cy_regions) / 0x10))
                0x20008000                PROVIDE (__cy_stack, (ORIGIN (ram) + LENGTH (ram)))
                [!provide]                PROVIDE (__cy_heap_end, (__cy_stack - 0x800))

.cybootloader   0x00000000        0x0
 *(.cybootloader)
                0x00000000                appl1_start = CY_APPL_ORIGIN?CY_APPL_ORIGIN:ALIGN (CY_FLASH_ROW_SIZE)
                0x0001ff00                appl2_start = (appl1_start + ALIGN ((((LENGTH (rom) - appl1_start) - (0x2 * CY_FLASH_ROW_SIZE)) / 0x2), CY_FLASH_ROW_SIZE))
                0x00000000                appl_start = (CY_APPL_NUM == 0x1)?appl1_start:appl2_start
                0x00000000                ecc_offset = ((appl_start / CY_FLASH_ROW_SIZE) * CY_ECC_ROW_SIZE)
                0x00000000                ee_offset = (CY_APPL_LOADABLE && ! (CY_EE_IN_BTLDR))?((CY_EE_SIZE / CY_APPL_MAX) * (CY_APPL_NUM - 0x1)):0x0
                0x00000800                ee_size = (CY_APPL_LOADABLE && ! (CY_EE_IN_BTLDR))?(CY_EE_SIZE / CY_APPL_MAX):CY_EE_SIZE
                [!provide]                PROVIDE (CY_ECC_OFFSET, ecc_offset)

.text           0x00000000     0x95c4
 CREATE_OBJECT_SYMBOLS
                0x00000000                PROVIDE (__cy_interrupt_vector, RomVectors)
 *(.romvectors)
 .romvectors    0x00000000       0x10 .\CortexM3\ARM_GCC_541\Debug\Cm3Start.o
                0x00000000                RomVectors
                0x00000001                ASSERT ((. != __cy_interrupt_vector), No interrupt vector)
                0x00000001                ASSERT (CY_APPL_ORIGIN?(SIZEOF (.cybootloader) <= CY_APPL_ORIGIN):0x1, Wrong image location)
                0x00000010                PROVIDE (__cy_reset, Reset)
 *(.text.Reset)
 .text.Reset    0x00000010       0x18 .\CortexM3\ARM_GCC_541\Debug\Cm3Start.o
                0x00000010                Reset
                0x00000001                ASSERT ((. != __cy_reset), No reset code)
 *(.dma_init)
                0x00000001                ASSERT ((((appl_start + .) <= 0x10000) || 0x1), DMA Init must be within the first 64k of flash)
 *(.text .text.* .gnu.linkonce.t.*)
 .text          0x00000028       0x5c c:/program files/cypress/psoc creator/4.3/psoc creator/import/gnu/arm/5.4.1/bin/../lib/gcc/arm-none-eabi/5.4.1/armv7-m/crtbegin.o
 .text.ADC_SAR_ISR_LOC
                0x00000084       0x1c .\CortexM3\ARM_GCC_541\Debug\main.o
                0x00000084                ADC_SAR_ISR_LOC
 .text.lee      0x000000a0        0x4 .\CortexM3\ARM_GCC_541\Debug\main.o
                0x000000a0                lee
 .text.Reloj2   0x000000a4      0x188 .\CortexM3\ARM_GCC_541\Debug\main.o
                0x000000a4                Reloj2
 .text.inteRX   0x0000022c       0x94 .\CortexM3\ARM_GCC_541\Debug\main.o
                0x0000022c                inteRX
 .text.inteRX1  0x000002c0       0x94 .\CortexM3\ARM_GCC_541\Debug\main.o
                0x000002c0                inteRX1
 .text.ActualizaRecta
                0x00000354       0xe0 .\CortexM3\ARM_GCC_541\Debug\main.o
                0x00000354                ActualizaRecta
 *fill*         0x00000434        0x4 
 .text.Controla
                0x00000438      0x5a4 .\CortexM3\ARM_GCC_541\Debug\main.o
                0x00000438                Controla
 .text.CuentaTiempo
                0x000009dc       0x5c .\CortexM3\ARM_GCC_541\Debug\main.o
                0x000009dc                CuentaTiempo
 .text.iniciaConteo
                0x00000a38       0x64 .\CortexM3\ARM_GCC_541\Debug\main.o
                0x00000a38                iniciaConteo
 .text.escribeDisplay1
                0x00000a9c       0x34 .\CortexM3\ARM_GCC_541\Debug\main.o
                0x00000a9c                escribeDisplay1
 .text.escribeDisplay2
                0x00000ad0       0x34 .\CortexM3\ARM_GCC_541\Debug\main.o
                0x00000ad0                escribeDisplay2
 *fill*         0x00000b04        0x4 
 .text.dibujaGrafico
                0x00000b08      0x810 .\CortexM3\ARM_GCC_541\Debug\main.o
                0x00000b08                dibujaGrafico
 .text.LeeDisplay
                0x00001318      0x3a8 .\CortexM3\ARM_GCC_541\Debug\main.o
                0x00001318                LeeDisplay
 .text.controlaRampa
                0x000016c0      0x100 .\CortexM3\ARM_GCC_541\Debug\main.o
                0x000016c0                controlaRampa
 .text.leeTermocupla
                0x000017c0      0x154 .\CortexM3\ARM_GCC_541\Debug\main.o
                0x000017c0                leeTermocupla
 *fill*         0x00001914        0x4 
 .text.main     0x00001918     0x2508 .\CortexM3\ARM_GCC_541\Debug\main.o
                0x00001918                main
 .text.extraeDecimal
                0x00003e20       0x28 .\CortexM3\ARM_GCC_541\Debug\coldJnTemp.o
                0x00003e20                extraeDecimal
 .text.convert8
                0x00003e48       0x14 .\CortexM3\ARM_GCC_541\Debug\coldJnTemp.o
                0x00003e48                convert8
 .text.convert16
                0x00003e5c        0x8 .\CortexM3\ARM_GCC_541\Debug\coldJnTemp.o
                0x00003e5c                convert16
 *fill*         0x00003e64        0x4 
 .text.leeEEPROM
                0x00003e68      0x384 .\CortexM3\ARM_GCC_541\Debug\coldJnTemp.o
                0x00003e68                leeEEPROM
 .text.MeasureColdJnSensorTemp
                0x000041ec       0x90 .\CortexM3\ARM_GCC_541\Debug\coldJnTemp.o
                0x000041ec                MeasureColdJnSensorTemp
 .text.FilterSignal
                0x0000427c       0x38 .\CortexM3\ARM_GCC_541\Debug\removeoffsetnoise.o
                0x0000427c                FilterSignal
 .text.CyClockStartupError
                0x000042b4        0x4 .\CortexM3\ARM_GCC_541\Debug\cyfitter_cfg.o
 .text.cfg_write_bytes32
                0x000042b8       0x34 .\CortexM3\ARM_GCC_541\Debug\cyfitter_cfg.o
 .text.CYMEMZERO
                0x000042ec        0xc .\CortexM3\ARM_GCC_541\Debug\cyfitter_cfg.o
 .text.AnalogSetDefault
                0x000042f8       0x84 .\CortexM3\ARM_GCC_541\Debug\cyfitter_cfg.o
 .text.CYCONFIGCPY
                0x0000437c        0x8 .\CortexM3\ARM_GCC_541\Debug\cyfitter_cfg.o
 .text.ClockSetup
                0x00004384      0x11c .\CortexM3\ARM_GCC_541\Debug\cyfitter_cfg.o
 .text.cyfitter_cfg
                0x000044a0      0x168 .\CortexM3\ARM_GCC_541\Debug\cyfitter_cfg.o
                0x000044a0                cyfitter_cfg
 .text.IntDefaultHandler
                0x00004608       0x10 .\CortexM3\ARM_GCC_541\Debug\Cm3Start.o
                0x00004608                IntDefaultHandler
 .text._sbrk    0x00004618       0x30 .\CortexM3\ARM_GCC_541\Debug\Cm3Start.o
                0x00004618                _sbrk
 .text.Start_c  0x00004648       0x4c .\CortexM3\ARM_GCC_541\Debug\Cm3Start.o
                0x00004648                Start_c
 .text.initialize_psoc
                0x00004694       0x68 .\CortexM3\ARM_GCC_541\Debug\Cm3Start.o
                0x00004694                initialize_psoc
 .text.CyHalt   0x000046fc        0x4 .\CortexM3\ARM_GCC_541\Debug\LCD.a(CyLib.o)
                0x000046fc                CyHalt
 .text.CySoftwareReset
                0x00004700       0x10 .\CortexM3\ARM_GCC_541\Debug\LCD.a(CyLib.o)
                0x00004700                CySoftwareReset
 .text.CyDelay  0x00004710       0x2c .\CortexM3\ARM_GCC_541\Debug\LCD.a(CyLib.o)
                0x00004710                CyDelay
 .text.CyDelayUs
                0x0000473c       0x14 .\CortexM3\ARM_GCC_541\Debug\LCD.a(CyLib.o)
                0x0000473c                CyDelayUs
 .text.CyIntSetVector
                0x00004750       0x28 .\CortexM3\ARM_GCC_541\Debug\LCD.a(CyLib.o)
                0x00004750                CyIntSetVector
 .text.CyIntSetPriority
                0x00004778       0x30 .\CortexM3\ARM_GCC_541\Debug\LCD.a(CyLib.o)
                0x00004778                CyIntSetPriority
 .text.ADC_GainCompensation
                0x000047a8       0xe0 .\CortexM3\ARM_GCC_541\Debug\LCD.a(ADC.o)
 .text.ADC_SetDSMRef0Reg
                0x00004888       0x4c .\CortexM3\ARM_GCC_541\Debug\LCD.a(ADC.o)
 .text.ADC_InitConfig
                0x000048d4      0x268 .\CortexM3\ARM_GCC_541\Debug\LCD.a(ADC.o)
 .text.ADC_Init
                0x00004b3c       0xfc .\CortexM3\ARM_GCC_541\Debug\LCD.a(ADC.o)
                0x00004b3c                ADC_Init
 .text.ADC_Enable
                0x00004c38       0xd8 .\CortexM3\ARM_GCC_541\Debug\LCD.a(ADC.o)
                0x00004c38                ADC_Enable
 .text.ADC_Start
                0x00004d10       0x28 .\CortexM3\ARM_GCC_541\Debug\LCD.a(ADC.o)
                0x00004d10                ADC_Start
 .text.ADC_Stop
                0x00004d38       0xe4 .\CortexM3\ARM_GCC_541\Debug\LCD.a(ADC.o)
                0x00004d38                ADC_Stop
 .text.ADC_StartConvert
                0x00004e1c       0x10 .\CortexM3\ARM_GCC_541\Debug\LCD.a(ADC.o)
                0x00004e1c                ADC_StartConvert
 .text.ADC_StopConvert
                0x00004e2c       0x10 .\CortexM3\ARM_GCC_541\Debug\LCD.a(ADC.o)
                0x00004e2c                ADC_StopConvert
 .text.ADC_IsEndConversion
                0x00004e3c       0x30 .\CortexM3\ARM_GCC_541\Debug\LCD.a(ADC.o)
                0x00004e3c                ADC_IsEndConversion
 .text.ADC_GetResult32
                0x00004e6c       0x6c .\CortexM3\ARM_GCC_541\Debug\LCD.a(ADC.o)
                0x00004e6c                ADC_GetResult32
 .text.ADC_CountsTo_uVolts
                0x00004ed8       0x78 .\CortexM3\ARM_GCC_541\Debug\LCD.a(ADC.o)
                0x00004ed8                ADC_CountsTo_uVolts
 .text.ADC_SelectConfiguration
                0x00004f50       0x64 .\CortexM3\ARM_GCC_541\Debug\LCD.a(ADC.o)
                0x00004f50                ADC_SelectConfiguration
 .text.ADC_ISR1
                0x00004fb4        0x4 .\CortexM3\ARM_GCC_541\Debug\LCD.a(ADC_INT.o)
                0x00004fb4                ADC_ISR1
 .text.ADC_ISR2
                0x00004fb8        0x4 .\CortexM3\ARM_GCC_541\Debug\LCD.a(ADC_INT.o)
                0x00004fb8                ADC_ISR2
 .text.ADC_ISR3
                0x00004fbc        0x4 .\CortexM3\ARM_GCC_541\Debug\LCD.a(ADC_INT.o)
                0x00004fbc                ADC_ISR3
 .text.ADC_Ext_CP_Clk_GetDividerRegister
                0x00004fc0        0xc .\CortexM3\ARM_GCC_541\Debug\LCD.a(ADC_Ext_CP_Clk.o)
                0x00004fc0                ADC_Ext_CP_Clk_GetDividerRegister
 .text.ADC_Ext_CP_Clk_SetModeRegister
                0x00004fcc       0x14 .\CortexM3\ARM_GCC_541\Debug\LCD.a(ADC_Ext_CP_Clk.o)
                0x00004fcc                ADC_Ext_CP_Clk_SetModeRegister
 .text.ADC_Ext_CP_Clk_GetSourceRegister
                0x00004fe0       0x10 .\CortexM3\ARM_GCC_541\Debug\LCD.a(ADC_Ext_CP_Clk.o)
                0x00004fe0                ADC_Ext_CP_Clk_GetSourceRegister
 .text.ADC_Ext_CP_Clk_SetDividerRegister
                0x00004ff0       0xd8 .\CortexM3\ARM_GCC_541\Debug\LCD.a(ADC_Ext_CP_Clk.o)
                0x00004ff0                ADC_Ext_CP_Clk_SetDividerRegister
 .text.ADC_theACLK_GetDividerRegister
                0x000050c8        0xc .\CortexM3\ARM_GCC_541\Debug\LCD.a(ADC_theACLK.o)
                0x000050c8                ADC_theACLK_GetDividerRegister
 .text.ADC_theACLK_SetModeRegister
                0x000050d4       0x14 .\CortexM3\ARM_GCC_541\Debug\LCD.a(ADC_theACLK.o)
                0x000050d4                ADC_theACLK_SetModeRegister
 .text.ADC_theACLK_GetSourceRegister
                0x000050e8       0x10 .\CortexM3\ARM_GCC_541\Debug\LCD.a(ADC_theACLK.o)
                0x000050e8                ADC_theACLK_GetSourceRegister
 .text.ADC_theACLK_SetDividerRegister
                0x000050f8       0xdc .\CortexM3\ARM_GCC_541\Debug\LCD.a(ADC_theACLK.o)
                0x000050f8                ADC_theACLK_SetDividerRegister
 .text.LED_Write
                0x000051d4       0x18 .\CortexM3\ARM_GCC_541\Debug\LCD.a(LED.o)
                0x000051d4                LED_Write
 .text.Reloj_SetVector
                0x000051ec        0xc .\CortexM3\ARM_GCC_541\Debug\LCD.a(Reloj.o)
                0x000051ec                Reloj_SetVector
 .text.Reloj_SetPriority
                0x000051f8       0x10 .\CortexM3\ARM_GCC_541\Debug\LCD.a(Reloj.o)
                0x000051f8                Reloj_SetPriority
 .text.Reloj_Enable
                0x00005208        0xc .\CortexM3\ARM_GCC_541\Debug\LCD.a(Reloj.o)
                0x00005208                Reloj_Enable
 .text.Reloj_Disable
                0x00005214        0xc .\CortexM3\ARM_GCC_541\Debug\LCD.a(Reloj.o)
                0x00005214                Reloj_Disable
 .text.Reloj_StartEx
                0x00005220       0x1c .\CortexM3\ARM_GCC_541\Debug\LCD.a(Reloj.o)
                0x00005220                Reloj_StartEx
 .text.Thermocouple_1_MultShift24
                0x0000523c       0x38 .\CortexM3\ARM_GCC_541\Debug\LCD.a(Thermocouple_1.o)
                0x0000523c                Thermocouple_1_MultShift24
 .text.Thermocouple_1_GetTemperature
                0x00005274       0xec .\CortexM3\ARM_GCC_541\Debug\LCD.a(Thermocouple_1.o)
                0x00005274                Thermocouple_1_GetTemperature
 .text.Thermocouple_1_GetVoltage
                0x00005360       0x54 .\CortexM3\ARM_GCC_541\Debug\LCD.a(Thermocouple_1.o)
                0x00005360                Thermocouple_1_GetVoltage
 .text.UART_1_Init
                0x000053b4       0x28 .\CortexM3\ARM_GCC_541\Debug\LCD.a(UART_1.o)
                0x000053b4                UART_1_Init
 .text.UART_1_Enable
                0x000053dc       0x38 .\CortexM3\ARM_GCC_541\Debug\LCD.a(UART_1.o)
                0x000053dc                UART_1_Enable
 .text.UART_1_Start
                0x00005414       0x1c .\CortexM3\ARM_GCC_541\Debug\LCD.a(UART_1.o)
                0x00005414                UART_1_Start
 .text.UART_1_ReadRxData
                0x00005430        0xc .\CortexM3\ARM_GCC_541\Debug\LCD.a(UART_1.o)
                0x00005430                UART_1_ReadRxData
 .text.UART_1_ReadRxStatus
                0x0000543c       0x10 .\CortexM3\ARM_GCC_541\Debug\LCD.a(UART_1.o)
                0x0000543c                UART_1_ReadRxStatus
 .text.UART_1_GetByte
                0x0000544c       0x14 .\CortexM3\ARM_GCC_541\Debug\LCD.a(UART_1.o)
                0x0000544c                UART_1_GetByte
 .text.UART_1_PutChar
                0x00005460       0x18 .\CortexM3\ARM_GCC_541\Debug\LCD.a(UART_1.o)
                0x00005460                UART_1_PutChar
 .text.UART_1_PutString
                0x00005478       0x24 .\CortexM3\ARM_GCC_541\Debug\LCD.a(UART_1.o)
                0x00005478                UART_1_PutString
 .text.UART_1_IntClock_Start
                0x0000549c       0x1c .\CortexM3\ARM_GCC_541\Debug\LCD.a(UART_1_IntClock.o)
                0x0000549c                UART_1_IntClock_Start
 .text.Timer_Enable
                0x000054b8       0x28 .\CortexM3\ARM_GCC_541\Debug\LCD.a(Timer.o)
                0x000054b8                Timer_Enable
 .text.Timer_SetInterruptMode
                0x000054e0        0xc .\CortexM3\ARM_GCC_541\Debug\LCD.a(Timer.o)
                0x000054e0                Timer_SetInterruptMode
 .text.Timer_WritePeriod
                0x000054ec        0xc .\CortexM3\ARM_GCC_541\Debug\LCD.a(Timer.o)
                0x000054ec                Timer_WritePeriod
 .text.Timer_WriteCounter
                0x000054f8        0xc .\CortexM3\ARM_GCC_541\Debug\LCD.a(Timer.o)
                0x000054f8                Timer_WriteCounter
 .text.Timer_Init
                0x00005504       0x68 .\CortexM3\ARM_GCC_541\Debug\LCD.a(Timer.o)
                0x00005504                Timer_Init
 .text.Timer_Start
                0x0000556c       0x1c .\CortexM3\ARM_GCC_541\Debug\LCD.a(Timer.o)
                0x0000556c                Timer_Start
 .text.UART_2_Init
                0x00005588       0x24 .\CortexM3\ARM_GCC_541\Debug\LCD.a(UART_2.o)
                0x00005588                UART_2_Init
 .text.UART_2_Enable
                0x000055ac       0x38 .\CortexM3\ARM_GCC_541\Debug\LCD.a(UART_2.o)
                0x000055ac                UART_2_Enable
 .text.UART_2_Start
                0x000055e4       0x1c .\CortexM3\ARM_GCC_541\Debug\LCD.a(UART_2.o)
                0x000055e4                UART_2_Start
 .text.UART_2_ReadRxData
                0x00005600        0xc .\CortexM3\ARM_GCC_541\Debug\LCD.a(UART_2.o)
                0x00005600                UART_2_ReadRxData
 .text.UART_2_ReadRxStatus
                0x0000560c       0x10 .\CortexM3\ARM_GCC_541\Debug\LCD.a(UART_2.o)
                0x0000560c                UART_2_ReadRxStatus
 .text.UART_2_GetByte
                0x0000561c       0x14 .\CortexM3\ARM_GCC_541\Debug\LCD.a(UART_2.o)
                0x0000561c                UART_2_GetByte
 .text.UART_2_PutChar
                0x00005630       0x18 .\CortexM3\ARM_GCC_541\Debug\LCD.a(UART_2.o)
                0x00005630                UART_2_PutChar
 .text.UART_2_PutString
                0x00005648       0x24 .\CortexM3\ARM_GCC_541\Debug\LCD.a(UART_2.o)
                0x00005648                UART_2_PutString
 .text.RX2_SetVector
                0x0000566c        0xc .\CortexM3\ARM_GCC_541\Debug\LCD.a(RX2.o)
                0x0000566c                RX2_SetVector
 .text.RX2_SetPriority
                0x00005678       0x10 .\CortexM3\ARM_GCC_541\Debug\LCD.a(RX2.o)
                0x00005678                RX2_SetPriority
 .text.RX2_Enable
                0x00005688        0xc .\CortexM3\ARM_GCC_541\Debug\LCD.a(RX2.o)
                0x00005688                RX2_Enable
 .text.RX2_Disable
                0x00005694        0xc .\CortexM3\ARM_GCC_541\Debug\LCD.a(RX2.o)
                0x00005694                RX2_Disable
 .text.RX2_StartEx
                0x000056a0       0x1c .\CortexM3\ARM_GCC_541\Debug\LCD.a(RX2.o)
                0x000056a0                RX2_StartEx
 .text.UART_2_IntClock_Start
                0x000056bc       0x1c .\CortexM3\ARM_GCC_541\Debug\LCD.a(UART_2_IntClock.o)
                0x000056bc                UART_2_IntClock_Start
 .text.EEPROM_Enable
                0x000056d8        0xc .\CortexM3\ARM_GCC_541\Debug\LCD.a(EEPROM.o)
                0x000056d8                EEPROM_Enable
 .text.EEPROM_Start
                0x000056e4        0x8 .\CortexM3\ARM_GCC_541\Debug\LCD.a(EEPROM.o)
                0x000056e4                EEPROM_Start
 .text.EEPROM_WriteByte
                0x000056ec       0xd0 .\CortexM3\ARM_GCC_541\Debug\LCD.a(EEPROM.o)
                0x000056ec                EEPROM_WriteByte
 .text.EEPROM_ReadByte
                0x000057bc       0x28 .\CortexM3\ARM_GCC_541\Debug\LCD.a(EEPROM.o)
                0x000057bc                EEPROM_ReadByte
 .text.RX1_SetVector
                0x000057e4        0xc .\CortexM3\ARM_GCC_541\Debug\LCD.a(RX1.o)
                0x000057e4                RX1_SetVector
 .text.RX1_SetPriority
                0x000057f0       0x10 .\CortexM3\ARM_GCC_541\Debug\LCD.a(RX1.o)
                0x000057f0                RX1_SetPriority
 .text.RX1_Enable
                0x00005800        0xc .\CortexM3\ARM_GCC_541\Debug\LCD.a(RX1.o)
                0x00005800                RX1_Enable
 .text.RX1_Disable
                0x0000580c        0xc .\CortexM3\ARM_GCC_541\Debug\LCD.a(RX1.o)
                0x0000580c                RX1_Disable
 .text.RX1_StartEx
                0x00005818       0x1c .\CortexM3\ARM_GCC_541\Debug\LCD.a(RX1.o)
                0x00005818                RX1_StartEx
 .text.SSR_Write
                0x00005834       0x18 .\CortexM3\ARM_GCC_541\Debug\LCD.a(SSR.o)
                0x00005834                SSR_Write
 .text.DOOR_Read
                0x0000584c       0x10 .\CortexM3\ARM_GCC_541\Debug\LCD.a(DOOR.o)
                0x0000584c                DOOR_Read
 .text.LCD1_Write
                0x0000585c       0x18 .\CortexM3\ARM_GCC_541\Debug\LCD.a(LCD1.o)
                0x0000585c                LCD1_Write
 .text.LCD2_Write
                0x00005874       0x18 .\CortexM3\ARM_GCC_541\Debug\LCD.a(LCD2.o)
                0x00005874                LCD2_Write
 .text.ADC_SAR_CalcGain
                0x0000588c       0x5c .\CortexM3\ARM_GCC_541\Debug\LCD.a(ADC_SAR.o)
 .text.ADC_SAR_Enable
                0x000058e8       0x94 .\CortexM3\ARM_GCC_541\Debug\LCD.a(ADC_SAR.o)
                0x000058e8                ADC_SAR_Enable
 .text.ADC_SAR_SetResolution
                0x0000597c       0x38 .\CortexM3\ARM_GCC_541\Debug\LCD.a(ADC_SAR.o)
                0x0000597c                ADC_SAR_SetResolution
 .text.ADC_SAR_Init
                0x000059b4       0x3c .\CortexM3\ARM_GCC_541\Debug\LCD.a(ADC_SAR.o)
                0x000059b4                ADC_SAR_Init
 .text.ADC_SAR_Start
                0x000059f0       0x1c .\CortexM3\ARM_GCC_541\Debug\LCD.a(ADC_SAR.o)
                0x000059f0                ADC_SAR_Start
 .text.ADC_SAR_StartConvert
                0x00005a0c       0x10 .\CortexM3\ARM_GCC_541\Debug\LCD.a(ADC_SAR.o)
                0x00005a0c                ADC_SAR_StartConvert
 .text.ADC_SAR_CountsTo_mVolts
                0x00005a1c       0x58 .\CortexM3\ARM_GCC_541\Debug\LCD.a(ADC_SAR.o)
                0x00005a1c                ADC_SAR_CountsTo_mVolts
 .text.ADC_SAR_ISR
                0x00005a74        0x4 .\CortexM3\ARM_GCC_541\Debug\LCD.a(ADC_SAR_INT.o)
                0x00005a74                ADC_SAR_ISR
 .text.ADC_SAR_IRQ_SetVector
                0x00005a78        0xc .\CortexM3\ARM_GCC_541\Debug\LCD.a(ADC_SAR_IRQ.o)
                0x00005a78                ADC_SAR_IRQ_SetVector
 .text.ADC_SAR_IRQ_SetPriority
                0x00005a84       0x10 .\CortexM3\ARM_GCC_541\Debug\LCD.a(ADC_SAR_IRQ.o)
                0x00005a84                ADC_SAR_IRQ_SetPriority
 .text.ADC_SAR_IRQ_Enable
                0x00005a94        0xc .\CortexM3\ARM_GCC_541\Debug\LCD.a(ADC_SAR_IRQ.o)
                0x00005a94                ADC_SAR_IRQ_Enable
 .text.ADC_SAR_IRQ_Disable
                0x00005aa0        0xc .\CortexM3\ARM_GCC_541\Debug\LCD.a(ADC_SAR_IRQ.o)
                0x00005aa0                ADC_SAR_IRQ_Disable
 .text.ADC_SAR_IRQ_StartEx
                0x00005aac       0x1c .\CortexM3\ARM_GCC_541\Debug\LCD.a(ADC_SAR_IRQ.o)
                0x00005aac                ADC_SAR_IRQ_StartEx
 .text.ADC_SAR_theACLK_SetModeRegister
                0x00005ac8       0x14 .\CortexM3\ARM_GCC_541\Debug\LCD.a(ADC_SAR_theACLK.o)
                0x00005ac8                ADC_SAR_theACLK_SetModeRegister
 .text.VENT1_Write
                0x00005adc       0x18 .\CortexM3\ARM_GCC_541\Debug\LCD.a(VENT1.o)
                0x00005adc                VENT1_Write
 .text.I2C_Init
                0x00005af4       0x78 .\CortexM3\ARM_GCC_541\Debug\LCD.a(I2C.o)
                0x00005af4                I2C_Init
 .text.I2C_Enable
                0x00005b6c       0x10 .\CortexM3\ARM_GCC_541\Debug\LCD.a(I2C.o)
                0x00005b6c                I2C_Enable
 .text.I2C_Start
                0x00005b7c       0x28 .\CortexM3\ARM_GCC_541\Debug\LCD.a(I2C.o)
                0x00005b7c                I2C_Start
 .text.I2C_ISR  0x00005ba4      0x328 .\CortexM3\ARM_GCC_541\Debug\LCD.a(I2C_INT.o)
                0x00005ba4                I2C_ISR
 .text.I2C_MasterWriteBuf
                0x00005ecc       0xdc .\CortexM3\ARM_GCC_541\Debug\LCD.a(I2C_MASTER.o)
                0x00005ecc                I2C_MasterWriteBuf
 .text.Timer2_Enable
                0x00005fa8       0x10 .\CortexM3\ARM_GCC_541\Debug\LCD.a(Timer2.o)
                0x00005fa8                Timer2_Enable
 .text.Timer2_SetInterruptMode
                0x00005fb8        0xc .\CortexM3\ARM_GCC_541\Debug\LCD.a(Timer2.o)
                0x00005fb8                Timer2_SetInterruptMode
 .text.Timer2_ReadStatusRegister
                0x00005fc4        0xc .\CortexM3\ARM_GCC_541\Debug\LCD.a(Timer2.o)
                0x00005fc4                Timer2_ReadStatusRegister
 .text.Timer2_WritePeriod
                0x00005fd0       0x10 .\CortexM3\ARM_GCC_541\Debug\LCD.a(Timer2.o)
                0x00005fd0                Timer2_WritePeriod
 .text.Timer2_ReadCapture
                0x00005fe0       0x10 .\CortexM3\ARM_GCC_541\Debug\LCD.a(Timer2.o)
                0x00005fe0                Timer2_ReadCapture
 .text.Timer2_WriteCounter
                0x00005ff0       0x10 .\CortexM3\ARM_GCC_541\Debug\LCD.a(Timer2.o)
                0x00005ff0                Timer2_WriteCounter
 .text.Timer2_ClearFIFO
                0x00006000       0x14 .\CortexM3\ARM_GCC_541\Debug\LCD.a(Timer2.o)
                0x00006000                Timer2_ClearFIFO
 .text.Timer2_Init
                0x00006014       0x38 .\CortexM3\ARM_GCC_541\Debug\LCD.a(Timer2.o)
                0x00006014                Timer2_Init
 .text.Timer2_Start
                0x0000604c       0x1c .\CortexM3\ARM_GCC_541\Debug\LCD.a(Timer2.o)
                0x0000604c                Timer2_Start
 .text.leeT_SetVector
                0x00006068        0xc .\CortexM3\ARM_GCC_541\Debug\LCD.a(leeT.o)
                0x00006068                leeT_SetVector
 .text.leeT_SetPriority
                0x00006074       0x10 .\CortexM3\ARM_GCC_541\Debug\LCD.a(leeT.o)
                0x00006074                leeT_SetPriority
 .text.leeT_Enable
                0x00006084        0xc .\CortexM3\ARM_GCC_541\Debug\LCD.a(leeT.o)
                0x00006084                leeT_Enable
 .text.leeT_Disable
                0x00006090        0xc .\CortexM3\ARM_GCC_541\Debug\LCD.a(leeT.o)
                0x00006090                leeT_Disable
 .text.leeT_StartEx
                0x0000609c       0x1c .\CortexM3\ARM_GCC_541\Debug\LCD.a(leeT.o)
                0x0000609c                leeT_StartEx
 .text.UART_3_Init
                0x000060b8       0x1c .\CortexM3\ARM_GCC_541\Debug\LCD.a(UART_3.o)
                0x000060b8                UART_3_Init
 .text.UART_3_Enable
                0x000060d4       0x24 .\CortexM3\ARM_GCC_541\Debug\LCD.a(UART_3.o)
                0x000060d4                UART_3_Enable
 .text.UART_3_Start
                0x000060f8       0x1c .\CortexM3\ARM_GCC_541\Debug\LCD.a(UART_3.o)
                0x000060f8                UART_3_Start
 .text.UART_3_PutChar
                0x00006114       0x18 .\CortexM3\ARM_GCC_541\Debug\LCD.a(UART_3.o)
                0x00006114                UART_3_PutChar
 .text.UART_3_PutString
                0x0000612c       0x24 .\CortexM3\ARM_GCC_541\Debug\LCD.a(UART_3.o)
                0x0000612c                UART_3_PutString
 .text.UART_3_IntClock_Start
                0x00006150       0x1c .\CortexM3\ARM_GCC_541\Debug\LCD.a(UART_3_IntClock.o)
                0x00006150                UART_3_IntClock_Start
 *fill*         0x0000616c        0x4 
 .text          0x00006170       0x20 .\CortexM3\ARM_GCC_541\Debug\LCD.a(CyBootAsmGnu.o)
                0x00006170                CyDelayCycles
                0x00006180                CyEnterCriticalSection
                0x00006188                CyExitCriticalSection
 .text.CyFlashGetSpcAlgorithm
                0x00006190       0x4c .\CortexM3\ARM_GCC_541\Debug\LCD.a(CyFlash.o)
 .text.CySetTempInt
                0x000061dc       0x60 .\CortexM3\ARM_GCC_541\Debug\LCD.a(CyFlash.o)
 .text.CySetTemp
                0x0000623c       0x14 .\CortexM3\ARM_GCC_541\Debug\LCD.a(CyFlash.o)
                0x0000623c                CySetTemp
 .text.CyEEPROM_Start
                0x00006250       0x54 .\CortexM3\ARM_GCC_541\Debug\LCD.a(CyFlash.o)
                0x00006250                CyEEPROM_Start
 .text.CyEEPROM_ReadReserve
                0x000062a4       0x1c .\CortexM3\ARM_GCC_541\Debug\LCD.a(CyFlash.o)
                0x000062a4                CyEEPROM_ReadReserve
 .text.CyEEPROM_ReadRelease
                0x000062c0       0x10 .\CortexM3\ARM_GCC_541\Debug\LCD.a(CyFlash.o)
                0x000062c0                CyEEPROM_ReadRelease
 .text.CySpcStart
                0x000062d0       0x24 .\CortexM3\ARM_GCC_541\Debug\LCD.a(CySpc.o)
                0x000062d0                CySpcStart
 .text.CySpcReadData
                0x000062f4       0x34 .\CortexM3\ARM_GCC_541\Debug\LCD.a(CySpc.o)
                0x000062f4                CySpcReadData
 .text.CySpcLoadMultiByte
                0x00006328       0x78 .\CortexM3\ARM_GCC_541\Debug\LCD.a(CySpc.o)
                0x00006328                CySpcLoadMultiByte
 .text.CySpcWriteRow
                0x000063a0       0x4c .\CortexM3\ARM_GCC_541\Debug\LCD.a(CySpc.o)
                0x000063a0                CySpcWriteRow
 .text.CySpcGetTemp
                0x000063ec       0x3c .\CortexM3\ARM_GCC_541\Debug\LCD.a(CySpc.o)
                0x000063ec                CySpcGetTemp
 .text.CySpcLock
                0x00006428       0x4c .\CortexM3\ARM_GCC_541\Debug\LCD.a(CySpc.o)
                0x00006428                CySpcLock
 .text.CySpcUnlock
                0x00006474       0x38 .\CortexM3\ARM_GCC_541\Debug\LCD.a(CySpc.o)
                0x00006474                CySpcUnlock
 .text.CySpcGetAlgorithm
                0x000064ac       0x28 .\CortexM3\ARM_GCC_541\Debug\LCD.a(CySpc.o)
                0x000064ac                CySpcGetAlgorithm
 .text.CySetReg24
                0x000064d4       0x14 .\CortexM3\ARM_GCC_541\Debug\LCD.a(cyutils.o)
                0x000064d4                CySetReg24
 .text          0x000064e8      0x370 c:/program files/cypress/psoc creator/4.3/psoc creator/import/gnu/arm/5.4.1/bin/../lib/gcc/arm-none-eabi/5.4.1/armv7-m\libgcc.a(_arm_addsubdf3.o)
                0x000064e8                __aeabi_drsub
                0x000064f0                __aeabi_dsub
                0x000064f0                __subdf3
                0x000064f4                __aeabi_dadd
                0x000064f4                __adddf3
                0x0000676c                __floatunsidf
                0x0000676c                __aeabi_ui2d
                0x0000678c                __floatsidf
                0x0000678c                __aeabi_i2d
                0x000067b0                __aeabi_f2d
                0x000067b0                __extendsfdf2
                0x000067ec                __floatundidf
                0x000067ec                __aeabi_ul2d
                0x000067fc                __floatdidf
                0x000067fc                __aeabi_l2d
 .text          0x00006858      0x424 c:/program files/cypress/psoc creator/4.3/psoc creator/import/gnu/arm/5.4.1/bin/../lib/gcc/arm-none-eabi/5.4.1/armv7-m\libgcc.a(_arm_muldivdf3.o)
                0x00006858                __aeabi_dmul
                0x00006858                __muldf3
                0x00006aac                __divdf3
                0x00006aac                __aeabi_ddiv
 .text          0x00006c7c      0x110 c:/program files/cypress/psoc creator/4.3/psoc creator/import/gnu/arm/5.4.1/bin/../lib/gcc/arm-none-eabi/5.4.1/armv7-m\libgcc.a(_arm_cmpdf2.o)
                0x00006c7c                __gtdf2
                0x00006c7c                __gedf2
                0x00006c84                __ltdf2
                0x00006c84                __ledf2
                0x00006c8c                __nedf2
                0x00006c8c                __eqdf2
                0x00006c8c                __cmpdf2
                0x00006d08                __aeabi_cdrcmple
                0x00006d18                __aeabi_cdcmpeq
                0x00006d18                __aeabi_cdcmple
                0x00006d28                __aeabi_dcmpeq
                0x00006d3c                __aeabi_dcmplt
                0x00006d50                __aeabi_dcmple
                0x00006d64                __aeabi_dcmpge
                0x00006d78                __aeabi_dcmpgt
 .text          0x00006d8c       0x40 c:/program files/cypress/psoc creator/4.3/psoc creator/import/gnu/arm/5.4.1/bin/../lib/gcc/arm-none-eabi/5.4.1/armv7-m\libgcc.a(_arm_fixunsdfsi.o)
                0x00006d8c                __aeabi_d2uiz
                0x00006d8c                __fixunsdfsi
 .text          0x00006dcc       0xa0 c:/program files/cypress/psoc creator/4.3/psoc creator/import/gnu/arm/5.4.1/bin/../lib/gcc/arm-none-eabi/5.4.1/armv7-m\libgcc.a(_arm_truncdfsf2.o)
                0x00006dcc                __truncdfsf2
                0x00006dcc                __aeabi_d2f
 .text          0x00006e6c      0x21c c:/program files/cypress/psoc creator/4.3/psoc creator/import/gnu/arm/5.4.1/bin/../lib/gcc/arm-none-eabi/5.4.1/armv7-m\libgcc.a(_arm_addsubsf3.o)
                0x00006e6c                __aeabi_frsub
                0x00006e74                __subsf3
                0x00006e74                __aeabi_fsub
                0x00006e78                __aeabi_fadd
                0x00006e78                __addsf3
                0x00006fd8                __aeabi_ui2f
                0x00006fd8                __floatunsisf
                0x00006fe0                __aeabi_i2f
                0x00006fe0                __floatsisf
                0x00006ffc                __aeabi_ul2f
                0x00006ffc                __floatundisf
                0x0000700c                __aeabi_l2f
                0x0000700c                __floatdisf
 .text          0x00007088      0x2a0 c:/program files/cypress/psoc creator/4.3/psoc creator/import/gnu/arm/5.4.1/bin/../lib/gcc/arm-none-eabi/5.4.1/armv7-m\libgcc.a(_arm_muldivsf3.o)
                0x00007088                __mulsf3
                0x00007088                __aeabi_fmul
                0x000071f0                __aeabi_fdiv
                0x000071f0                __divsf3
 .text          0x00007328       0xec c:/program files/cypress/psoc creator/4.3/psoc creator/import/gnu/arm/5.4.1/bin/../lib/gcc/arm-none-eabi/5.4.1/armv7-m\libgcc.a(_arm_cmpsf2.o)
                0x00007328                __gesf2
                0x00007328                __gtsf2
                0x00007330                __lesf2
                0x00007330                __ltsf2
                0x00007338                __nesf2
                0x00007338                __eqsf2
                0x00007338                __cmpsf2
                0x00007398                __aeabi_cfrcmple
                0x000073a0                __aeabi_cfcmpeq
                0x000073a0                __aeabi_cfcmple
                0x000073b0                __aeabi_fcmpeq
                0x000073c4                __aeabi_fcmplt
                0x000073d8                __aeabi_fcmple
                0x000073ec                __aeabi_fcmpge
                0x00007400                __aeabi_fcmpgt
 .text          0x00007414       0x4c c:/program files/cypress/psoc creator/4.3/psoc creator/import/gnu/arm/5.4.1/bin/../lib/gcc/arm-none-eabi/5.4.1/armv7-m\libgcc.a(_arm_fixsfsi.o)
                0x00007414                __aeabi_f2iz
                0x00007414                __fixsfsi
 .text          0x00007460       0x40 c:/program files/cypress/psoc creator/4.3/psoc creator/import/gnu/arm/5.4.1/bin/../lib/gcc/arm-none-eabi/5.4.1/armv7-m\libgcc.a(_arm_fixunssfsi.o)
                0x00007460                __fixunssfsi
                0x00007460                __aeabi_f2uiz
 .text.__errno  0x000074a0        0xc c:/program files/cypress/psoc creator/4.3/psoc creator/import/gnu/arm/5.4.1/bin/../lib/gcc/arm-none-eabi/5.4.1/../../../../arm-none-eabi/lib/armv7-m\libg_nano.a(lib_a-errno.o)
                0x000074a0                __errno
 .text.__libc_init_array
                0x000074ac       0x4c c:/program files/cypress/psoc creator/4.3/psoc creator/import/gnu/arm/5.4.1/bin/../lib/gcc/arm-none-eabi/5.4.1/../../../../arm-none-eabi/lib/armv7-m\libg_nano.a(lib_a-init.o)
                0x000074ac                __libc_init_array
 .text.memcpy   0x000074f8       0x16 c:/program files/cypress/psoc creator/4.3/psoc creator/import/gnu/arm/5.4.1/bin/../lib/gcc/arm-none-eabi/5.4.1/../../../../arm-none-eabi/lib/armv7-m\libg_nano.a(lib_a-memcpy-stub.o)
                0x000074f8                memcpy
 .text.memset   0x0000750e       0x10 c:/program files/cypress/psoc creator/4.3/psoc creator/import/gnu/arm/5.4.1/bin/../lib/gcc/arm-none-eabi/5.4.1/../../../../arm-none-eabi/lib/armv7-m\libg_nano.a(lib_a-memset.o)
                0x0000750e                memset
 .text.__cvt    0x0000751e       0xc0 c:/program files/cypress/psoc creator/4.3/psoc creator/import/gnu/arm/5.4.1/bin/../lib/gcc/arm-none-eabi/5.4.1/../../../../arm-none-eabi/lib/armv7-m\libg_nano.a(lib_a-nano-vfprintf_float.o)
                0x0000751e                __cvt
 .text.__exponent
                0x000075de       0x62 c:/program files/cypress/psoc creator/4.3/psoc creator/import/gnu/arm/5.4.1/bin/../lib/gcc/arm-none-eabi/5.4.1/../../../../arm-none-eabi/lib/armv7-m\libg_nano.a(lib_a-nano-vfprintf_float.o)
                0x000075de                __exponent
 .text._printf_float
                0x00007640      0x488 c:/program files/cypress/psoc creator/4.3/psoc creator/import/gnu/arm/5.4.1/bin/../lib/gcc/arm-none-eabi/5.4.1/../../../../arm-none-eabi/lib/armv7-m\libg_nano.a(lib_a-nano-vfprintf_float.o)
                0x00007640                _printf_float
 .text._printf_common
                0x00007ac8       0xec c:/program files/cypress/psoc creator/4.3/psoc creator/import/gnu/arm/5.4.1/bin/../lib/gcc/arm-none-eabi/5.4.1/../../../../arm-none-eabi/lib/armv7-m\libg_nano.a(lib_a-nano-vfprintf_i.o)
                0x00007ac8                _printf_common
 .text._printf_i
                0x00007bb4      0x24c c:/program files/cypress/psoc creator/4.3/psoc creator/import/gnu/arm/5.4.1/bin/../lib/gcc/arm-none-eabi/5.4.1/../../../../arm-none-eabi/lib/armv7-m\libg_nano.a(lib_a-nano-vfprintf_i.o)
                0x00007bb4                _printf_i
 .text.sprintf  0x00007e00       0x48 c:/program files/cypress/psoc creator/4.3/psoc creator/import/gnu/arm/5.4.1/bin/../lib/gcc/arm-none-eabi/5.4.1/../../../../arm-none-eabi/lib/armv7-m\libg_nano.a(lib_a-sprintf.o)
                0x00007e00                siprintf
                0x00007e00                sprintf
 .text          0x00007e48       0x10 c:/program files/cypress/psoc creator/4.3/psoc creator/import/gnu/arm/5.4.1/bin/../lib/gcc/arm-none-eabi/5.4.1/../../../../arm-none-eabi/lib/armv7-m\libg_nano.a(lib_a-strlen.o)
                0x00007e48                strlen
 .text.quorem   0x00007e58      0x116 c:/program files/cypress/psoc creator/4.3/psoc creator/import/gnu/arm/5.4.1/bin/../lib/gcc/arm-none-eabi/5.4.1/../../../../arm-none-eabi/lib/armv7-m\libg_nano.a(lib_a-dtoa.o)
 *fill*         0x00007f6e        0x2 
 .text._dtoa_r  0x00007f70      0xb30 c:/program files/cypress/psoc creator/4.3/psoc creator/import/gnu/arm/5.4.1/bin/../lib/gcc/arm-none-eabi/5.4.1/../../../../arm-none-eabi/lib/armv7-m\libg_nano.a(lib_a-dtoa.o)
                0x00007f70                _dtoa_r
 .text._localeconv_r
                0x00008aa0        0x8 c:/program files/cypress/psoc creator/4.3/psoc creator/import/gnu/arm/5.4.1/bin/../lib/gcc/arm-none-eabi/5.4.1/../../../../arm-none-eabi/lib/armv7-m\libg_nano.a(lib_a-locale.o)
                0x00008aa0                _localeconv_r
 .text.malloc   0x00008aa8       0x10 c:/program files/cypress/psoc creator/4.3/psoc creator/import/gnu/arm/5.4.1/bin/../lib/gcc/arm-none-eabi/5.4.1/../../../../arm-none-eabi/lib/armv7-m\libg_nano.a(lib_a-malloc.o)
                0x00008aa8                malloc
 .text.memchr   0x00008ab8       0x1c c:/program files/cypress/psoc creator/4.3/psoc creator/import/gnu/arm/5.4.1/bin/../lib/gcc/arm-none-eabi/5.4.1/../../../../arm-none-eabi/lib/armv7-m\libg_nano.a(lib_a-memchr-stub.o)
                0x00008ab8                memchr
 .text._Balloc  0x00008ad4       0x6a c:/program files/cypress/psoc creator/4.3/psoc creator/import/gnu/arm/5.4.1/bin/../lib/gcc/arm-none-eabi/5.4.1/../../../../arm-none-eabi/lib/armv7-m\libg_nano.a(lib_a-mprec.o)
                0x00008ad4                _Balloc
 .text._Bfree   0x00008b3e       0x2e c:/program files/cypress/psoc creator/4.3/psoc creator/import/gnu/arm/5.4.1/bin/../lib/gcc/arm-none-eabi/5.4.1/../../../../arm-none-eabi/lib/armv7-m\libg_nano.a(lib_a-mprec.o)
                0x00008b3e                _Bfree
 .text.__multadd
                0x00008b6c       0x76 c:/program files/cypress/psoc creator/4.3/psoc creator/import/gnu/arm/5.4.1/bin/../lib/gcc/arm-none-eabi/5.4.1/../../../../arm-none-eabi/lib/armv7-m\libg_nano.a(lib_a-mprec.o)
                0x00008b6c                __multadd
 .text.__hi0bits
                0x00008be2       0x40 c:/program files/cypress/psoc creator/4.3/psoc creator/import/gnu/arm/5.4.1/bin/../lib/gcc/arm-none-eabi/5.4.1/../../../../arm-none-eabi/lib/armv7-m\libg_nano.a(lib_a-mprec.o)
                0x00008be2                __hi0bits
 .text.__lo0bits
                0x00008c22       0x5a c:/program files/cypress/psoc creator/4.3/psoc creator/import/gnu/arm/5.4.1/bin/../lib/gcc/arm-none-eabi/5.4.1/../../../../arm-none-eabi/lib/armv7-m\libg_nano.a(lib_a-mprec.o)
                0x00008c22                __lo0bits
 .text.__i2b    0x00008c7c       0x12 c:/program files/cypress/psoc creator/4.3/psoc creator/import/gnu/arm/5.4.1/bin/../lib/gcc/arm-none-eabi/5.4.1/../../../../arm-none-eabi/lib/armv7-m\libg_nano.a(lib_a-mprec.o)
                0x00008c7c                __i2b
 .text.__multiply
                0x00008c8e      0x120 c:/program files/cypress/psoc creator/4.3/psoc creator/import/gnu/arm/5.4.1/bin/../lib/gcc/arm-none-eabi/5.4.1/../../../../arm-none-eabi/lib/armv7-m\libg_nano.a(lib_a-mprec.o)
                0x00008c8e                __multiply
 *fill*         0x00008dae        0x2 
 .text.__pow5mult
                0x00008db0       0x9c c:/program files/cypress/psoc creator/4.3/psoc creator/import/gnu/arm/5.4.1/bin/../lib/gcc/arm-none-eabi/5.4.1/../../../../arm-none-eabi/lib/armv7-m\libg_nano.a(lib_a-mprec.o)
                0x00008db0                __pow5mult
 .text.__lshift
                0x00008e4c       0xa2 c:/program files/cypress/psoc creator/4.3/psoc creator/import/gnu/arm/5.4.1/bin/../lib/gcc/arm-none-eabi/5.4.1/../../../../arm-none-eabi/lib/armv7-m\libg_nano.a(lib_a-mprec.o)
                0x00008e4c                __lshift
 .text.__mcmp   0x00008eee       0x38 c:/program files/cypress/psoc creator/4.3/psoc creator/import/gnu/arm/5.4.1/bin/../lib/gcc/arm-none-eabi/5.4.1/../../../../arm-none-eabi/lib/armv7-m\libg_nano.a(lib_a-mprec.o)
                0x00008eee                __mcmp
 .text.__mdiff  0x00008f26       0xbe c:/program files/cypress/psoc creator/4.3/psoc creator/import/gnu/arm/5.4.1/bin/../lib/gcc/arm-none-eabi/5.4.1/../../../../arm-none-eabi/lib/armv7-m\libg_nano.a(lib_a-mprec.o)
                0x00008f26                __mdiff
 .text.__d2b    0x00008fe4       0x9c c:/program files/cypress/psoc creator/4.3/psoc creator/import/gnu/arm/5.4.1/bin/../lib/gcc/arm-none-eabi/5.4.1/../../../../arm-none-eabi/lib/armv7-m\libg_nano.a(lib_a-mprec.o)
                0x00008fe4                __d2b
 .text._calloc_r
                0x00009080       0x1c c:/program files/cypress/psoc creator/4.3/psoc creator/import/gnu/arm/5.4.1/bin/../lib/gcc/arm-none-eabi/5.4.1/../../../../arm-none-eabi/lib/armv7-m\libg_nano.a(lib_a-nano-callocr.o)
                0x00009080                _calloc_r
 .text._free_r  0x0000909c       0x98 c:/program files/cypress/psoc creator/4.3/psoc creator/import/gnu/arm/5.4.1/bin/../lib/gcc/arm-none-eabi/5.4.1/../../../../arm-none-eabi/lib/armv7-m\libg_nano.a(lib_a-nano-freer.o)
                0x0000909c                _free_r
 .text._malloc_r
                0x00009134       0xbc c:/program files/cypress/psoc creator/4.3/psoc creator/import/gnu/arm/5.4.1/bin/../lib/gcc/arm-none-eabi/5.4.1/../../../../arm-none-eabi/lib/armv7-m\libg_nano.a(lib_a-nano-mallocr.o)
                0x00009134                _malloc_r
 .text.__ssputs_r
                0x000091f0       0xb2 c:/program files/cypress/psoc creator/4.3/psoc creator/import/gnu/arm/5.4.1/bin/../lib/gcc/arm-none-eabi/5.4.1/../../../../arm-none-eabi/lib/armv7-m\libg_nano.a(lib_a-nano-svfprintf.o)
                0x000091f0                __ssputs_r
 *fill*         0x000092a2        0x2 
 .text._svfprintf_r
                0x000092a4      0x1e8 c:/program files/cypress/psoc creator/4.3/psoc creator/import/gnu/arm/5.4.1/bin/../lib/gcc/arm-none-eabi/5.4.1/../../../../arm-none-eabi/lib/armv7-m\libg_nano.a(lib_a-nano-svfprintf.o)
                0x000092a4                _svfiprintf_r
                0x000092a4                _svfprintf_r
 .text._sbrk_r  0x0000948c       0x20 c:/program files/cypress/psoc creator/4.3/psoc creator/import/gnu/arm/5.4.1/bin/../lib/gcc/arm-none-eabi/5.4.1/../../../../arm-none-eabi/lib/armv7-m\libg_nano.a(lib_a-sbrkr.o)
                0x0000948c                _sbrk_r
 .text.memmove  0x000094ac       0x36 c:/program files/cypress/psoc creator/4.3/psoc creator/import/gnu/arm/5.4.1/bin/../lib/gcc/arm-none-eabi/5.4.1/../../../../arm-none-eabi/lib/armv7-m\libg_nano.a(lib_a-memmove.o)
                0x000094ac                memmove
 .text.__malloc_lock
                0x000094e2        0x2 c:/program files/cypress/psoc creator/4.3/psoc creator/import/gnu/arm/5.4.1/bin/../lib/gcc/arm-none-eabi/5.4.1/../../../../arm-none-eabi/lib/armv7-m\libg_nano.a(lib_a-mlock.o)
                0x000094e2                __malloc_lock
 .text.__malloc_unlock
                0x000094e4        0x2 c:/program files/cypress/psoc creator/4.3/psoc creator/import/gnu/arm/5.4.1/bin/../lib/gcc/arm-none-eabi/5.4.1/../../../../arm-none-eabi/lib/armv7-m\libg_nano.a(lib_a-mlock.o)
                0x000094e4                __malloc_unlock
 .text._realloc_r
                0x000094e6       0x4c c:/program files/cypress/psoc creator/4.3/psoc creator/import/gnu/arm/5.4.1/bin/../lib/gcc/arm-none-eabi/5.4.1/../../../../arm-none-eabi/lib/armv7-m\libg_nano.a(lib_a-nano-reallocr.o)
                0x000094e6                _realloc_r
 .text._malloc_usable_size_r
                0x00009532       0x14 c:/program files/cypress/psoc creator/4.3/psoc creator/import/gnu/arm/5.4.1/bin/../lib/gcc/arm-none-eabi/5.4.1/../../../../arm-none-eabi/lib/armv7-m\libg_nano.a(lib_a-nano-msizer.o)
                0x00009532                _malloc_usable_size_r
 *fill*         0x00009546        0x2 
 .text          0x00009548       0x2c c:/program files/cypress/psoc creator/4.3/psoc creator/import/gnu/arm/5.4.1/bin/../lib/gcc/arm-none-eabi/5.4.1/armv7-m\libgcc.a(_arm_unorddf2.o)
                0x00009548                __unorddf2
                0x00009548                __aeabi_dcmpun
 .text          0x00009574       0x50 c:/program files/cypress/psoc creator/4.3/psoc creator/import/gnu/arm/5.4.1/bin/../lib/gcc/arm-none-eabi/5.4.1/armv7-m\libgcc.a(_arm_fixdfsi.o)
                0x00009574                __aeabi_d2iz
                0x00009574                __fixdfsi
 *(.plt)
 *(.gnu.warning)
 *(.glue_7t)
 .glue_7t       0x000095c4        0x0 linker stubs
 *(.glue_7)
 .glue_7        0x000095c4        0x0 linker stubs
 *(.vfp11_veneer)
 .vfp11_veneer  0x000095c4        0x0 linker stubs
 *(.bootloader)
 *(.ARM.extab* .gnu.linkonce.armextab.*)
 *(.gcc_except_table)

.v4_bx          0x000095c4        0x0
 .v4_bx         0x000095c4        0x0 linker stubs

.iplt           0x000095c4        0x0
 .iplt          0x000095c4        0x0 c:/program files/cypress/psoc creator/4.3/psoc creator/import/gnu/arm/5.4.1/bin/../lib/gcc/arm-none-eabi/5.4.1/armv7-m/crtbegin.o

.eh_frame_hdr
 *(.eh_frame_hdr)

.eh_frame       0x000095c4        0x4
 *(.eh_frame)
 .eh_frame      0x000095c4        0x0 c:/program files/cypress/psoc creator/4.3/psoc creator/import/gnu/arm/5.4.1/bin/../lib/gcc/arm-none-eabi/5.4.1/armv7-m/crtbegin.o
 .eh_frame      0x000095c4        0x4 c:/program files/cypress/psoc creator/4.3/psoc creator/import/gnu/arm/5.4.1/bin/../lib/gcc/arm-none-eabi/5.4.1/armv7-m/crtend.o
                [!provide]                PROVIDE (__exidx_start, .)

.ARM.exidx
 *(.ARM.exidx* .gnu.linkonce.armexidx.*)
                0x000095c8                __exidx_end = .

.rodata         0x000095c8      0xac8
 *(.rodata .rodata.* .gnu.linkonce.r.*)
 .rodata        0x000095c8       0xb4 .\CortexM3\ARM_GCC_541\Debug\main.o
                0x000095c8                texto
 .rodata.str1.4
                0x0000967c      0x7cc .\CortexM3\ARM_GCC_541\Debug\main.o
                                0x7cb (size before relaxing)
 .rodata        0x00009e48       0x42 .\CortexM3\ARM_GCC_541\Debug\cyfitter_cfg.o
 *fill*         0x00009e8a        0x2 
 .rodata        0x00009e8c       0x6c .\CortexM3\ARM_GCC_541\Debug\LCD.a(Thermocouple_1.o)
 .rodata.str1.1
                0x00009ef8        0x2 c:/program files/cypress/psoc creator/4.3/psoc creator/import/gnu/arm/5.4.1/bin/../lib/gcc/arm-none-eabi/5.4.1/../../../../arm-none-eabi/lib/armv7-m\libg_nano.a(lib_a-impure.o)
 .rodata.str1.1
                0x00009efa       0x12 c:/program files/cypress/psoc creator/4.3/psoc creator/import/gnu/arm/5.4.1/bin/../lib/gcc/arm-none-eabi/5.4.1/../../../../arm-none-eabi/lib/armv7-m\libg_nano.a(lib_a-nano-vfprintf_float.o)
 .rodata.str1.1
                0x00009f0c       0x22 c:/program files/cypress/psoc creator/4.3/psoc creator/import/gnu/arm/5.4.1/bin/../lib/gcc/arm-none-eabi/5.4.1/../../../../arm-none-eabi/lib/armv7-m\libg_nano.a(lib_a-nano-vfprintf_i.o)
 .rodata.str1.1
                0x00009f2e        0xd c:/program files/cypress/psoc creator/4.3/psoc creator/import/gnu/arm/5.4.1/bin/../lib/gcc/arm-none-eabi/5.4.1/../../../../arm-none-eabi/lib/armv7-m\libg_nano.a(lib_a-dtoa.o)
                                  0xf (size before relaxing)
 .rodata.str1.1
                0x00009f3b        0x8 c:/program files/cypress/psoc creator/4.3/psoc creator/import/gnu/arm/5.4.1/bin/../lib/gcc/arm-none-eabi/5.4.1/../../../../arm-none-eabi/lib/armv7-m\libg_nano.a(lib_a-locale.o)
                                  0xb (size before relaxing)
 *fill*         0x00009f43        0x5 
 .rodata.__mprec_tens
                0x00009f48       0xc8 c:/program files/cypress/psoc creator/4.3/psoc creator/import/gnu/arm/5.4.1/bin/../lib/gcc/arm-none-eabi/5.4.1/../../../../arm-none-eabi/lib/armv7-m\libg_nano.a(lib_a-mprec.o)
                0x00009f48                __mprec_tens
 .rodata.p05.5408
                0x0000a010        0xc c:/program files/cypress/psoc creator/4.3/psoc creator/import/gnu/arm/5.4.1/bin/../lib/gcc/arm-none-eabi/5.4.1/../../../../arm-none-eabi/lib/armv7-m\libg_nano.a(lib_a-mprec.o)
 *fill*         0x0000a01c        0x4 
 .rodata.__mprec_bigtens
                0x0000a020       0x28 c:/program files/cypress/psoc creator/4.3/psoc creator/import/gnu/arm/5.4.1/bin/../lib/gcc/arm-none-eabi/5.4.1/../../../../arm-none-eabi/lib/armv7-m\libg_nano.a(lib_a-mprec.o)
                0x0000a020                __mprec_bigtens
 .rodata.str1.1
                0x0000a048       0x11 c:/program files/cypress/psoc creator/4.3/psoc creator/import/gnu/arm/5.4.1/bin/../lib/gcc/arm-none-eabi/5.4.1/../../../../arm-none-eabi/lib/armv7-m\libg_nano.a(lib_a-nano-svfprintf.o)
                0x0000a05c                . = ALIGN (0x4)
 *fill*         0x0000a059        0x3 
 *(.init)
 .init          0x0000a05c        0x4 c:/program files/cypress/psoc creator/4.3/psoc creator/import/gnu/arm/5.4.1/bin/../lib/gcc/arm-none-eabi/5.4.1/armv7-m/crti.o
                0x0000a05c                _init
 .init          0x0000a060        0x8 c:/program files/cypress/psoc creator/4.3/psoc creator/import/gnu/arm/5.4.1/bin/../lib/gcc/arm-none-eabi/5.4.1/armv7-m/crtn.o
                0x0000a068                . = ALIGN (0x4)
                0x0000a068                __preinit_array_start = .
 *(.preinit_array)
                0x0000a068                __preinit_array_end = .
                0x0000a068                . = ALIGN (0x4)
                0x0000a068                __init_array_start = .
 *(SORT(.init_array.*))
 *(.init_array)
 .init_array    0x0000a068        0x4 c:/program files/cypress/psoc creator/4.3/psoc creator/import/gnu/arm/5.4.1/bin/../lib/gcc/arm-none-eabi/5.4.1/armv7-m/crtbegin.o
 .init_array    0x0000a06c        0x4 .\CortexM3\ARM_GCC_541\Debug\Cm3Start.o
                0x0000a070                __init_array_end = .
                0x0000a070                . = ALIGN (0x4)
 *(.fini)
 .fini          0x0000a070        0x4 c:/program files/cypress/psoc creator/4.3/psoc creator/import/gnu/arm/5.4.1/bin/../lib/gcc/arm-none-eabi/5.4.1/armv7-m/crti.o
                0x0000a070                _fini
 .fini          0x0000a074        0x8 c:/program files/cypress/psoc creator/4.3/psoc creator/import/gnu/arm/5.4.1/bin/../lib/gcc/arm-none-eabi/5.4.1/armv7-m/crtn.o
                0x0000a07c                . = ALIGN (0x4)
                0x0000a07c                __fini_array_start = .
 *(.fini_array)
 .fini_array    0x0000a07c        0x4 c:/program files/cypress/psoc creator/4.3/psoc creator/import/gnu/arm/5.4.1/bin/../lib/gcc/arm-none-eabi/5.4.1/armv7-m/crtbegin.o
 *(SORT(.fini_array.*))
                0x0000a080                __fini_array_end = .
                0x0000a080                . = ALIGN (0x4)
 *crtbegin.o(.ctors)
 *(EXCLUDE_FILE(*crtend.o) .ctors)
 *(SORT(.ctors.*))
 *crtend.o(.ctors)
                0x0000a080                . = ALIGN (0x4)
 *crtbegin.o(.dtors)
 *(EXCLUDE_FILE(*crtend.o) .dtors)
 *(SORT(.dtors.*))
 *crtend.o(.dtors)
                0x0000a080                . = ALIGN (0x4)
                0x0000a080                __cy_regions = .
                0x0000a080        0x4 LONG 0xa090 __cy_region_init_ram
                0x0000a084        0x4 LONG 0x1fff80c8 __cy_region_start_data
                0x0000a088        0x4 LONG 0xe0 __cy_region_init_size_ram
                0x0000a08c        0x4 LONG 0x718 __cy_region_zero_size_ram
                0x0000a090                __cy_regions_end = .
                0x0000a090                . = ALIGN (0x8)
                0x0000a090                _etext = .

.cy_checksum_exclude
                0x0000a090        0x0
 *(.cy_checksum_exclude)

.ramvectors     0x1fff8000       0xc0
                0x1fff8000                __cy_region_start_ram = .
 *(.ramvectors)
 .ramvectors    0x1fff8000       0xc0 .\CortexM3\ARM_GCC_541\Debug\Cm3Start.o
                0x1fff8000                CyRamVectors

.noinit         0x1fff80c0        0x1
 *(.noinit)
 .noinit        0x1fff80c0        0x1 .\CortexM3\ARM_GCC_541\Debug\LCD.a(CyLib.o)
                0x1fff80c0                CyResetStatus

.data           0x1fff80c8       0xe0 load address 0x0000a090
                0x1fff80c8                __cy_region_start_data = .
 *(.jcr)
 .jcr           0x1fff80c8        0x0 c:/program files/cypress/psoc creator/4.3/psoc creator/import/gnu/arm/5.4.1/bin/../lib/gcc/arm-none-eabi/5.4.1/armv7-m/crtbegin.o
 .jcr           0x1fff80c8        0x4 c:/program files/cypress/psoc creator/4.3/psoc creator/import/gnu/arm/5.4.1/bin/../lib/gcc/arm-none-eabi/5.4.1/armv7-m/crtend.o
 *(.got.plt)
 *(.got)
 *(.shdata)
 *(.data .data.* .gnu.linkonce.d.*)
 .data          0x1fff80cc       0x23 .\CortexM3\ARM_GCC_541\Debug\main.o
                0x1fff80cc                penMufla
                0x1fff80d0                iconoGrande
                0x1fff80e0                iconoPeque
 *fill*         0x1fff80ef        0x1 
 .data          0x1fff80f0        0x4 .\CortexM3\ARM_GCC_541\Debug\Cm3Start.o
 .data          0x1fff80f4       0x10 .\CortexM3\ARM_GCC_541\Debug\LCD.a(CyLib.o)
                0x1fff80f4                cydelay_32k_ms
                0x1fff80f8                cydelay_freq_khz
                0x1fff80fc                cydelay_freq_mhz
                0x1fff8100                cydelay_freq_hz
 .data          0x1fff8104        0x1 .\CortexM3\ARM_GCC_541\Debug\LCD.a(ADC.o)
                0x1fff8104                ADC_Config
 *fill*         0x1fff8105        0x3 
 .data.impure_data
                0x1fff8108       0x60 c:/program files/cypress/psoc creator/4.3/psoc creator/import/gnu/arm/5.4.1/bin/../lib/gcc/arm-none-eabi/5.4.1/../../../../arm-none-eabi/lib/armv7-m\libg_nano.a(lib_a-impure.o)
 .data._impure_ptr
                0x1fff8168        0x4 c:/program files/cypress/psoc creator/4.3/psoc creator/import/gnu/arm/5.4.1/bin/../lib/gcc/arm-none-eabi/5.4.1/../../../../arm-none-eabi/lib/armv7-m\libg_nano.a(lib_a-impure.o)
                0x1fff8168                _impure_ptr
 .data.lconv    0x1fff816c       0x38 c:/program files/cypress/psoc creator/4.3/psoc creator/import/gnu/arm/5.4.1/bin/../lib/gcc/arm-none-eabi/5.4.1/../../../../arm-none-eabi/lib/armv7-m\libg_nano.a(lib_a-locale.o)
                0x1fff81a8                . = ALIGN (0x8)
 *fill*         0x1fff81a4        0x4 
 *(.ram)
                0x1fff81a8                _edata = .

.igot.plt       0x1fff81a8        0x0 load address 0x0000a170
 .igot.plt      0x1fff81a8        0x0 c:/program files/cypress/psoc creator/4.3/psoc creator/import/gnu/arm/5.4.1/bin/../lib/gcc/arm-none-eabi/5.4.1/armv7-m/crtbegin.o

.bss            0x1fff81a8      0x718 load address 0x0000a170
                0x1fff81a8                PROVIDE (__bss_start__, .)
 *(.shbss)
 *(.bss .bss.* .gnu.linkonce.b.*)
 .bss           0x1fff81a8       0x1c c:/program files/cypress/psoc creator/4.3/psoc creator/import/gnu/arm/5.4.1/bin/../lib/gcc/arm-none-eabi/5.4.1/armv7-m/crtbegin.o
 .bss           0x1fff81c4       0x11 .\CortexM3\ARM_GCC_541\Debug\main.o
                0x1fff81c4                dataReady
                0x1fff81c5                RX_Wr_Index
                0x1fff81c6                RX_Wr_Index2
                0x1fff81c8                X
                0x1fff81d0                RX_Counter2
                0x1fff81d1                RX_Rd_Index2
                0x1fff81d2                RX_Counter
                0x1fff81d3                RX_Rd_Index
                0x1fff81d4                first
 *fill*         0x1fff81d5        0x3 
 .bss           0x1fff81d8        0x4 .\CortexM3\ARM_GCC_541\Debug\removeoffsetnoise.o
 .bss           0x1fff81dc       0x14 .\CortexM3\ARM_GCC_541\Debug\LCD.a(ADC.o)
                0x1fff81e8                ADC_stopConversion
                0x1fff81e9                ADC_convDone
                0x1fff81ea                ADC_initVar
                0x1fff81eb                ADC_started
                0x1fff81ec                ADC_Offset
 .bss           0x1fff81f0        0x2 .\CortexM3\ARM_GCC_541\Debug\LCD.a(UART_1.o)
                0x1fff81f0                UART_1_initVar
 .bss           0x1fff81f2        0x1 .\CortexM3\ARM_GCC_541\Debug\LCD.a(Timer.o)
                0x1fff81f2                Timer_initVar
 .bss           0x1fff81f3        0x2 .\CortexM3\ARM_GCC_541\Debug\LCD.a(UART_2.o)
                0x1fff81f3                UART_2_initVar
 .bss           0x1fff81f5        0x1 .\CortexM3\ARM_GCC_541\Debug\LCD.a(ADC_SAR.o)
                0x1fff81f5                ADC_SAR_initVar
 .bss           0x1fff81f6        0x1 .\CortexM3\ARM_GCC_541\Debug\LCD.a(I2C.o)
                0x1fff81f6                I2C_initVar
 .bss           0x1fff81f7        0x1 .\CortexM3\ARM_GCC_541\Debug\LCD.a(Timer2.o)
                0x1fff81f7                Timer2_initVar
 .bss           0x1fff81f8        0x2 .\CortexM3\ARM_GCC_541\Debug\LCD.a(UART_3.o)
                0x1fff81f8                UART_3_initVar
 *fill*         0x1fff81fa        0x2 
 .bss           0x1fff81fc        0x8 .\CortexM3\ARM_GCC_541\Debug\LCD.a(CySpc.o)
                0x1fff81fc                SpcLockState
 .bss.__malloc_sbrk_start
                0x1fff8204        0x4 c:/program files/cypress/psoc creator/4.3/psoc creator/import/gnu/arm/5.4.1/bin/../lib/gcc/arm-none-eabi/5.4.1/../../../../arm-none-eabi/lib/armv7-m\libg_nano.a(lib_a-nano-mallocr.o)
                0x1fff8204                __malloc_sbrk_start
 .bss.__malloc_free_list
                0x1fff8208        0x4 c:/program files/cypress/psoc creator/4.3/psoc creator/import/gnu/arm/5.4.1/bin/../lib/gcc/arm-none-eabi/5.4.1/../../../../arm-none-eabi/lib/armv7-m\libg_nano.a(lib_a-nano-mallocr.o)
                0x1fff8208                __malloc_free_list
 *(COMMON)
 COMMON         0x1fff820c      0x660 .\CortexM3\ARM_GCC_541\Debug\main.o
                0x1fff820c                HorasActual
                0x1fff820e                Minutos
                0x1fff8210                Finalizo
                0x1fff8214                GananciaIn
                0x1fff8218                conteoPregunta
                0x1fff821a                mensaje
                0x1fff821c                Opcion2
                0x1fff8220                b
                0x1fff8224                pwm1
                0x1fff8225                Dato2
                0x1fff8226                pwm2
                0x1fff8228                flagButton2
                0x1fff822c                promedio
                0x1fff8394                Aumento
                0x1fff8398                Control
                0x1fff839a                n
                0x1fff839b                Dato_Exitoso
                0x1fff839c                MenuAnt
                0x1fff839e                EstadoPaso
                0x1fff83a0                Segmento
                0x1fff83a1                Dato3
                0x1fff83a2                Segmentos
                0x1fff83a4                Rx_Buffer3
                0x1fff83b0                flagBorrado
                0x1fff83b2                imprime
                0x1fff83b4                tiempoup
                0x1fff83b6                PantallaPrincipal
                0x1fff83b8                Temperature
                0x1fff83bc                Test
                0x1fff83be                flagup
                0x1fff83c0                output
                0x1fff83c4                hEstp
                0x1fff83c8                tcColdJnuVolt
                0x1fff83cc                ctr
                0x1fff83ce                Setpoint
                0x1fff83d0                Temperatura
                0x1fff83d4                dibujo
                0x1fff83d8                displayStr
                0x1fff843c                Lectura
                0x1fff843e                Derivativo
                0x1fff843f                Dato_Exitoso2
                0x1fff8440                TiempoControl
                0x1fff8442                entro
                0x1fff8444                tcHotJnuVolt
                0x1fff8448                tcTemp
                0x1fff844c                tiempos
                0x1fff844e                tiemporeset
                0x1fff8450                x100
                0x1fff8452                tiempos3
                0x1fff8454                tcuVolt
                0x1fff8458                valor
                0x1fff845c                DifPendiente
                0x1fff8460                l
                0x1fff8462                pulsoAumentar
                0x1fff8464                Prom
                0x1fff8468                estadoSSR
                0x1fff846a                flagTemperatura
                0x1fff846c                Inicio
                0x1fff8470                Potencia
                0x1fff8474                tinicio
                0x1fff8478                Pendiente
                0x1fff847c                tGrafica
                0x1fff8480                Ajusten
                0x1fff8481                CicloLibre
                0x1fff8482                MenuAntt2
                0x1fff8483                z
                0x1fff8484                tiempo_esterilizacion
                0x1fff8486                TiempoActual
                0x1fff8488                pulsoDisminuir
                0x1fff848a                Tc
                0x1fff848c                flagFinalizo
                0x1fff848e                i
                0x1fff8490                Rx_Buffer2
                0x1fff849c                flag_tiempocalentamiento
                0x1fff849e                Ajuste
                0x1fff84a0                PotenciaEntregada
                0x1fff84a4                TipoClave
                0x1fff84a8                filHotJnCount
                0x1fff84ac                TempeInicial
                0x1fff84b0                tiempocalentamiento
                0x1fff84b2                tPregunta
                0x1fff84b4                Tpulso
                0x1fff84b8                coldJnTemp
                0x1fff84ba                GuardaEEPROM
                0x1fff84bc                hEst
                0x1fff84be                flagButton1
                0x1fff84c0                MinutosActual
                0x1fff84c2                Inicio2
                0x1fff84c4                tiempoctrl
                0x1fff84c6                Opcion
                0x1fff84c8                PendienteActual
                0x1fff84cc                flagButton0
                0x1fff84ce                flag_calcula
                0x1fff84d0                Rx_Buffer
                0x1fff84dc                Tp
                0x1fff84de                y
                0x1fff84e0                TemperaturaIdeal
                0x1fff84e4                tiemporecta
                0x1fff84e6                result
                0x1fff84e8                flagdn
                0x1fff84ea                Menu2
                0x1fff84ec                tiempodn
                0x1fff84ee                MenuAntt
                0x1fff84f0                error
                0x1fff84f4                hotJnCount
                0x1fff84f8                i2cbuf
                0x1fff84fc                Tiempo
                0x1fff84fe                h
                0x1fff8500                x1
                0x1fff8502                conteo
                0x1fff8503                Integral
                0x1fff8504                offset
                0x1fff8508                Password
                0x1fff850c                x10
                0x1fff8510                penInicial
                0x1fff8514                flagButton3
                0x1fff8516                grafica
                0x1fff8518                Lectura2
                0x1fff851a                tiemposetpoint
                0x1fff851c                flag_setpoint
                0x1fff851e                MediaMovil
                0x1fff8520                V0
                0x1fff8524                Ganancia
                0x1fff8528                rampa
                0x1fff852a                Programa
                0x1fff852c                pendiente
                0x1fff8530                mEstp
                0x1fff8532                estadoBuzzer
                0x1fff8534                Programas
                0x1fff8854                Rx_Buffer4
                0x1fff8860                TiempoRampa
                0x1fff8862                mEst
                0x1fff8864                Horas
                0x1fff8866                Menu
                0x1fff8867                Tciclo
                0x1fff8868                estadoVentilador
                0x1fff886a                flagRampa
 COMMON         0x1fff886c       0x2a .\CortexM3\ARM_GCC_541\Debug\coldJnTemp.o
                0x1fff886c                promedio2
                0x1fff8894                l2
                0x1fff8895                h2
 *fill*         0x1fff8896        0x2 
 COMMON         0x1fff8898        0x4 .\CortexM3\ARM_GCC_541\Debug\LCD.a(ADC.o)
                0x1fff8898                ADC_CountsPerVolt
 COMMON         0x1fff889c        0xa .\CortexM3\ARM_GCC_541\Debug\LCD.a(ADC_SAR.o)
                0x1fff889c                ADC_SAR_countsPerVolt
                0x1fff889e                ADC_SAR_shift
                0x1fff88a0                ADC_SAR_countsPer10Volt
                0x1fff88a4                ADC_SAR_offset
 COMMON         0x1fff88a6        0x1 .\CortexM3\ARM_GCC_541\Debug\LCD.a(I2C.o)
                0x1fff88a6                I2C_state
 *fill*         0x1fff88a7        0x1 
 COMMON         0x1fff88a8       0x10 .\CortexM3\ARM_GCC_541\Debug\LCD.a(I2C_MASTER.o)
                0x1fff88a8                I2C_mstrWrBufIndex
                0x1fff88a9                I2C_mstrWrBufSize
                0x1fff88aa                I2C_mstrStatus
                0x1fff88ac                I2C_mstrRdBufPtr
                0x1fff88b0                I2C_mstrControl
                0x1fff88b1                I2C_mstrRdBufSize
                0x1fff88b2                I2C_mstrRdBufIndex
                0x1fff88b4                I2C_mstrWrBufPtr
 COMMON         0x1fff88b8        0x2 .\CortexM3\ARM_GCC_541\Debug\LCD.a(CyFlash.o)
                0x1fff88b8                dieTemperature
 *fill*         0x1fff88ba        0x2 
 COMMON         0x1fff88bc        0x4 c:/program files/cypress/psoc creator/4.3/psoc creator/import/gnu/arm/5.4.1/bin/../lib/gcc/arm-none-eabi/5.4.1/../../../../arm-none-eabi/lib/armv7-m\libg_nano.a(lib_a-reent.o)
                0x1fff88bc                errno
                0x1fff88c0                . = ALIGN (0x8)
 *(.ram.b)
                0x1fff88c0                _end = .
                0x1fff88c0                __end = .
                0x1fff88c0                PROVIDE (end, .)
                0x1fff88c0                PROVIDE (__bss_end__, .)
                0x0000a090                __cy_region_init_ram = LOADADDR (.data)
                0x000000e0                __cy_region_init_size_ram = (_edata - ADDR (.data))
                0x00000718                __cy_region_zero_size_ram = (_end - _edata)

.heap           0x1fff88c0      0x200 load address 0x0000a170
                0x1fff88c0                . = _end
                0x1fff8ac0                . = (. + 0x200)
 *fill*         0x1fff88c0      0x200 
                0x1fff8ac0                __cy_heap_limit = .

.stack          0x20007800      0x800
                0x20007800                __cy_stack_limit = .
                0x20008000                . = (. + 0x800)
 *fill*         0x20007800      0x800 
                0x00000001                ASSERT ((__cy_stack_limit >= __cy_heap_limit), region RAM overflowed with stack)
                0x00000000                cy_checksum_exclude_size = (CY_APPL_LOADABLE == 0x1)?SIZEOF (.cy_checksum_exclude):0x0
                0x00000001                ASSERT ((cy_checksum_exclude_size <= CY_CHECKSUM_EXCLUDE_SIZE), CY_BOOT: Section .cy_checksum_exclude size exceedes specified limit.)

.cyloadermeta
 *(.cyloadermeta)

.cyloadablemeta
 *(.cyloadablemeta)

.cyconfigecc    0x80000000     0x1068
 *(.cyconfigecc)
 .cyconfigecc   0x80000000     0x1068 .\CortexM3\ARM_GCC_541\Debug\cymetadata.o
                0x80000000                cy_meta_configecc

.cycustnvl      0x90000000        0x4
 *(.cycustnvl)
 .cycustnvl     0x90000000        0x4 .\CortexM3\ARM_GCC_541\Debug\cymetadata.o
                0x90000000                cy_meta_custnvl

.cywolatch      0x90100000        0x4
 *(.cywolatch)
 .cywolatch     0x90100000        0x4 .\CortexM3\ARM_GCC_541\Debug\cymetadata.o
                0x90100000                cy_meta_wonvl

.cyeeprom       0x90200000        0x0
 *(.cyeeprom)
                0x00000001                ASSERT ((. <= ((0x90200000 + ee_offset) + ee_size)), .cyeeprom data will not fit in EEPROM)

.cyflashprotect
                0x90400000      0x100
 *(.cyflashprotect)
 .cyflashprotect
                0x90400000      0x100 .\CortexM3\ARM_GCC_541\Debug\cymetadata.o
                0x90400000                cy_meta_flashprotect

.cymeta         0x90500000        0xc
 *(.cymeta)
 .cymeta        0x90500000        0xc .\CortexM3\ARM_GCC_541\Debug\cymetadata.o
                0x90500000                cy_metadata

.rel.dyn        0x0000a170        0x0 load address 0x9050000c
 .rel.iplt      0x0000a170        0x0 c:/program files/cypress/psoc creator/4.3/psoc creator/import/gnu/arm/5.4.1/bin/../lib/gcc/arm-none-eabi/5.4.1/armv7-m/crtbegin.o

.stab
 *(.stab)

.stabstr
 *(.stabstr)

.debug
 *(.debug)

.line
 *(.line)

.debug_srcinfo
 *(.debug_srcinfo)

.debug_sfnames
 *(.debug_sfnames)

.debug_aranges  0x00000000     0x13c8
 *(.debug_aranges)
 .debug_aranges
                0x00000000       0x98 .\CortexM3\ARM_GCC_541\Debug\main.o
 .debug_aranges
                0x00000098       0x50 .\CortexM3\ARM_GCC_541\Debug\coldJnTemp.o
 .debug_aranges
                0x000000e8       0x28 .\CortexM3\ARM_GCC_541\Debug\removeoffsetnoise.o
 .debug_aranges
                0x00000110       0x58 .\CortexM3\ARM_GCC_541\Debug\cyfitter_cfg.o
 .debug_aranges
                0x00000168       0x18 .\CortexM3\ARM_GCC_541\Debug\cymetadata.o
 .debug_aranges
                0x00000180       0x48 .\CortexM3\ARM_GCC_541\Debug\Cm3Start.o
 .debug_aranges
                0x000001c8      0x2a0 .\CortexM3\ARM_GCC_541\Debug\LCD.a(CyLib.o)
 .debug_aranges
                0x00000468       0x98 .\CortexM3\ARM_GCC_541\Debug\LCD.a(cyPm.o)
 .debug_aranges
                0x00000500       0xe8 .\CortexM3\ARM_GCC_541\Debug\LCD.a(ADC.o)
 .debug_aranges
                0x000005e8       0x38 .\CortexM3\ARM_GCC_541\Debug\LCD.a(ADC_INT.o)
 .debug_aranges
                0x00000620       0x70 .\CortexM3\ARM_GCC_541\Debug\LCD.a(ADC_Ext_CP_Clk.o)
 .debug_aranges
                0x00000690       0x80 .\CortexM3\ARM_GCC_541\Debug\LCD.a(ADC_theACLK.o)
 .debug_aranges
                0x00000710       0x38 .\CortexM3\ARM_GCC_541\Debug\LCD.a(LED.o)
 .debug_aranges
                0x00000748       0x80 .\CortexM3\ARM_GCC_541\Debug\LCD.a(Reloj.o)
 .debug_aranges
                0x000007c8       0x30 .\CortexM3\ARM_GCC_541\Debug\LCD.a(Thermocouple_1.o)
 .debug_aranges
                0x000007f8       0xf0 .\CortexM3\ARM_GCC_541\Debug\LCD.a(UART_1.o)
 .debug_aranges
                0x000008e8       0x70 .\CortexM3\ARM_GCC_541\Debug\LCD.a(UART_1_IntClock.o)
 .debug_aranges
                0x00000958       0x88 .\CortexM3\ARM_GCC_541\Debug\LCD.a(Timer.o)
 .debug_aranges
                0x000009e0       0xf0 .\CortexM3\ARM_GCC_541\Debug\LCD.a(UART_2.o)
 .debug_aranges
                0x00000ad0       0x80 .\CortexM3\ARM_GCC_541\Debug\LCD.a(RX2.o)
 .debug_aranges
                0x00000b50       0x70 .\CortexM3\ARM_GCC_541\Debug\LCD.a(UART_2_IntClock.o)
 .debug_aranges
                0x00000bc0       0x78 .\CortexM3\ARM_GCC_541\Debug\LCD.a(EEPROM.o)
 .debug_aranges
                0x00000c38       0x80 .\CortexM3\ARM_GCC_541\Debug\LCD.a(RX1.o)
 .debug_aranges
                0x00000cb8       0x38 .\CortexM3\ARM_GCC_541\Debug\LCD.a(SSR.o)
 .debug_aranges
                0x00000cf0       0x38 .\CortexM3\ARM_GCC_541\Debug\LCD.a(DOOR.o)
 .debug_aranges
                0x00000d28       0x38 .\CortexM3\ARM_GCC_541\Debug\LCD.a(LCD1.o)
 .debug_aranges
                0x00000d60       0x38 .\CortexM3\ARM_GCC_541\Debug\LCD.a(LCD2.o)
 .debug_aranges
                0x00000d98       0xa8 .\CortexM3\ARM_GCC_541\Debug\LCD.a(ADC_SAR.o)
 .debug_aranges
                0x00000e40       0x20 .\CortexM3\ARM_GCC_541\Debug\LCD.a(ADC_SAR_INT.o)
 .debug_aranges
                0x00000e60       0x80 .\CortexM3\ARM_GCC_541\Debug\LCD.a(ADC_SAR_IRQ.o)
 .debug_aranges
                0x00000ee0       0x80 .\CortexM3\ARM_GCC_541\Debug\LCD.a(ADC_SAR_theACLK.o)
 .debug_aranges
                0x00000f60       0x38 .\CortexM3\ARM_GCC_541\Debug\LCD.a(VENT1.o)
 .debug_aranges
                0x00000f98       0x38 .\CortexM3\ARM_GCC_541\Debug\LCD.a(I2C.o)
 .debug_aranges
                0x00000fd0       0x20 .\CortexM3\ARM_GCC_541\Debug\LCD.a(I2C_INT.o)
 .debug_aranges
                0x00000ff0       0x80 .\CortexM3\ARM_GCC_541\Debug\LCD.a(I2C_MASTER.o)
 .debug_aranges
                0x00001070       0x90 .\CortexM3\ARM_GCC_541\Debug\LCD.a(Timer2.o)
 .debug_aranges
                0x00001100       0x80 .\CortexM3\ARM_GCC_541\Debug\LCD.a(leeT.o)
 .debug_aranges
                0x00001180       0xa0 .\CortexM3\ARM_GCC_541\Debug\LCD.a(UART_3.o)
 .debug_aranges
                0x00001220       0x70 .\CortexM3\ARM_GCC_541\Debug\LCD.a(UART_3_IntClock.o)
 .debug_aranges
                0x00001290       0x20 .\CortexM3\ARM_GCC_541\Debug\LCD.a(CyBootAsmGnu.o)
 .debug_aranges
                0x000012b0       0x80 .\CortexM3\ARM_GCC_541\Debug\LCD.a(CyFlash.o)
 .debug_aranges
                0x00001330       0x78 .\CortexM3\ARM_GCC_541\Debug\LCD.a(CySpc.o)
 .debug_aranges
                0x000013a8       0x20 .\CortexM3\ARM_GCC_541\Debug\LCD.a(cyutils.o)

.debug_pubnames
 *(.debug_pubnames)

.debug_info     0x00000000     0xd00d
 *(.debug_info .gnu.linkonce.wi.*)
 .debug_info    0x00000000     0x32bc .\CortexM3\ARM_GCC_541\Debug\main.o
 .debug_info    0x000032bc      0x866 .\CortexM3\ARM_GCC_541\Debug\coldJnTemp.o
 .debug_info    0x00003b22      0x28e .\CortexM3\ARM_GCC_541\Debug\removeoffsetnoise.o
 .debug_info    0x00003db0      0x68c .\CortexM3\ARM_GCC_541\Debug\cyfitter_cfg.o
 .debug_info    0x0000443c      0x139 .\CortexM3\ARM_GCC_541\Debug\cymetadata.o
 .debug_info    0x00004575      0x3bb .\CortexM3\ARM_GCC_541\Debug\Cm3Start.o
 .debug_info    0x00004930     0x1374 .\CortexM3\ARM_GCC_541\Debug\LCD.a(CyLib.o)
 .debug_info    0x00005ca4      0xa2a .\CortexM3\ARM_GCC_541\Debug\LCD.a(cyPm.o)
 .debug_info    0x000066ce      0xb0f .\CortexM3\ARM_GCC_541\Debug\LCD.a(ADC.o)
 .debug_info    0x000071dd       0xd3 .\CortexM3\ARM_GCC_541\Debug\LCD.a(ADC_INT.o)
 .debug_info    0x000072b0      0x283 .\CortexM3\ARM_GCC_541\Debug\LCD.a(ADC_Ext_CP_Clk.o)
 .debug_info    0x00007533      0x2c4 .\CortexM3\ARM_GCC_541\Debug\LCD.a(ADC_theACLK.o)
 .debug_info    0x000077f7      0x11f .\CortexM3\ARM_GCC_541\Debug\LCD.a(LED.o)
 .debug_info    0x00007916      0x2d2 .\CortexM3\ARM_GCC_541\Debug\LCD.a(Reloj.o)
 .debug_info    0x00007be8      0x2d0 .\CortexM3\ARM_GCC_541\Debug\LCD.a(Thermocouple_1.o)
 .debug_info    0x00007eb8      0x60c .\CortexM3\ARM_GCC_541\Debug\LCD.a(UART_1.o)
 .debug_info    0x000084c4      0x283 .\CortexM3\ARM_GCC_541\Debug\LCD.a(UART_1_IntClock.o)
 .debug_info    0x00008747      0x295 .\CortexM3\ARM_GCC_541\Debug\LCD.a(Timer.o)
 .debug_info    0x000089dc      0x60c .\CortexM3\ARM_GCC_541\Debug\LCD.a(UART_2.o)
 .debug_info    0x00008fe8      0x2d2 .\CortexM3\ARM_GCC_541\Debug\LCD.a(RX2.o)
 .debug_info    0x000092ba      0x283 .\CortexM3\ARM_GCC_541\Debug\LCD.a(UART_2_IntClock.o)
 .debug_info    0x0000953d      0x630 .\CortexM3\ARM_GCC_541\Debug\LCD.a(EEPROM.o)
 .debug_info    0x00009b6d      0x2d2 .\CortexM3\ARM_GCC_541\Debug\LCD.a(RX1.o)
 .debug_info    0x00009e3f      0x11f .\CortexM3\ARM_GCC_541\Debug\LCD.a(SSR.o)
 .debug_info    0x00009f5e      0x11f .\CortexM3\ARM_GCC_541\Debug\LCD.a(DOOR.o)
 .debug_info    0x0000a07d      0x11f .\CortexM3\ARM_GCC_541\Debug\LCD.a(LCD1.o)
 .debug_info    0x0000a19c      0x11f .\CortexM3\ARM_GCC_541\Debug\LCD.a(LCD2.o)
 .debug_info    0x0000a2bb      0x5c0 .\CortexM3\ARM_GCC_541\Debug\LCD.a(ADC_SAR.o)
 .debug_info    0x0000a87b       0x92 .\CortexM3\ARM_GCC_541\Debug\LCD.a(ADC_SAR_INT.o)
 .debug_info    0x0000a90d      0x2d2 .\CortexM3\ARM_GCC_541\Debug\LCD.a(ADC_SAR_IRQ.o)
 .debug_info    0x0000abdf      0x2c4 .\CortexM3\ARM_GCC_541\Debug\LCD.a(ADC_SAR_theACLK.o)
 .debug_info    0x0000aea3      0x11f .\CortexM3\ARM_GCC_541\Debug\LCD.a(VENT1.o)
 .debug_info    0x0000afc2      0x1e0 .\CortexM3\ARM_GCC_541\Debug\LCD.a(I2C.o)
 .debug_info    0x0000b1a2      0x184 .\CortexM3\ARM_GCC_541\Debug\LCD.a(I2C_INT.o)
 .debug_info    0x0000b326      0x407 .\CortexM3\ARM_GCC_541\Debug\LCD.a(I2C_MASTER.o)
 .debug_info    0x0000b72d      0x332 .\CortexM3\ARM_GCC_541\Debug\LCD.a(Timer2.o)
 .debug_info    0x0000ba5f      0x2d2 .\CortexM3\ARM_GCC_541\Debug\LCD.a(leeT.o)
 .debug_info    0x0000bd31      0x45c .\CortexM3\ARM_GCC_541\Debug\LCD.a(UART_3.o)
 .debug_info    0x0000c18d      0x283 .\CortexM3\ARM_GCC_541\Debug\LCD.a(UART_3_IntClock.o)
 .debug_info    0x0000c410       0x6e .\CortexM3\ARM_GCC_541\Debug\LCD.a(CyBootAsmGnu.o)
 .debug_info    0x0000c47e      0x5b8 .\CortexM3\ARM_GCC_541\Debug\LCD.a(CyFlash.o)
 .debug_info    0x0000ca36      0x4e9 .\CortexM3\ARM_GCC_541\Debug\LCD.a(CySpc.o)
 .debug_info    0x0000cf1f       0xee .\CortexM3\ARM_GCC_541\Debug\LCD.a(cyutils.o)

.debug_abbrev   0x00000000     0x3320
 *(.debug_abbrev)
 .debug_abbrev  0x00000000      0x226 .\CortexM3\ARM_GCC_541\Debug\main.o
 .debug_abbrev  0x00000226      0x18d .\CortexM3\ARM_GCC_541\Debug\coldJnTemp.o
 .debug_abbrev  0x000003b3      0x131 .\CortexM3\ARM_GCC_541\Debug\removeoffsetnoise.o
 .debug_abbrev  0x000004e4      0x20d .\CortexM3\ARM_GCC_541\Debug\cyfitter_cfg.o
 .debug_abbrev  0x000006f1       0x77 .\CortexM3\ARM_GCC_541\Debug\cymetadata.o
 .debug_abbrev  0x00000768      0x1e8 .\CortexM3\ARM_GCC_541\Debug\Cm3Start.o
 .debug_abbrev  0x00000950      0x254 .\CortexM3\ARM_GCC_541\Debug\LCD.a(CyLib.o)
 .debug_abbrev  0x00000ba4      0x1ab .\CortexM3\ARM_GCC_541\Debug\LCD.a(cyPm.o)
 .debug_abbrev  0x00000d4f      0x1cd .\CortexM3\ARM_GCC_541\Debug\LCD.a(ADC.o)
 .debug_abbrev  0x00000f1c       0x42 .\CortexM3\ARM_GCC_541\Debug\LCD.a(ADC_INT.o)
 .debug_abbrev  0x00000f5e      0x139 .\CortexM3\ARM_GCC_541\Debug\LCD.a(ADC_Ext_CP_Clk.o)
 .debug_abbrev  0x00001097      0x121 .\CortexM3\ARM_GCC_541\Debug\LCD.a(ADC_theACLK.o)
 .debug_abbrev  0x000011b8       0x90 .\CortexM3\ARM_GCC_541\Debug\LCD.a(LED.o)
 .debug_abbrev  0x00001248      0x173 .\CortexM3\ARM_GCC_541\Debug\LCD.a(Reloj.o)
 .debug_abbrev  0x000013bb      0x15c .\CortexM3\ARM_GCC_541\Debug\LCD.a(Thermocouple_1.o)
 .debug_abbrev  0x00001517      0x175 .\CortexM3\ARM_GCC_541\Debug\LCD.a(UART_1.o)
 .debug_abbrev  0x0000168c      0x139 .\CortexM3\ARM_GCC_541\Debug\LCD.a(UART_1_IntClock.o)
 .debug_abbrev  0x000017c5      0x11a .\CortexM3\ARM_GCC_541\Debug\LCD.a(Timer.o)
 .debug_abbrev  0x000018df      0x175 .\CortexM3\ARM_GCC_541\Debug\LCD.a(UART_2.o)
 .debug_abbrev  0x00001a54      0x173 .\CortexM3\ARM_GCC_541\Debug\LCD.a(RX2.o)
 .debug_abbrev  0x00001bc7      0x139 .\CortexM3\ARM_GCC_541\Debug\LCD.a(UART_2_IntClock.o)
 .debug_abbrev  0x00001d00      0x14e .\CortexM3\ARM_GCC_541\Debug\LCD.a(EEPROM.o)
 .debug_abbrev  0x00001e4e      0x173 .\CortexM3\ARM_GCC_541\Debug\LCD.a(RX1.o)
 .debug_abbrev  0x00001fc1       0x90 .\CortexM3\ARM_GCC_541\Debug\LCD.a(SSR.o)
 .debug_abbrev  0x00002051       0x90 .\CortexM3\ARM_GCC_541\Debug\LCD.a(DOOR.o)
 .debug_abbrev  0x000020e1       0x90 .\CortexM3\ARM_GCC_541\Debug\LCD.a(LCD1.o)
 .debug_abbrev  0x00002171       0x90 .\CortexM3\ARM_GCC_541\Debug\LCD.a(LCD2.o)
 .debug_abbrev  0x00002201      0x1ac .\CortexM3\ARM_GCC_541\Debug\LCD.a(ADC_SAR.o)
 .debug_abbrev  0x000023ad       0x42 .\CortexM3\ARM_GCC_541\Debug\LCD.a(ADC_SAR_INT.o)
 .debug_abbrev  0x000023ef      0x173 .\CortexM3\ARM_GCC_541\Debug\LCD.a(ADC_SAR_IRQ.o)
 .debug_abbrev  0x00002562      0x121 .\CortexM3\ARM_GCC_541\Debug\LCD.a(ADC_SAR_theACLK.o)
 .debug_abbrev  0x00002683       0x90 .\CortexM3\ARM_GCC_541\Debug\LCD.a(VENT1.o)
 .debug_abbrev  0x00002713       0xe1 .\CortexM3\ARM_GCC_541\Debug\LCD.a(I2C.o)
 .debug_abbrev  0x000027f4       0xb6 .\CortexM3\ARM_GCC_541\Debug\LCD.a(I2C_INT.o)
 .debug_abbrev  0x000028aa      0x13c .\CortexM3\ARM_GCC_541\Debug\LCD.a(I2C_MASTER.o)
 .debug_abbrev  0x000029e6      0x14b .\CortexM3\ARM_GCC_541\Debug\LCD.a(Timer2.o)
 .debug_abbrev  0x00002b31      0x173 .\CortexM3\ARM_GCC_541\Debug\LCD.a(leeT.o)
 .debug_abbrev  0x00002ca4      0x175 .\CortexM3\ARM_GCC_541\Debug\LCD.a(UART_3.o)
 .debug_abbrev  0x00002e19      0x139 .\CortexM3\ARM_GCC_541\Debug\LCD.a(UART_3_IntClock.o)
 .debug_abbrev  0x00002f52       0x14 .\CortexM3\ARM_GCC_541\Debug\LCD.a(CyBootAsmGnu.o)
 .debug_abbrev  0x00002f66      0x198 .\CortexM3\ARM_GCC_541\Debug\LCD.a(CyFlash.o)
 .debug_abbrev  0x000030fe      0x194 .\CortexM3\ARM_GCC_541\Debug\LCD.a(CySpc.o)
 .debug_abbrev  0x00003292       0x8e .\CortexM3\ARM_GCC_541\Debug\LCD.a(cyutils.o)

.debug_line     0x00000000     0x5180
 *(.debug_line)
 .debug_line    0x00000000      0xc9d .\CortexM3\ARM_GCC_541\Debug\main.o
 .debug_line    0x00000c9d      0x291 .\CortexM3\ARM_GCC_541\Debug\coldJnTemp.o
 .debug_line    0x00000f2e      0x1a2 .\CortexM3\ARM_GCC_541\Debug\removeoffsetnoise.o
 .debug_line    0x000010d0      0x20c .\CortexM3\ARM_GCC_541\Debug\cyfitter_cfg.o
 .debug_line    0x000012dc      0x135 .\CortexM3\ARM_GCC_541\Debug\cymetadata.o
 .debug_line    0x00001411      0x228 .\CortexM3\ARM_GCC_541\Debug\Cm3Start.o
 .debug_line    0x00001639      0x816 .\CortexM3\ARM_GCC_541\Debug\LCD.a(CyLib.o)
 .debug_line    0x00001e4f      0x367 .\CortexM3\ARM_GCC_541\Debug\LCD.a(cyPm.o)
 .debug_line    0x000021b6      0x39a .\CortexM3\ARM_GCC_541\Debug\LCD.a(ADC.o)
 .debug_line    0x00002550       0x80 .\CortexM3\ARM_GCC_541\Debug\LCD.a(ADC_INT.o)
 .debug_line    0x000025d0      0x17d .\CortexM3\ARM_GCC_541\Debug\LCD.a(ADC_Ext_CP_Clk.o)
 .debug_line    0x0000274d      0x19d .\CortexM3\ARM_GCC_541\Debug\LCD.a(ADC_theACLK.o)
 .debug_line    0x000028ea       0x90 .\CortexM3\ARM_GCC_541\Debug\LCD.a(LED.o)
 .debug_line    0x0000297a      0x132 .\CortexM3\ARM_GCC_541\Debug\LCD.a(Reloj.o)
 .debug_line    0x00002aac      0x11e .\CortexM3\ARM_GCC_541\Debug\LCD.a(Thermocouple_1.o)
 .debug_line    0x00002bca      0x2c0 .\CortexM3\ARM_GCC_541\Debug\LCD.a(UART_1.o)
 .debug_line    0x00002e8a      0x17e .\CortexM3\ARM_GCC_541\Debug\LCD.a(UART_1_IntClock.o)
 .debug_line    0x00003008      0x153 .\CortexM3\ARM_GCC_541\Debug\LCD.a(Timer.o)
 .debug_line    0x0000315b      0x2c0 .\CortexM3\ARM_GCC_541\Debug\LCD.a(UART_2.o)
 .debug_line    0x0000341b      0x130 .\CortexM3\ARM_GCC_541\Debug\LCD.a(RX2.o)
 .debug_line    0x0000354b      0x17e .\CortexM3\ARM_GCC_541\Debug\LCD.a(UART_2_IntClock.o)
 .debug_line    0x000036c9      0x264 .\CortexM3\ARM_GCC_541\Debug\LCD.a(EEPROM.o)
 .debug_line    0x0000392d      0x130 .\CortexM3\ARM_GCC_541\Debug\LCD.a(RX1.o)
 .debug_line    0x00003a5d       0x90 .\CortexM3\ARM_GCC_541\Debug\LCD.a(SSR.o)
 .debug_line    0x00003aed       0x91 .\CortexM3\ARM_GCC_541\Debug\LCD.a(DOOR.o)
 .debug_line    0x00003b7e       0x91 .\CortexM3\ARM_GCC_541\Debug\LCD.a(LCD1.o)
 .debug_line    0x00003c0f       0x91 .\CortexM3\ARM_GCC_541\Debug\LCD.a(LCD2.o)
 .debug_line    0x00003ca0      0x21c .\CortexM3\ARM_GCC_541\Debug\LCD.a(ADC_SAR.o)
 .debug_line    0x00003ebc       0x54 .\CortexM3\ARM_GCC_541\Debug\LCD.a(ADC_SAR_INT.o)
 .debug_line    0x00003f10      0x138 .\CortexM3\ARM_GCC_541\Debug\LCD.a(ADC_SAR_IRQ.o)
 .debug_line    0x00004048      0x1a1 .\CortexM3\ARM_GCC_541\Debug\LCD.a(ADC_SAR_theACLK.o)
 .debug_line    0x000041e9       0x92 .\CortexM3\ARM_GCC_541\Debug\LCD.a(VENT1.o)
 .debug_line    0x0000427b       0xc9 .\CortexM3\ARM_GCC_541\Debug\LCD.a(I2C.o)
 .debug_line    0x00004344      0x116 .\CortexM3\ARM_GCC_541\Debug\LCD.a(I2C_INT.o)
 .debug_line    0x0000445a      0x227 .\CortexM3\ARM_GCC_541\Debug\LCD.a(I2C_MASTER.o)
 .debug_line    0x00004681      0x171 .\CortexM3\ARM_GCC_541\Debug\LCD.a(Timer2.o)
 .debug_line    0x000047f2      0x131 .\CortexM3\ARM_GCC_541\Debug\LCD.a(leeT.o)
 .debug_line    0x00004923      0x1f4 .\CortexM3\ARM_GCC_541\Debug\LCD.a(UART_3.o)
 .debug_line    0x00004b17      0x17e .\CortexM3\ARM_GCC_541\Debug\LCD.a(UART_3_IntClock.o)
 .debug_line    0x00004c95       0x66 .\CortexM3\ARM_GCC_541\Debug\LCD.a(CyBootAsmGnu.o)
 .debug_line    0x00004cfb      0x1e9 .\CortexM3\ARM_GCC_541\Debug\LCD.a(CyFlash.o)
 .debug_line    0x00004ee4      0x23c .\CortexM3\ARM_GCC_541\Debug\LCD.a(CySpc.o)
 .debug_line    0x00005120       0x60 .\CortexM3\ARM_GCC_541\Debug\LCD.a(cyutils.o)

.debug_frame    0x00000000     0x36cc
 *(.debug_frame)
 .debug_frame   0x00000000      0x1e8 .\CortexM3\ARM_GCC_541\Debug\main.o
 .debug_frame   0x000001e8       0xc0 .\CortexM3\ARM_GCC_541\Debug\coldJnTemp.o
 .debug_frame   0x000002a8       0x3c .\CortexM3\ARM_GCC_541\Debug\removeoffsetnoise.o
 .debug_frame   0x000002e4       0xfc .\CortexM3\ARM_GCC_541\Debug\cyfitter_cfg.o
 .debug_frame   0x000003e0       0xb8 .\CortexM3\ARM_GCC_541\Debug\Cm3Start.o
 .debug_frame   0x00000498      0x738 .\CortexM3\ARM_GCC_541\Debug\LCD.a(CyLib.o)
 .debug_frame   0x00000bd0      0x1f8 .\CortexM3\ARM_GCC_541\Debug\LCD.a(cyPm.o)
 .debug_frame   0x00000dc8      0x294 .\CortexM3\ARM_GCC_541\Debug\LCD.a(ADC.o)
 .debug_frame   0x0000105c       0x50 .\CortexM3\ARM_GCC_541\Debug\LCD.a(ADC_INT.o)
 .debug_frame   0x000010ac       0xe0 .\CortexM3\ARM_GCC_541\Debug\LCD.a(ADC_Ext_CP_Clk.o)
 .debug_frame   0x0000118c      0x100 .\CortexM3\ARM_GCC_541\Debug\LCD.a(ADC_theACLK.o)
 .debug_frame   0x0000128c       0x50 .\CortexM3\ARM_GCC_541\Debug\LCD.a(LED.o)
 .debug_frame   0x000012dc      0x104 .\CortexM3\ARM_GCC_541\Debug\LCD.a(Reloj.o)
 .debug_frame   0x000013e0       0x7c .\CortexM3\ARM_GCC_541\Debug\LCD.a(Thermocouple_1.o)
 .debug_frame   0x0000145c      0x250 .\CortexM3\ARM_GCC_541\Debug\LCD.a(UART_1.o)
 .debug_frame   0x000016ac       0xe0 .\CortexM3\ARM_GCC_541\Debug\LCD.a(UART_1_IntClock.o)
 .debug_frame   0x0000178c      0x108 .\CortexM3\ARM_GCC_541\Debug\LCD.a(Timer.o)
 .debug_frame   0x00001894      0x250 .\CortexM3\ARM_GCC_541\Debug\LCD.a(UART_2.o)
 .debug_frame   0x00001ae4      0x104 .\CortexM3\ARM_GCC_541\Debug\LCD.a(RX2.o)
 .debug_frame   0x00001be8       0xe0 .\CortexM3\ARM_GCC_541\Debug\LCD.a(UART_2_IntClock.o)
 .debug_frame   0x00001cc8      0x17c .\CortexM3\ARM_GCC_541\Debug\LCD.a(EEPROM.o)
 .debug_frame   0x00001e44      0x104 .\CortexM3\ARM_GCC_541\Debug\LCD.a(RX1.o)
 .debug_frame   0x00001f48       0x50 .\CortexM3\ARM_GCC_541\Debug\LCD.a(SSR.o)
 .debug_frame   0x00001f98       0x50 .\CortexM3\ARM_GCC_541\Debug\LCD.a(DOOR.o)
 .debug_frame   0x00001fe8       0x50 .\CortexM3\ARM_GCC_541\Debug\LCD.a(LCD1.o)
 .debug_frame   0x00002038       0x50 .\CortexM3\ARM_GCC_541\Debug\LCD.a(LCD2.o)
 .debug_frame   0x00002088      0x1b0 .\CortexM3\ARM_GCC_541\Debug\LCD.a(ADC_SAR.o)
 .debug_frame   0x00002238       0x20 .\CortexM3\ARM_GCC_541\Debug\LCD.a(ADC_SAR_INT.o)
 .debug_frame   0x00002258      0x104 .\CortexM3\ARM_GCC_541\Debug\LCD.a(ADC_SAR_IRQ.o)
 .debug_frame   0x0000235c      0x100 .\CortexM3\ARM_GCC_541\Debug\LCD.a(ADC_SAR_theACLK.o)
 .debug_frame   0x0000245c       0x50 .\CortexM3\ARM_GCC_541\Debug\LCD.a(VENT1.o)
 .debug_frame   0x000024ac       0x6c .\CortexM3\ARM_GCC_541\Debug\LCD.a(I2C.o)
 .debug_frame   0x00002518       0x30 .\CortexM3\ARM_GCC_541\Debug\LCD.a(I2C_INT.o)
 .debug_frame   0x00002548      0x138 .\CortexM3\ARM_GCC_541\Debug\LCD.a(I2C_MASTER.o)
 .debug_frame   0x00002680      0x13c .\CortexM3\ARM_GCC_541\Debug\LCD.a(Timer2.o)
 .debug_frame   0x000027bc      0x104 .\CortexM3\ARM_GCC_541\Debug\LCD.a(leeT.o)
 .debug_frame   0x000028c0      0x198 .\CortexM3\ARM_GCC_541\Debug\LCD.a(UART_3.o)
 .debug_frame   0x00002a58       0xe0 .\CortexM3\ARM_GCC_541\Debug\LCD.a(UART_3_IntClock.o)
 .debug_frame   0x00002b38      0x174 .\CortexM3\ARM_GCC_541\Debug\LCD.a(CyFlash.o)
 .debug_frame   0x00002cac      0x160 .\CortexM3\ARM_GCC_541\Debug\LCD.a(CySpc.o)
 .debug_frame   0x00002e0c       0x20 .\CortexM3\ARM_GCC_541\Debug\LCD.a(cyutils.o)